Archive member included because of file (symbol)

/opt/gcc-arm-none-eabi-4_9-2015q3/bin/../lib/gcc/arm-none-eabi/4.9.3/armv7-m/libgcc.a(_arm_addsubdf3.o)
                              build/obj/main.o (__aeabi_dadd)
/opt/gcc-arm-none-eabi-4_9-2015q3/bin/../lib/gcc/arm-none-eabi/4.9.3/armv7-m/libgcc.a(_arm_muldivdf3.o)
                              build/obj/main.o (__aeabi_dmul)
/opt/gcc-arm-none-eabi-4_9-2015q3/bin/../lib/gcc/arm-none-eabi/4.9.3/../../../../arm-none-eabi/lib/armv7-m/libc.a(lib_a-assert.o)
                              build/obj/atmel_adc.o (__assert_func)
/opt/gcc-arm-none-eabi-4_9-2015q3/bin/../lib/gcc/arm-none-eabi/4.9.3/../../../../arm-none-eabi/lib/armv7-m/libc.a(lib_a-fiprintf.o)
                              /opt/gcc-arm-none-eabi-4_9-2015q3/bin/../lib/gcc/arm-none-eabi/4.9.3/../../../../arm-none-eabi/lib/armv7-m/libc.a(lib_a-assert.o) (fiprintf)
/opt/gcc-arm-none-eabi-4_9-2015q3/bin/../lib/gcc/arm-none-eabi/4.9.3/../../../../arm-none-eabi/lib/armv7-m/libc.a(lib_a-impure.o)
                              /opt/gcc-arm-none-eabi-4_9-2015q3/bin/../lib/gcc/arm-none-eabi/4.9.3/../../../../arm-none-eabi/lib/armv7-m/libc.a(lib_a-assert.o) (_impure_ptr)
/opt/gcc-arm-none-eabi-4_9-2015q3/bin/../lib/gcc/arm-none-eabi/4.9.3/../../../../arm-none-eabi/lib/armv7-m/libc.a(lib_a-memset.o)
                              build/obj/syscalls.o (memset)
/opt/gcc-arm-none-eabi-4_9-2015q3/bin/../lib/gcc/arm-none-eabi/4.9.3/../../../../arm-none-eabi/lib/armv7-m/libc.a(lib_a-vfiprintf.o)
                              /opt/gcc-arm-none-eabi-4_9-2015q3/bin/../lib/gcc/arm-none-eabi/4.9.3/../../../../arm-none-eabi/lib/armv7-m/libc.a(lib_a-fiprintf.o) (_vfiprintf_r)
/opt/gcc-arm-none-eabi-4_9-2015q3/bin/../lib/gcc/arm-none-eabi/4.9.3/../../../../arm-none-eabi/lib/armv7-m/libc.a(lib_a-wsetup.o)
                              /opt/gcc-arm-none-eabi-4_9-2015q3/bin/../lib/gcc/arm-none-eabi/4.9.3/../../../../arm-none-eabi/lib/armv7-m/libc.a(lib_a-vfiprintf.o) (__swsetup_r)
/opt/gcc-arm-none-eabi-4_9-2015q3/bin/../lib/gcc/arm-none-eabi/4.9.3/../../../../arm-none-eabi/lib/armv7-m/libc.a(lib_a-abort.o)
                              /opt/gcc-arm-none-eabi-4_9-2015q3/bin/../lib/gcc/arm-none-eabi/4.9.3/../../../../arm-none-eabi/lib/armv7-m/libc.a(lib_a-assert.o) (abort)
/opt/gcc-arm-none-eabi-4_9-2015q3/bin/../lib/gcc/arm-none-eabi/4.9.3/../../../../arm-none-eabi/lib/armv7-m/libc.a(lib_a-fflush.o)
                              /opt/gcc-arm-none-eabi-4_9-2015q3/bin/../lib/gcc/arm-none-eabi/4.9.3/../../../../arm-none-eabi/lib/armv7-m/libc.a(lib_a-vfiprintf.o) (_fflush_r)
/opt/gcc-arm-none-eabi-4_9-2015q3/bin/../lib/gcc/arm-none-eabi/4.9.3/../../../../arm-none-eabi/lib/armv7-m/libc.a(lib_a-findfp.o)
                              /opt/gcc-arm-none-eabi-4_9-2015q3/bin/../lib/gcc/arm-none-eabi/4.9.3/../../../../arm-none-eabi/lib/armv7-m/libc.a(lib_a-vfiprintf.o) (__sinit)
/opt/gcc-arm-none-eabi-4_9-2015q3/bin/../lib/gcc/arm-none-eabi/4.9.3/../../../../arm-none-eabi/lib/armv7-m/libc.a(lib_a-fputwc.o)
                              /opt/gcc-arm-none-eabi-4_9-2015q3/bin/../lib/gcc/arm-none-eabi/4.9.3/../../../../arm-none-eabi/lib/armv7-m/libc.a(lib_a-vfiprintf.o) (_fputwc_r)
/opt/gcc-arm-none-eabi-4_9-2015q3/bin/../lib/gcc/arm-none-eabi/4.9.3/../../../../arm-none-eabi/lib/armv7-m/libc.a(lib_a-freer.o)
                              /opt/gcc-arm-none-eabi-4_9-2015q3/bin/../lib/gcc/arm-none-eabi/4.9.3/../../../../arm-none-eabi/lib/armv7-m/libc.a(lib_a-wsetup.o) (_free_r)
/opt/gcc-arm-none-eabi-4_9-2015q3/bin/../lib/gcc/arm-none-eabi/4.9.3/../../../../arm-none-eabi/lib/armv7-m/libc.a(lib_a-fvwrite.o)
                              /opt/gcc-arm-none-eabi-4_9-2015q3/bin/../lib/gcc/arm-none-eabi/4.9.3/../../../../arm-none-eabi/lib/armv7-m/libc.a(lib_a-vfiprintf.o) (__sfvwrite_r)
/opt/gcc-arm-none-eabi-4_9-2015q3/bin/../lib/gcc/arm-none-eabi/4.9.3/../../../../arm-none-eabi/lib/armv7-m/libc.a(lib_a-fwalk.o)
                              /opt/gcc-arm-none-eabi-4_9-2015q3/bin/../lib/gcc/arm-none-eabi/4.9.3/../../../../arm-none-eabi/lib/armv7-m/libc.a(lib_a-findfp.o) (_fwalk)
/opt/gcc-arm-none-eabi-4_9-2015q3/bin/../lib/gcc/arm-none-eabi/4.9.3/../../../../arm-none-eabi/lib/armv7-m/libc.a(lib_a-locale.o)
                              /opt/gcc-arm-none-eabi-4_9-2015q3/bin/../lib/gcc/arm-none-eabi/4.9.3/../../../../arm-none-eabi/lib/armv7-m/libc.a(lib_a-fputwc.o) (__locale_mb_cur_max)
/opt/gcc-arm-none-eabi-4_9-2015q3/bin/../lib/gcc/arm-none-eabi/4.9.3/../../../../arm-none-eabi/lib/armv7-m/libc.a(lib_a-makebuf.o)
                              /opt/gcc-arm-none-eabi-4_9-2015q3/bin/../lib/gcc/arm-none-eabi/4.9.3/../../../../arm-none-eabi/lib/armv7-m/libc.a(lib_a-wsetup.o) (__smakebuf_r)
/opt/gcc-arm-none-eabi-4_9-2015q3/bin/../lib/gcc/arm-none-eabi/4.9.3/../../../../arm-none-eabi/lib/armv7-m/libc.a(lib_a-mallocr.o)
[...]
Memory Configuration

Name             Origin             Length             Attributes
flash            0x00400000         0x00020000
ram              0x20000000         0x00008000
*default*        0x00000000         0xffffffff

Linker script and memory map

LOAD build/obj/crt0.o
LOAD build/obj/vectors.o
LOAD build/obj/chcore.o
LOAD build/obj/chcore_v7m.o
LOAD build/obj/nvic.o
LOAD build/obj/chsys.o
LOAD build/obj/chlists.o
LOAD build/obj/chvt.o
LOAD build/obj/chschd.o
LOAD build/obj/chthreads.o
LOAD build/obj/chdynamic.o
LOAD build/obj/chregistry.o
LOAD build/obj/chsem.o
LOAD build/obj/chmtx.o
LOAD build/obj/chcond.o
LOAD build/obj/chevents.o
LOAD build/obj/chmsg.o
LOAD build/obj/chmboxes.o
LOAD build/obj/chqueues.o
LOAD build/obj/chmemcore.o
LOAD build/obj/chheap.o
LOAD build/obj/chmempools.o
LOAD build/obj/test.o
LOAD build/obj/testthd.o
LOAD build/obj/testsem.o
LOAD build/obj/testmtx.o
LOAD build/obj/testmsg.o
LOAD build/obj/testmbox.o
LOAD build/obj/testevt.o
LOAD build/obj/testheap.o
LOAD build/obj/testpools.o
LOAD build/obj/testdyn.o
LOAD build/obj/testqueues.o
LOAD build/obj/testbmk.o
LOAD build/obj/hal.o
LOAD build/obj/pal.o
LOAD build/obj/serial.o
LOAD build/obj/hal_lld.o
LOAD build/obj/system_SAM3.o
LOAD build/obj/pal_lld.o
LOAD build/obj/serial_lld.o
LOAD build/obj/atmel_adc.o
LOAD build/obj/pio.o
LOAD build/obj/pmc.o
LOAD build/obj/board.o
LOAD build/obj/evtimer.o
LOAD build/obj/syscalls.o
LOAD build/obj/chprintf.o
LOAD build/obj/main.o
START GROUP
LOAD /opt/gcc-arm-none-eabi-4_9-2015q3/bin/../lib/gcc/arm-none-eabi/4.9.3/armv7-m/libgcc.a
LOAD /opt/gcc-arm-none-eabi-4_9-2015q3/bin/../lib/gcc/arm-none-eabi/4.9.3/../../../../arm-none-eabi/lib/armv7-m/libc.a
END GROUP
                0x00000400                __main_stack_size__ = 0x400
                0x00000400                __process_stack_size__ = 0x400
                0x00000800                __stacks_total_size__ = (__main_stack_size__ + __process_stack_size__)
                0x20000000                __ram_start__ = ORIGIN (ram)
                0x00008000                __ram_size__ = 0x8000
                0x20008000                __ram_end__ = (__ram_start__ + __ram_size__)
                0x00000000                . = 0x0
                0x00000000                _text = .

startup         0x00400000       0xd0
 *(vectors)
 vectors        0x00400000       0xd0 build/obj/vectors.o
                0x00400000                _vectors

constructors    0x004000d0        0x0
                0x004000d0                PROVIDE (__init_array_start, .)
 *(SORT(.init_array.*))
 *(.init_array)
                0x004000d0                PROVIDE (__init_array_end, .)

destructors     0x004000d0        0x0
                0x004000d0                PROVIDE (__fini_array_start, .)
 *(.fini_array)
 *(SORT(.fini_array.*))
                0x004000d0                PROVIDE (__fini_array_end, .)

.text           0x004000d0     0x5600
 *(.text.startup.*)
 .text.startup.main
                0x004000d0      0x118 build/obj/main.o
                0x004000d0                main
 *(.text)
 *fill*         0x004001e8        0x8 
 .text          0x004001f0      0x370 /opt/gcc-arm-none-eabi-4_9-2015q3/bin/../lib/gcc/arm-none-eabi/4.9.3/armv7-m/libgcc.a(_arm_addsubdf3.o)
                0x004001f0                __aeabi_drsub
                0x004001f8                __aeabi_dsub
                0x004001f8                __subdf3
                0x004001fc                __adddf3
                0x004001fc                __aeabi_dadd
                0x00400474                __aeabi_ui2d
                0x00400474                __floatunsidf
                0x00400494                __floatsidf
                0x00400494                __aeabi_i2d
                0x004004b8                __extendsfdf2
                0x004004b8                __aeabi_f2d
                0x004004f4                __aeabi_ul2d
                0x004004f4                __floatundidf
                0x00400504                __floatdidf
                0x00400504                __aeabi_l2d
 .text          0x00400560      0x424 /opt/gcc-arm-none-eabi-4_9-2015q3/bin/../lib/gcc/arm-none-eabi/4.9.3/armv7-m/libgcc.a(_arm_muldivdf3.o)
                0x00400560                __aeabi_dmul
                0x00400560                __muldf3
                0x004007b4                __aeabi_ddiv
                0x004007b4                __divdf3
 *fill*         0x00400984        0xc 
 .text          0x00400990       0xec /opt/gcc-arm-none-eabi-4_9-2015q3/bin/../lib/gcc/arm-none-eabi/4.9.3/../../../../arm-none-eabi/lib/armv7-m/libc.a(lib_a-memcpy.o)
                0x00400990                memcpy
 *fill*         0x00400a7c        0x4 
 .text          0x00400a80       0x30 /opt/gcc-arm-none-eabi-4_9-2015q3/bin/../lib/gcc/arm-none-eabi/4.9.3/armv7-m/libgcc.a(_aeabi_uldivmod.o)
                0x00400a80                __aeabi_uldivmod
 .text          0x00400ab0       0x60 /opt/gcc-arm-none-eabi-4_9-2015q3/bin/../lib/gcc/arm-none-eabi/4.9.3/armv7-m/libgcc.a(bpabi.o)
                0x00400ab0                __gnu_ldivmod_helper
                0x00400ae0                __gnu_uldivmod_helper
 .text          0x00400b10        0x4 /opt/gcc-arm-none-eabi-4_9-2015q3/bin/../lib/gcc/arm-none-eabi/4.9.3/armv7-m/libgcc.a(_dvmd_tls.o)
                0x00400b10                __aeabi_ldiv0
                0x00400b10                __aeabi_idiv0
 *fill*         0x00400b14        0xc 
 .text          0x00400b20      0x2ac /opt/gcc-arm-none-eabi-4_9-2015q3/bin/../lib/gcc/arm-none-eabi/4.9.3/armv7-m/libgcc.a(_divdi3.o)
                0x00400b20                __divdi3
 *fill*         0x00400dcc        0x4 
 .text          0x00400dd0      0x270 /opt/gcc-arm-none-eabi-4_9-2015q3/bin/../lib/gcc/arm-none-eabi/4.9.3/armv7-m/libgcc.a(_udivdi3.o)
                0x00400dd0                __udivdi3
 *(.text.*)
 .text.__late_init
                0x00401040        0x4 build/obj/crt0.o
                0x00401040                __late_init
 *fill*         0x00401044        0xc 
 .text._default_exit
                0x00401050        0x4 build/obj/crt0.o
                0x00401050                _default_exit
 *fill*         0x00401054        0xc 
 .text.ResetHandler
                0x00401060      0x108 build/obj/crt0.o
                0x00401060                ResetHandler
 *fill*         0x00401168        0x8 
 .text._unhandled_exception
                0x00401170        0x4 build/obj/vectors.o
                0x00401170                Vector58
                0x00401170                Vector9C
                0x00401170                VectorAC
                0x00401170                Vector5C
                0x00401170                NMIVector
                0x00401170                Vector8C
                0x00401170                VectorC8
                0x00401170                Vector94
                0x00401170                VectorA8
                0x00401170                VectorB4
                0x00401170                Vector74
                0x00401170                UsageFaultVector
                0x00401170                DebugMonitorVector
                0x00401170                Vector40
                0x00401170                VectorBC
                0x00401170                PendSVVector
                0x00401170                VectorCC
                0x00401170                Vector54
                0x00401170                Vector98
                0x00401170                Vector24
                0x00401170                Vector84
                0x00401170                BusFaultVector
                0x00401170                VectorC0
                0x00401170                HardFaultVector
                0x00401170                MemManageVector
                0x00401170                Vector6C
                0x00401170                VectorA0
                0x00401170                VectorC4
                0x00401170                Vector7C
                0x00401170                VectorB0
                0x00401170                Vector90
                0x00401170                Vector1C
                0x00401170                Vector48
                0x00401170                Vector70
                0x00401170                Vector4C
                0x00401170                Vector80
                0x00401170                Vector68
                0x00401170                Vector78
                0x00401170                _unhandled_exception
                0x00401170                Vector88
                0x00401170                Vector50
                0x00401170                Vector44
                0x00401170                Vector28
                0x00401170                VectorB8
                0x00401170                Vector34
                0x00401170                VectorA4
                0x00401170                Vector20
 *fill*         0x00401174        0xc 
 .text._port_switch_from_isr
                0x00401180        0x8 build/obj/chcore_v7m.o
                0x00401180                _port_switch_from_isr
 *fill*         0x00401188        0x8 
 .text.SVCallVector
                0x00401190       0x14 build/obj/chcore_v7m.o
                0x00401190                SVCallVector
 *fill*         0x004011a4        0xc 
 .text._port_init
                0x004011b0       0x34 build/obj/chcore_v7m.o
                0x004011b0                _port_init
 *fill*         0x004011e4        0xc 
 .text._port_irq_epilogue
                0x004011f0       0x74 build/obj/chcore_v7m.o
                0x004011f0                _port_irq_epilogue
 *fill*         0x00401264        0xc 
 .text.SysTickVector
                0x00401270       0x1c build/obj/chcore_v7m.o
                0x00401270                SysTickVector
 *fill*         0x0040128c        0x4 
 .text._port_switch
                0x00401290       0x10 build/obj/chcore_v7m.o
                0x00401290                _port_switch
 .text._port_thread_start
                0x004012a0       0x10 build/obj/chcore_v7m.o
                0x004012a0                _port_thread_start
 .text.nvicEnableVector
                0x004012b0       0x48 build/obj/nvic.o
                0x004012b0                nvicEnableVector
 *fill*         0x004012f8        0x8 
 .text.nvicSetSystemHandlerPriority
                0x00401300       0x2c build/obj/nvic.o
                0x00401300                nvicSetSystemHandlerPriority
 *fill*         0x0040132c        0x4 
 .text._idle_thread
                0x00401330       0x14 build/obj/chsys.o
                0x00401330                _idle_thread
 *fill*         0x00401344        0xc 
 .text.chSysInit
                0x00401350       0x5c build/obj/chsys.o
                0x00401350                chSysInit
 *fill*         0x004013ac        0x4 
 .text.chSysTimerHandlerI
                0x004013b0       0x50 build/obj/chsys.o
                0x004013b0                chSysTimerHandlerI
 .text._vt_init
                0x00401400       0x18 build/obj/chvt.o
                0x00401400                _vt_init
 *fill*         0x00401418        0x8 
 .text.chVTSetI
                0x00401420       0x3c build/obj/chvt.o
                0x00401420                chVTSetI
 *fill*         0x0040145c        0x4 
 .text.chVTResetI
                0x00401460       0x24 build/obj/chvt.o
                0x00401460                chVTResetI
 *fill*         0x00401484        0xc 
 .text.wakeup   0x00401490       0x58 build/obj/chschd.o
 *fill*         0x004014e8        0x8 
 .text._scheduler_init
                0x004014f0       0x18 build/obj/chschd.o
                0x004014f0                _scheduler_init
 *fill*         0x00401508        0x8 
 .text.chSchReadyI
                0x00401510       0x2c build/obj/chschd.o
                0x00401510                chSchReadyI
 *fill*         0x0040153c        0x4 
 .text.chSchGoSleepS
                0x00401540       0x28 build/obj/chschd.o
                0x00401540                chSchGoSleepS
 *fill*         0x00401568        0x8 
 .text.chSchGoSleepTimeoutS
                0x00401570       0x44 build/obj/chschd.o
                0x00401570                chSchGoSleepTimeoutS
 *fill*         0x004015b4        0xc 
 .text.chSchWakeupS
                0x004015c0       0x5c build/obj/chschd.o
                0x004015c0                chSchWakeupS
 *fill*         0x0040161c        0x4 
 .text.chSchDoReschedule
                0x00401620       0x48 build/obj/chschd.o
                0x00401620                chSchDoReschedule
 *fill*         0x00401668        0x8 
 .text._thread_init
                0x00401670       0x44 build/obj/chthreads.o
                0x00401670                _thread_init
 *fill*         0x004016b4        0xc 
 .text.chThdCreateStatic
                0x004016c0       0x80 build/obj/chthreads.o
                0x004016c0                chThdCreateStatic
 .text.chThdSleep
                0x00401740       0x18 build/obj/chthreads.o
                0x00401740                chThdSleep
 *fill*         0x00401758        0x8 
 .text.chThdExitS
                0x00401760       0x40 build/obj/chthreads.o
                0x00401760                chThdExitS
 .text.chThdExit
                0x004017a0        0xc build/obj/chthreads.o
                0x004017a0                chThdExit
 *fill*         0x004017ac        0x4 
 .text.chMtxInit
                0x004017b0        0xc build/obj/chmtx.o
                0x004017b0                chMtxInit
 *fill*         0x004017bc        0x4 
 .text.chEvtSignalFlagsI
                0x004017c0       0x30 build/obj/chevents.o
                0x004017c0                chEvtSignalFlagsI
 .text.chEvtBroadcastFlagsI
                0x004017f0       0x20 build/obj/chevents.o
                0x004017f0                chEvtBroadcastFlagsI
 .text.qwait    0x00401810       0x2c build/obj/chqueues.o
 *fill*         0x0040183c        0x4 
 .text.chIQInit
                0x00401840       0x1c build/obj/chqueues.o
                0x00401840                chIQInit
 *fill*         0x0040185c        0x4 
 .text.chIQPutI
                0x00401860       0x4c build/obj/chqueues.o
                0x00401860                chIQPutI
 *fill*         0x004018ac        0x4 
 .text.chIQGetTimeout
                0x004018b0       0x50 build/obj/chqueues.o
                0x004018b0                chIQGetTimeout
 .text.chIQReadTimeout
                0x00401900       0x70 build/obj/chqueues.o
                0x00401900                chIQReadTimeout
 .text.chOQInit
                0x00401970       0x1c build/obj/chqueues.o
                0x00401970                chOQInit
 *fill*         0x0040198c        0x4 
 .text.chOQPutTimeout
                0x00401990       0x54 build/obj/chqueues.o
                0x00401990                chOQPutTimeout
 *fill*         0x004019e4        0xc 
 .text.chOQGetI
                0x004019f0       0x48 build/obj/chqueues.o
                0x004019f0                chOQGetI
 *fill*         0x00401a38        0x8 
 .text.chOQWriteTimeout
                0x00401a40       0x80 build/obj/chqueues.o
                0x00401a40                chOQWriteTimeout
 .text._core_init
                0x00401ac0       0x28 build/obj/chmemcore.o
                0x00401ac0                _core_init
 *fill*         0x00401ae8        0x8 
 .text.chCoreAlloc
                0x00401af0       0x38 build/obj/chmemcore.o
                0x00401af0                chCoreAlloc
 *fill*         0x00401b28        0x8 
 .text._heap_init
                0x00401b30       0x1c build/obj/chheap.o
                0x00401b30                _heap_init
 *fill*         0x00401b4c        0x4 
 .text.halInit  0x00401b50       0x1c build/obj/hal.o
                0x00401b50                halInit
 *fill*         0x00401b6c        0x4 
 .text.putwouldblock
                0x00401b70        0xc build/obj/serial.o
 *fill*         0x00401b7c        0x4 
 .text.getwouldblock
                0x00401b80        0xc build/obj/serial.o
 *fill*         0x00401b8c        0x4 
 .text.getflags
                0x00401b90       0x18 build/obj/serial.o
 *fill*         0x00401ba8        0x8 
 .text.readt    0x00401bb0        0x8 build/obj/serial.o
 *fill*         0x00401bb8        0x8 
 .text.reads    0x00401bc0        0xc build/obj/serial.o
 *fill*         0x00401bcc        0x4 
 .text.writet   0x00401bd0        0x8 build/obj/serial.o
 *fill*         0x00401bd8        0x8 
 .text.writes   0x00401be0        0xc build/obj/serial.o
 *fill*         0x00401bec        0x4 
 .text.gett     0x00401bf0        0x8 build/obj/serial.o
 *fill*         0x00401bf8        0x8 
 .text.putt     0x00401c00        0x8 build/obj/serial.o
 *fill*         0x00401c08        0x8 
 .text.sdInit   0x00401c10        0x4 build/obj/serial.o
                0x00401c10                sdInit
 *fill*         0x00401c14        0xc 
 .text.sdObjectInit
                0x00401c20       0x40 build/obj/serial.o
                0x00401c20                sdObjectInit
 .text.sdStart  0x00401c60       0x1c build/obj/serial.o
                0x00401c60                sdStart
 *fill*         0x00401c7c        0x4 
 .text.sdIncomingDataI
                0x00401c80       0x4c build/obj/serial.o
                0x00401c80                sdIncomingDataI
 *fill*         0x00401ccc        0x4 
 .text.hal_lld_init
                0x00401cd0       0x38 build/obj/hal_lld.o
                0x00401cd0                hal_lld_init
 *fill*         0x00401d08        0x8 
 .text.at91sam3_clock_init
                0x00401d10        0x4 build/obj/hal_lld.o
                0x00401d10                at91sam3_clock_init
 *fill*         0x00401d14        0xc 
 .text.SystemCoreClockUpdate
                0x00401d20       0xf4 build/obj/system_SAM3.o
                0x00401d20                SystemCoreClockUpdate
 *fill*         0x00401e14        0xc 
 .text.SystemInit
                0x00401e20       0x94 build/obj/system_SAM3.o
                0x00401e20                SystemInit
 *fill*         0x00401eb4        0xc 
 .text._pal_lld_init
                0x00401ec0       0xb8 build/obj/pal_lld.o
                0x00401ec0                _pal_lld_init
 *fill*         0x00401f78        0x8 
 .text._pal_lld_setgroupmode
                0x00401f80       0x34 build/obj/pal_lld.o
                0x00401f80                _pal_lld_setgroupmode
 *fill*         0x00401fb4        0xc 
 .text.notify1  0x00401fc0        0xc build/obj/serial_lld.o
 *fill*         0x00401fcc        0x4 
 .text.notify2  0x00401fd0        0xc build/obj/serial_lld.o
 *fill*         0x00401fdc        0x4 
 .text.serve_interrupt
                0x00401fe0       0xa4 build/obj/serial_lld.o
 *fill*         0x00402084        0xc 
 .text.Vector60
                0x00402090       0x14 build/obj/serial_lld.o
                0x00402090                Vector60
 *fill*         0x004020a4        0xc 
 .text.Vector64
                0x004020b0       0x14 build/obj/serial_lld.o
                0x004020b0                Vector64
 *fill*         0x004020c4        0xc 
 .text.sd_lld_init
                0x004020d0       0x58 build/obj/serial_lld.o
                0x004020d0                sd_lld_init
 *fill*         0x00402128        0x8 
 .text.sd_lld_start
                0x00402130       0xa4 build/obj/serial_lld.o
                0x00402130                sd_lld_start
 *fill*         0x004021d4        0xc 
 .text.calcul_startup
                0x004021e0       0x8c build/obj/atmel_adc.o
 *fill*         0x0040226c        0x4 
 .text.ADC_Initialize
                0x00402270       0x30 build/obj/atmel_adc.o
                0x00402270                ADC_Initialize
 .text.ADC_cfgFrequency
                0x004022a0       0x14 build/obj/atmel_adc.o
                0x004022a0                ADC_cfgFrequency
 *fill*         0x004022b4        0xc 
 .text.ADC_check
                0x004022c0       0xf8 build/obj/atmel_adc.o
                0x004022c0                ADC_check
 *fill*         0x004023b8        0x8 
 .text.PIO_Configure
                0x004023c0      0x154 build/obj/pio.o
                0x004023c0                PIO_Configure
 *fill*         0x00402514        0xc 
 .text.PMC_EnablePeripheral
                0x00402520       0x50 build/obj/pmc.o
                0x00402520                PMC_EnablePeripheral
 .text.PmcMasterClockSelection
                0x00402570       0x90 build/obj/pmc.o
                0x00402570                PmcMasterClockSelection
 .text.ConfigurePck
                0x00402600       0x2c build/obj/pmc.o
                0x00402600                ConfigurePck
 *fill*         0x0040262c        0x4 
 .text.PmcConfigurePllClock
                0x00402630       0x60 build/obj/pmc.o
                0x00402630                PmcConfigurePllClock
 .text.__early_init
                0x00402690       0x10 build/obj/board.o
                0x00402690                __early_init
 .text.boardInit
                0x004026a0       0x5c build/obj/board.o
                0x004026a0                boardInit
 *fill*         0x004026fc        0x4 
 .text._read_r  0x00402700        0xc build/obj/syscalls.o
                0x00402700                _read_r
 *fill*         0x0040270c        0x4 
 .text._lseek_r
                0x00402710        0x4 build/obj/syscalls.o
                0x00402710                _lseek_r
 *fill*         0x00402714        0xc 
 .text._write_r
                0x00402720        0x4 build/obj/syscalls.o
                0x00402720                _write_r
 *fill*         0x00402724        0xc 
 .text._close_r
                0x00402730        0x4 build/obj/syscalls.o
                0x00402730                _close_r
 *fill*         0x00402734        0xc 
 .text._sbrk_r  0x00402740       0x18 build/obj/syscalls.o
                0x00402740                _sbrk_r
 *fill*         0x00402758        0x8 
 .text._fstat_r
                0x00402760       0x18 build/obj/syscalls.o
                0x00402760                _fstat_r
 *fill*         0x00402778        0x8 
 .text._isatty_r
                0x00402780        0x4 build/obj/syscalls.o
                0x00402780                _isatty_r
 *fill*         0x00402784        0xc 
 .text._getpid  0x00402790        0x4 build/obj/syscalls.o
                0x00402790                _getpid
 *fill*         0x00402794        0xc 
 .text._exit    0x004027a0        0x4 build/obj/syscalls.o
                0x004027a0                _exit
 *fill*         0x004027a4        0xc 
 .text._kill    0x004027b0        0x8 build/obj/syscalls.o
                0x004027b0                _kill
 *fill*         0x004027b8        0x8 
 .text.ltoa     0x004027c0       0x40 build/obj/chprintf.o
 .text.chprintf
                0x00402800      0x378 build/obj/chprintf.o
                0x00402800                chprintf
 *fill*         0x00402b78        0x8 
 .text.Thread1  0x00402b80       0x20 build/obj/main.o
 .text.convolve
                0x00402ba0       0xa8 build/obj/main.o
                0x00402ba0                convolve
 *fill*         0x00402c48        0x8 
 .text.__assert_func
                0x00402c50       0x3c /opt/gcc-arm-none-eabi-4_9-2015q3/bin/../lib/gcc/arm-none-eabi/4.9.3/../../../../arm-none-eabi/lib/armv7-m/libc.a(lib_a-assert.o)
                0x00402c50                __assert_func
 *fill*         0x00402c8c        0x4 
 .text.fiprintf
                0x00402c90       0x28 /opt/gcc-arm-none-eabi-4_9-2015q3/bin/../lib/gcc/arm-none-eabi/4.9.3/../../../../arm-none-eabi/lib/armv7-m/libc.a(lib_a-fiprintf.o)
                0x00402c90                fiprintf
 *fill*         0x00402cb8        0x8 
 .text.memset   0x00402cc0       0x9c /opt/gcc-arm-none-eabi-4_9-2015q3/bin/../lib/gcc/arm-none-eabi/4.9.3/../../../../arm-none-eabi/lib/armv7-m/libc.a(lib_a-memset.o)
                0x00402cc0                memset
 *fill*         0x00402d5c        0x4 
 .text.__sprint_r.part.0
                0x00402d60       0x78 /opt/gcc-arm-none-eabi-4_9-2015q3/bin/../lib/gcc/arm-none-eabi/4.9.3/../../../../arm-none-eabi/lib/armv7-m/libc.a(lib_a-vfiprintf.o)
 *fill*         0x00402dd8        0x8 
 .text._vfiprintf_r
                0x00402de0      0xc10 /opt/gcc-arm-none-eabi-4_9-2015q3/bin/../lib/gcc/arm-none-eabi/4.9.3/../../../../arm-none-eabi/lib/armv7-m/libc.a(lib_a-vfiprintf.o)
                0x00402de0                _vfiprintf_r
 .text.__sbprintf
                0x004039f0       0x7c /opt/gcc-arm-none-eabi-4_9-2015q3/bin/../lib/gcc/arm-none-eabi/4.9.3/../../../../arm-none-eabi/lib/armv7-m/libc.a(lib_a-vfiprintf.o)
 *fill*         0x00403a6c        0x4 
 .text.__swsetup_r
                0x00403a70       0xc4 /opt/gcc-arm-none-eabi-4_9-2015q3/bin/../lib/gcc/arm-none-eabi/4.9.3/../../../../arm-none-eabi/lib/armv7-m/libc.a(lib_a-wsetup.o)
                0x00403a70                __swsetup_r
 *fill*         0x00403b34        0xc 
 .text.abort    0x00403b40       0x10 /opt/gcc-arm-none-eabi-4_9-2015q3/bin/../lib/gcc/arm-none-eabi/4.9.3/../../../../arm-none-eabi/lib/armv7-m/libc.a(lib_a-abort.o)
                0x00403b40                abort
 .text.__sflush_r
                0x00403b50      0x148 /opt/gcc-arm-none-eabi-4_9-2015q3/bin/../lib/gcc/arm-none-eabi/4.9.3/../../../../arm-none-eabi/lib/armv7-m/libc.a(lib_a-fflush.o)
                0x00403b50                __sflush_r
 *fill*         0x00403c98        0x8 
 .text._fflush_r
                0x00403ca0       0x2c /opt/gcc-arm-none-eabi-4_9-2015q3/bin/../lib/gcc/arm-none-eabi/4.9.3/../../../../arm-none-eabi/lib/armv7-m/libc.a(lib_a-fflush.o)
                0x00403ca0                _fflush_r
 *fill*         0x00403ccc        0x4 
 .text._cleanup_r
                0x00403cd0        0xc /opt/gcc-arm-none-eabi-4_9-2015q3/bin/../lib/gcc/arm-none-eabi/4.9.3/../../../../arm-none-eabi/lib/armv7-m/libc.a(lib_a-findfp.o)
                0x00403cd0                _cleanup_r
 *fill*         0x00403cdc        0x4 
 .text.__sinit.part.1
                0x00403ce0       0xf0 /opt/gcc-arm-none-eabi-4_9-2015q3/bin/../lib/gcc/arm-none-eabi/4.9.3/../../../../arm-none-eabi/lib/armv7-m/libc.a(lib_a-findfp.o)
 .text.__sinit  0x00403dd0        0xc /opt/gcc-arm-none-eabi-4_9-2015q3/bin/../lib/gcc/arm-none-eabi/4.9.3/../../../../arm-none-eabi/lib/armv7-m/libc.a(lib_a-findfp.o)
                0x00403dd0                __sinit
 *fill*         0x00403ddc        0x4 
 .text.__sfp_lock_acquire
                0x00403de0        0x4 /opt/gcc-arm-none-eabi-4_9-2015q3/bin/../lib/gcc/arm-none-eabi/4.9.3/../../../../arm-none-eabi/lib/armv7-m/libc.a(lib_a-findfp.o)
                0x00403de0                __sfp_lock_acquire
 *fill*         0x00403de4        0xc 
 .text.__sfp_lock_release
                0x00403df0        0x4 /opt/gcc-arm-none-eabi-4_9-2015q3/bin/../lib/gcc/arm-none-eabi/4.9.3/../../../../arm-none-eabi/lib/armv7-m/libc.a(lib_a-findfp.o)
                0x00403df0                __sfp_lock_release
 *fill*         0x00403df4        0xc 
 .text.__fputwc
                0x00403e00       0xb0 /opt/gcc-arm-none-eabi-4_9-2015q3/bin/../lib/gcc/arm-none-eabi/4.9.3/../../../../arm-none-eabi/lib/armv7-m/libc.a(lib_a-fputwc.o)
                0x00403e00                __fputwc
 .text._fputwc_r
                0x00403eb0       0x24 /opt/gcc-arm-none-eabi-4_9-2015q3/bin/../lib/gcc/arm-none-eabi/4.9.3/../../../../arm-none-eabi/lib/armv7-m/libc.a(lib_a-fputwc.o)
                0x00403eb0                _fputwc_r
 *fill*         0x00403ed4        0xc 
 .text._malloc_trim_r
                0x00403ee0       0x9c /opt/gcc-arm-none-eabi-4_9-2015q3/bin/../lib/gcc/arm-none-eabi/4.9.3/../../../../arm-none-eabi/lib/armv7-m/libc.a(lib_a-freer.o)
                0x00403ee0                _malloc_trim_r
 *fill*         0x00403f7c        0x4 
 .text._free_r  0x00403f80      0x1b0 /opt/gcc-arm-none-eabi-4_9-2015q3/bin/../lib/gcc/arm-none-eabi/4.9.3/../../../../arm-none-eabi/lib/armv7-m/libc.a(lib_a-freer.o)
                0x00403f80                _free_r
 .text.__sfvwrite_r
                0x00404130      0x320 /opt/gcc-arm-none-eabi-4_9-2015q3/bin/../lib/gcc/arm-none-eabi/4.9.3/../../../../arm-none-eabi/lib/armv7-m/libc.a(lib_a-fvwrite.o)
                0x00404130                __sfvwrite_r
 .text._fwalk_reent
                0x00404450       0x50 /opt/gcc-arm-none-eabi-4_9-2015q3/bin/../lib/gcc/arm-none-eabi/4.9.3/../../../../arm-none-eabi/lib/armv7-m/libc.a(lib_a-fwalk.o)
                0x00404450                _fwalk_reent
 .text.__locale_charset
                0x004044a0        0x8 /opt/gcc-arm-none-eabi-4_9-2015q3/bin/../lib/gcc/arm-none-eabi/4.9.3/../../../../arm-none-eabi/lib/armv7-m/libc.a(lib_a-locale.o)
                0x004044a0                __locale_charset
 *fill*         0x004044a8        0x8 
 .text.__locale_mb_cur_max
                0x004044b0        0xc /opt/gcc-arm-none-eabi-4_9-2015q3/bin/../lib/gcc/arm-none-eabi/4.9.3/../../../../arm-none-eabi/lib/armv7-m/libc.a(lib_a-locale.o)
                0x004044b0                __locale_mb_cur_max
 *fill*         0x004044bc        0x4 
 .text.__smakebuf_r
                0x004044c0       0xe0 /opt/gcc-arm-none-eabi-4_9-2015q3/bin/../lib/gcc/arm-none-eabi/4.9.3/../../../../arm-none-eabi/lib/armv7-m/libc.a(lib_a-makebuf.o)
                0x004044c0                __smakebuf_r
 .text._malloc_r
                0x004045a0      0x50c /opt/gcc-arm-none-eabi-4_9-2015q3/bin/../lib/gcc/arm-none-eabi/4.9.3/../../../../arm-none-eabi/lib/armv7-m/libc.a(lib_a-mallocr.o)
                0x004045a0                _malloc_r
 *fill*         0x00404aac        0x4 
 .text.memchr   0x00404ab0       0x94 /opt/gcc-arm-none-eabi-4_9-2015q3/bin/../lib/gcc/arm-none-eabi/4.9.3/../../../../arm-none-eabi/lib/armv7-m/libc.a(lib_a-memchr.o)
                0x00404ab0                memchr
 *fill*         0x00404b44        0xc 
 .text.memmove  0x00404b50       0xc8 /opt/gcc-arm-none-eabi-4_9-2015q3/bin/../lib/gcc/arm-none-eabi/4.9.3/../../../../arm-none-eabi/lib/armv7-m/libc.a(lib_a-memmove.o)
                0x00404b50                memmove
 *fill*         0x00404c18        0x8 
 .text.__malloc_lock
                0x00404c20        0x4 /opt/gcc-arm-none-eabi-4_9-2015q3/bin/../lib/gcc/arm-none-eabi/4.9.3/../../../../arm-none-eabi/lib/armv7-m/libc.a(lib_a-mlock.o)
                0x00404c20                __malloc_lock
 *fill*         0x00404c24        0xc 
 .text.__malloc_unlock
                0x00404c30        0x4 /opt/gcc-arm-none-eabi-4_9-2015q3/bin/../lib/gcc/arm-none-eabi/4.9.3/../../../../arm-none-eabi/lib/armv7-m/libc.a(lib_a-mlock.o)
                0x00404c30                __malloc_unlock
 *fill*         0x00404c34        0xc 
 .text._realloc_r
                0x00404c40      0x3e0 /opt/gcc-arm-none-eabi-4_9-2015q3/bin/../lib/gcc/arm-none-eabi/4.9.3/../../../../arm-none-eabi/lib/armv7-m/libc.a(lib_a-reallocr.o)
                0x00404c40                _realloc_r
 .text._raise_r
                0x00405020       0x58 /opt/gcc-arm-none-eabi-4_9-2015q3/bin/../lib/gcc/arm-none-eabi/4.9.3/../../../../arm-none-eabi/lib/armv7-m/libc.a(lib_a-signal.o)
                0x00405020                _raise_r
 *fill*         0x00405078        0x8 
 .text.raise    0x00405080       0x10 /opt/gcc-arm-none-eabi-4_9-2015q3/bin/../lib/gcc/arm-none-eabi/4.9.3/../../../../arm-none-eabi/lib/armv7-m/libc.a(lib_a-signal.o)
                0x00405080                raise
 .text._kill_r  0x00405090       0x28 /opt/gcc-arm-none-eabi-4_9-2015q3/bin/../lib/gcc/arm-none-eabi/4.9.3/../../../../arm-none-eabi/lib/armv7-m/libc.a(lib_a-signalr.o)
                0x00405090                _kill_r
 *fill*         0x004050b8        0x8 
 .text._getpid_r
                0x004050c0        0x4 /opt/gcc-arm-none-eabi-4_9-2015q3/bin/../lib/gcc/arm-none-eabi/4.9.3/../../../../arm-none-eabi/lib/armv7-m/libc.a(lib_a-signalr.o)
                0x004050c0                _getpid_r
 *fill*         0x004050c4        0xc 
 .text.__sread  0x004050d0       0x24 /opt/gcc-arm-none-eabi-4_9-2015q3/bin/../lib/gcc/arm-none-eabi/4.9.3/../../../../arm-none-eabi/lib/armv7-m/libc.a(lib_a-stdio.o)
                0x004050d0                __sread
 *fill*         0x004050f4        0xc 
 .text.__swrite
                0x00405100       0x38 /opt/gcc-arm-none-eabi-4_9-2015q3/bin/../lib/gcc/arm-none-eabi/4.9.3/../../../../arm-none-eabi/lib/armv7-m/libc.a(lib_a-stdio.o)
                0x00405100                __swrite
 *fill*         0x00405138        0x8 
 .text.__sseek  0x00405140       0x20 /opt/gcc-arm-none-eabi-4_9-2015q3/bin/../lib/gcc/arm-none-eabi/4.9.3/../../../../arm-none-eabi/lib/armv7-m/libc.a(lib_a-stdio.o)
                0x00405140                __sseek
 .text.__sclose
                0x00405160        0x8 /opt/gcc-arm-none-eabi-4_9-2015q3/bin/../lib/gcc/arm-none-eabi/4.9.3/../../../../arm-none-eabi/lib/armv7-m/libc.a(lib_a-stdio.o)
                0x00405160                __sclose
 *fill*         0x00405168        0x8 
 .text.strlen   0x00405170       0x5c /opt/gcc-arm-none-eabi-4_9-2015q3/bin/../lib/gcc/arm-none-eabi/4.9.3/../../../../arm-none-eabi/lib/armv7-m/libc.a(lib_a-strlen.o)
                0x00405170                strlen
 *fill*         0x004051cc        0x4 
 .text.__swbuf_r
                0x004051d0       0xa8 /opt/gcc-arm-none-eabi-4_9-2015q3/bin/../lib/gcc/arm-none-eabi/4.9.3/../../../../arm-none-eabi/lib/armv7-m/libc.a(lib_a-wbuf.o)
                0x004051d0                __swbuf_r
 *fill*         0x00405278        0x8 
 .text._wcrtomb_r
                0x00405280       0x54 /opt/gcc-arm-none-eabi-4_9-2015q3/bin/../lib/gcc/arm-none-eabi/4.9.3/../../../../arm-none-eabi/lib/armv7-m/libc.a(lib_a-wcrtomb.o)
                0x00405280                _wcrtomb_r
 *fill*         0x004052d4        0xc 
 .text.__ascii_wctomb
                0x004052e0       0x1c /opt/gcc-arm-none-eabi-4_9-2015q3/bin/../lib/gcc/arm-none-eabi/4.9.3/../../../../arm-none-eabi/lib/armv7-m/libc.a(lib_a-wctomb_r.o)
                0x004052e0                __ascii_wctomb
 *fill*         0x004052fc        0x4 
 .text._fclose_r
                0x00405300       0x84 /opt/gcc-arm-none-eabi-4_9-2015q3/bin/../lib/gcc/arm-none-eabi/4.9.3/../../../../arm-none-eabi/lib/armv7-m/libc.a(lib_a-fclose.o)
                0x00405300                _fclose_r
 *(.rodata)
 *(.rodata.*)
 *fill*         0x00405384        0xc 
 .rodata.str1.4
                0x00405390        0xd build/obj/chsys.o
 *fill*         0x0040539d        0x3 
 .rodata.vmt    0x004053a0       0x24 build/obj/serial.o
 *fill*         0x004053c4        0xc 
 .rodata.default_config
                0x004053d0        0x8 build/obj/serial_lld.o
 *fill*         0x004053d8        0x8 
 .rodata.str1.4
                0x004053e0      0x160 build/obj/atmel_adc.o
 .rodata.__func__.4792
                0x00405540       0x15 build/obj/pmc.o
 *fill*         0x00405555        0xb 
 .rodata.str1.4
                0x00405560       0x6e build/obj/pmc.o
 *fill*         0x004055ce        0x2 
 .rodata.pal_default_config
                0x004055d0       0x24 build/obj/board.o
                0x004055d0                pal_default_config
 *fill*         0x004055f4        0xc 
 .rodata.str1.4
                0x00405600        0x7 build/obj/chprintf.o
 *fill*         0x00405607        0x9 
 .rodata.pinPCK
                0x00405610        0xc build/obj/main.o
                0x00405610                pinPCK
 *fill*         0x0040561c        0x4 
 .rodata.str1.4
                0x00405620        0x6 build/obj/main.o
 *fill*         0x00405626        0xa 
 .rodata.str1.4
                0x00405630       0x3f /opt/gcc-arm-none-eabi-4_9-2015q3/bin/../lib/gcc/arm-none-eabi/4.9.3/../../../../arm-none-eabi/lib/armv7-m/libc.a(lib_a-assert.o)
                                 0x43 (size before relaxing)
 *fill*         0x0040566f        0x1 
 .rodata.str1.4
                0x00405670        0x2 /opt/gcc-arm-none-eabi-4_9-2015q3/bin/../lib/gcc/arm-none-eabi/4.9.3/../../../../arm-none-eabi/lib/armv7-m/libc.a(lib_a-impure.o)
 *fill*         0x00405672        0xe 
 .rodata.zeroes.6869
                0x00405680       0x10 /opt/gcc-arm-none-eabi-4_9-2015q3/bin/../lib/gcc/arm-none-eabi/4.9.3/../../../../arm-none-eabi/lib/armv7-m/libc.a(lib_a-vfiprintf.o)
 .rodata.str1.4
                0x00405690       0x28 /opt/gcc-arm-none-eabi-4_9-2015q3/bin/../lib/gcc/arm-none-eabi/4.9.3/../../../../arm-none-eabi/lib/armv7-m/libc.a(lib_a-vfiprintf.o)
                                 0x2f (size before relaxing)
 *fill*         0x004056b8        0x8 
 .rodata.blanks.6868
                0x004056c0       0x10 /opt/gcc-arm-none-eabi-4_9-2015q3/bin/../lib/gcc/arm-none-eabi/4.9.3/../../../../arm-none-eabi/lib/armv7-m/libc.a(lib_a-vfiprintf.o)
 *(.glue_7t)
 .glue_7t       0x00000000        0x0 linker stubs
 *(.glue_7)
 .glue_7        0x00000000        0x0 linker stubs
 *(.gcc*)

.vfp11_veneer   0x004056d0        0x0
 .vfp11_veneer  0x00000000        0x0 linker stubs

.v4_bx          0x004056d0        0x0
 .v4_bx         0x00000000        0x0 linker stubs

.iplt           0x004056d0        0x0
 .iplt          0x00000000        0x0 build/obj/crt0.o

.ARM.extab
 *(.ARM.extab* .gnu.linkonce.armextab.*)

.ARM.exidx      0x004056d0        0x8
                0x004056d0                PROVIDE (__exidx_start, .)
 *(.ARM.exidx* .gnu.linkonce.armexidx.*)
 .ARM.exidx     0x004056d0        0x8 /opt/gcc-arm-none-eabi-4_9-2015q3/bin/../lib/gcc/arm-none-eabi/4.9.3/armv7-m/libgcc.a(_divdi3.o)
 .ARM.exidx     0x004056d8        0x0 /opt/gcc-arm-none-eabi-4_9-2015q3/bin/../lib/gcc/arm-none-eabi/4.9.3/armv7-m/libgcc.a(_udivdi3.o)
                                  0x8 (size before relaxing)
                0x004056d8                PROVIDE (__exidx_end, .)

.rel.dyn        0x004056d8        0x0
 .rel.iplt      0x00000000        0x0 build/obj/crt0.o

.eh_frame_hdr
 *(.eh_frame_hdr)

.eh_frame
 *(.eh_frame)

.textalign      0x004056d8        0x0
                0x004056d8                . = ALIGN (0x8)
                0x004056d8                _etext = .
                0x004056d8                _textdata = _etext

.stacks         0x20000000      0x800
                0x20000000                . = ALIGN (0x8)
                0x20000000                __main_stack_base__ = .
                0x20000400                . = (. + __main_stack_size__)
 *fill*         0x20000000      0x400 
                0x20000400                . = ALIGN (0x8)
                0x20000400                __main_stack_end__ = .
                0x20000400                __process_stack_base__ = .
                0x20000400                __main_thread_stack_base__ = .
                0x20000800                . = (. + __process_stack_size__)
 *fill*         0x20000400      0x400 
                0x20000800                . = ALIGN (0x8)
                0x20000800                __process_stack_end__ = .
                0x20000800                __main_thread_stack_end__ = .

.data           0x20000800      0x8c4 load address 0x004056d8
                0x20000800                . = ALIGN (0x4)
                0x20000800                PROVIDE (_data, .)
 *(.data)
                0x20000800                . = ALIGN (0x4)
 *(.data.*)
 .data.SystemCoreClock
                0x20000800        0x4 build/obj/system_SAM3.o
                0x20000800                SystemCoreClock
 *fill*         0x20000804        0x4 
 .data.h        0x20000808       0x58 build/obj/main.o
                0x20000808                h
 .data.impure_data
                0x20000860      0x428 /opt/gcc-arm-none-eabi-4_9-2015q3/bin/../lib/gcc/arm-none-eabi/4.9.3/../../../../arm-none-eabi/lib/armv7-m/libc.a(lib_a-impure.o)
 .data._impure_ptr
                0x20000c88        0x4 /opt/gcc-arm-none-eabi-4_9-2015q3/bin/../lib/gcc/arm-none-eabi/4.9.3/../../../../arm-none-eabi/lib/armv7-m/libc.a(lib_a-impure.o)
                0x20000c88                _impure_ptr
 .data.lc_ctype_charset
                0x20000c8c       0x20 /opt/gcc-arm-none-eabi-4_9-2015q3/bin/../lib/gcc/arm-none-eabi/4.9.3/../../../../arm-none-eabi/lib/armv7-m/libc.a(lib_a-locale.o)
 .data.__mb_cur_max
                0x20000cac        0x4 /opt/gcc-arm-none-eabi-4_9-2015q3/bin/../lib/gcc/arm-none-eabi/4.9.3/../../../../arm-none-eabi/lib/armv7-m/libc.a(lib_a-locale.o)
                0x20000cac                __mb_cur_max
 .data.__malloc_av_
                0x20000cb0      0x408 /opt/gcc-arm-none-eabi-4_9-2015q3/bin/../lib/gcc/arm-none-eabi/4.9.3/../../../../arm-none-eabi/lib/armv7-m/libc.a(lib_a-mallocr.o)
                0x20000cb0                __malloc_av_
 .data.__malloc_trim_threshold
                0x200010b8        0x4 /opt/gcc-arm-none-eabi-4_9-2015q3/bin/../lib/gcc/arm-none-eabi/4.9.3/../../../../arm-none-eabi/lib/armv7-m/libc.a(lib_a-mallocr.o)
                0x200010b8                __malloc_trim_threshold
 .data.__malloc_sbrk_base
                0x200010bc        0x4 /opt/gcc-arm-none-eabi-4_9-2015q3/bin/../lib/gcc/arm-none-eabi/4.9.3/../../../../arm-none-eabi/lib/armv7-m/libc.a(lib_a-mallocr.o)
                0x200010bc                __malloc_sbrk_base
 .data.__wctomb
                0x200010c0        0x4 /opt/gcc-arm-none-eabi-4_9-2015q3/bin/../lib/gcc/arm-none-eabi/4.9.3/../../../../arm-none-eabi/lib/armv7-m/libc.a(lib_a-wctomb_r.o)
                0x200010c0                __wctomb
                0x200010c4                . = ALIGN (0x4)
 *(.ramtext)
                0x200010c4                . = ALIGN (0x4)
                0x200010c4                PROVIDE (_edata, .)

.igot.plt       0x200010c4        0x0 load address 0x00405f9c
 .igot.plt      0x00000000        0x0 build/obj/crt0.o

.bss            0x200010c8      0x3b0 load address 0x00405f9c
                0x200010c8                . = ALIGN (0x4)
                0x200010c8                PROVIDE (_bss_start, .)
 *(.bss)
                0x200010c8                . = ALIGN (0x4)
 *(.bss.*)
 .bss.mainthread.4837
                0x200010c8       0x48 build/obj/chsys.o
 .bss._idle_thread_wa
                0x20001110       0xc0 build/obj/chsys.o
                0x20001110                _idle_thread_wa
 .bss.vtlist    0x200011d0       0x10 build/obj/chvt.o
                0x200011d0                vtlist
 .bss.rlist     0x200011e0       0x20 build/obj/chschd.o
                0x200011e0                rlist
 .bss.endmem    0x20001200        0x4 build/obj/chmemcore.o
 .bss.nextmem   0x20001204        0x4 build/obj/chmemcore.o
 .bss.default_heap
                0x20001208       0x20 build/obj/chheap.o
 .bss.SD1       0x20001228       0x74 build/obj/serial_lld.o
                0x20001228                SD1
 .bss.SD2       0x2000129c       0x74 build/obj/serial_lld.o
                0x2000129c                SD2
 .bss.waThread1
                0x20001310      0x130 build/obj/main.o
 .bss.__malloc_max_total_mem
                0x20001440        0x4 /opt/gcc-arm-none-eabi-4_9-2015q3/bin/../lib/gcc/arm-none-eabi/4.9.3/../../../../arm-none-eabi/lib/armv7-m/libc.a(lib_a-mallocr.o)
                0x20001440                __malloc_max_total_mem
 .bss.__malloc_max_sbrked_mem
                0x20001444        0x4 /opt/gcc-arm-none-eabi-4_9-2015q3/bin/../lib/gcc/arm-none-eabi/4.9.3/../../../../arm-none-eabi/lib/armv7-m/libc.a(lib_a-mallocr.o)
                0x20001444                __malloc_max_sbrked_mem
 .bss.__malloc_top_pad
                0x20001448        0x4 /opt/gcc-arm-none-eabi-4_9-2015q3/bin/../lib/gcc/arm-none-eabi/4.9.3/../../../../arm-none-eabi/lib/armv7-m/libc.a(lib_a-mallocr.o)
                0x20001448                __malloc_top_pad
 .bss.__malloc_current_mallinfo
                0x2000144c       0x28 /opt/gcc-arm-none-eabi-4_9-2015q3/bin/../lib/gcc/arm-none-eabi/4.9.3/../../../../arm-none-eabi/lib/armv7-m/libc.a(lib_a-mallocr.o)
                0x2000144c                __malloc_current_mallinfo
                0x20001474                . = ALIGN (0x4)
 *(COMMON)
 COMMON         0x20001474        0x4 /opt/gcc-arm-none-eabi-4_9-2015q3/bin/../lib/gcc/arm-none-eabi/4.9.3/../../../../arm-none-eabi/lib/armv7-m/libc.a(lib_a-reent.o)
                0x20001474                errno
                0x20001478                . = ALIGN (0x4)
                0x20001478                PROVIDE (_bss_end, .)
                0x20001478                PROVIDE (end, .)
                0x20001478                _end = .
                0x20001478                __heap_base__ = _end
                0x20008000                __heap_end__ = __ram_end__
OUTPUT(build/adc.elf elf32-littlearm)

.debug_info     0x00000000     0xdeec
 .debug_info    0x00000000      0x2ee build/obj/crt0.o
 .debug_info    0x000002ee       0xaf build/obj/vectors.o
 .debug_info    0x0000039d      0x811 build/obj/chcore_v7m.o
 .debug_info    0x00000bae      0x3fb build/obj/nvic.o
 .debug_info    0x00000fa9      0x6bb build/obj/chsys.o
 .debug_info    0x00001664      0x25e build/obj/chvt.o
 .debug_info    0x000018c2      0x8cf build/obj/chschd.o
 .debug_info    0x00002191      0xbdd build/obj/chthreads.o
 .debug_info    0x00002d6e      0x9e8 build/obj/chmtx.o
 .debug_info    0x00003756      0xcc4 build/obj/chevents.o
 .debug_info    0x0000441a      0xbaf build/obj/chqueues.o
 .debug_info    0x00004fc9      0x214 build/obj/chmemcore.o
 .debug_info    0x000051dd      0x6d7 build/obj/chheap.o
 .debug_info    0x000058b4      0x184 build/obj/hal.o
 .debug_info    0x00005a38     0x10e5 build/obj/serial.o
 .debug_info    0x00006b1d      0x173 build/obj/hal_lld.o
 .debug_info    0x00006c90      0x42a build/obj/system_SAM3.o
 .debug_info    0x000070ba      0x888 build/obj/pal_lld.o
 .debug_info    0x00007942     0x1590 build/obj/serial_lld.o
 .debug_info    0x00008ed2     0x1330 build/obj/atmel_adc.o
 .debug_info    0x0000a202      0x9e5 build/obj/pio.o
 .debug_info    0x0000abe7      0x5a4 build/obj/pmc.o
 .debug_info    0x0000b18b      0x731 build/obj/board.o
 .debug_info    0x0000b8bc      0xc89 build/obj/syscalls.o
 .debug_info    0x0000c545      0x49d build/obj/chprintf.o
 .debug_info    0x0000c9e2     0x150a build/obj/main.o

.debug_abbrev   0x00000000     0x33c3
 .debug_abbrev  0x00000000      0x138 build/obj/crt0.o
 .debug_abbrev  0x00000138       0x73 build/obj/vectors.o
 .debug_abbrev  0x000001ab      0x23d build/obj/chcore_v7m.o
 .debug_abbrev  0x000003e8      0x10c build/obj/nvic.o
 .debug_abbrev  0x000004f4      0x20f build/obj/chsys.o
 .debug_abbrev  0x00000703      0x131 build/obj/chvt.o
 .debug_abbrev  0x00000834      0x30f build/obj/chschd.o
 .debug_abbrev  0x00000b43      0x333 build/obj/chthreads.o
 .debug_abbrev  0x00000e76      0x301 build/obj/chmtx.o
 .debug_abbrev  0x00001177      0x2c0 build/obj/chevents.o
 .debug_abbrev  0x00001437      0x333 build/obj/chqueues.o
 .debug_abbrev  0x0000176a      0x159 build/obj/chmemcore.o
 .debug_abbrev  0x000018c3      0x1e5 build/obj/chheap.o
 .debug_abbrev  0x00001aa8      0x108 build/obj/hal.o
 .debug_abbrev  0x00001bb0      0x2be build/obj/serial.o
 .debug_abbrev  0x00001e6e      0x112 build/obj/hal_lld.o
 .debug_abbrev  0x00001f80       0xe1 build/obj/system_SAM3.o
 .debug_abbrev  0x00002061      0x119 build/obj/pal_lld.o
 .debug_abbrev  0x0000217a      0x3c0 build/obj/serial_lld.o
 .debug_abbrev  0x0000253a      0x30d build/obj/atmel_adc.o
 .debug_abbrev  0x00002847      0x1f2 build/obj/pio.o
 .debug_abbrev  0x00002a39      0x15c build/obj/pmc.o
 .debug_abbrev  0x00002b95      0x168 build/obj/board.o
 .debug_abbrev  0x00002cfd      0x238 build/obj/syscalls.o
 .debug_abbrev  0x00002f35      0x192 build/obj/chprintf.o
 .debug_abbrev  0x000030c7      0x2fc build/obj/main.o

.debug_loc      0x00000000     0x3aef
 .debug_loc     0x00000000       0xba build/obj/crt0.o
 .debug_loc     0x000000ba       0x5a build/obj/chcore_v7m.o
 .debug_loc     0x00000114      0x158 build/obj/nvic.o
 .debug_loc     0x0000026c       0x31 build/obj/chsys.o
 .debug_loc     0x0000029d       0xd9 build/obj/chvt.o
 .debug_loc     0x00000376      0x2a4 build/obj/chschd.o
 .debug_loc     0x0000061a      0x423 build/obj/chthreads.o
 .debug_loc     0x00000a3d      0x41a build/obj/chmtx.o
 .debug_loc     0x00000e57      0x591 build/obj/chevents.o
 .debug_loc     0x000013e8      0x4f5 build/obj/chqueues.o
 .debug_loc     0x000018dd       0xb0 build/obj/chmemcore.o
 .debug_loc     0x0000198d      0x3a1 build/obj/chheap.o
 .debug_loc     0x00001d2e      0x4e0 build/obj/serial.o
 .debug_loc     0x0000220e       0x42 build/obj/pal_lld.o
 .debug_loc     0x00002250      0x299 build/obj/serial_lld.o
 .debug_loc     0x000024e9      0x5ac build/obj/atmel_adc.o
 .debug_loc     0x00002a95      0x39a build/obj/pio.o
 .debug_loc     0x00002e2f      0x269 build/obj/pmc.o
 .debug_loc     0x00003098      0x1a4 build/obj/syscalls.o
 .debug_loc     0x0000323c      0x6f7 build/obj/chprintf.o
 .debug_loc     0x00003933      0x1bc build/obj/main.o

.debug_aranges  0x00000000      0x790
 .debug_aranges
                0x00000000       0x38 build/obj/crt0.o
 .debug_aranges
                0x00000038       0x20 build/obj/vectors.o
 .debug_aranges
                0x00000058       0x50 build/obj/chcore_v7m.o
 .debug_aranges
                0x000000a8       0x30 build/obj/nvic.o
 .debug_aranges
                0x000000d8       0x30 build/obj/chsys.o
 .debug_aranges
                0x00000108       0x38 build/obj/chvt.o
 .debug_aranges
                0x00000140       0x58 build/obj/chschd.o
 .debug_aranges
                0x00000198       0x78 build/obj/chthreads.o
 .debug_aranges
                0x00000210       0x58 build/obj/chmtx.o
 .debug_aranges
                0x00000268       0x90 build/obj/chevents.o
 .debug_aranges
                0x000002f8       0x70 build/obj/chqueues.o
 .debug_aranges
                0x00000368       0x38 build/obj/chmemcore.o
 .debug_aranges
                0x000003a0       0x40 build/obj/chheap.o
 .debug_aranges
                0x000003e0       0x20 build/obj/hal.o
 .debug_aranges
                0x00000400       0x90 build/obj/serial.o
 .debug_aranges
                0x00000490       0x28 build/obj/hal_lld.o
 .debug_aranges
                0x000004b8       0x28 build/obj/system_SAM3.o
 .debug_aranges
                0x000004e0       0x28 build/obj/pal_lld.o
 .debug_aranges
                0x00000508       0x58 build/obj/serial_lld.o
 .debug_aranges
                0x00000560       0xa0 build/obj/atmel_adc.o
 .debug_aranges
                0x00000600       0x48 build/obj/pio.o
 .debug_aranges
                0x00000648       0x60 build/obj/pmc.o
 .debug_aranges
                0x000006a8       0x28 build/obj/board.o
 .debug_aranges
                0x000006d0       0x68 build/obj/syscalls.o
 .debug_aranges
                0x00000738       0x28 build/obj/chprintf.o
 .debug_aranges
                0x00000760       0x30 build/obj/main.o

.debug_ranges   0x00000000      0xb00
 .debug_ranges  0x00000000       0x58 build/obj/crt0.o
 .debug_ranges  0x00000058       0x10 build/obj/vectors.o
 .debug_ranges  0x00000068       0x58 build/obj/chcore_v7m.o
 .debug_ranges  0x000000c0       0x20 build/obj/nvic.o
 .debug_ranges  0x000000e0       0x38 build/obj/chsys.o
 .debug_ranges  0x00000118       0x28 build/obj/chvt.o
 .debug_ranges  0x00000140      0x110 build/obj/chschd.o
 .debug_ranges  0x00000250      0x130 build/obj/chthreads.o
 .debug_ranges  0x00000380      0x1a0 build/obj/chmtx.o
 .debug_ranges  0x00000520       0xe0 build/obj/chevents.o
 .debug_ranges  0x00000600       0xc0 build/obj/chqueues.o
 .debug_ranges  0x000006c0       0x28 build/obj/chmemcore.o
 .debug_ranges  0x000006e8       0x30 build/obj/chheap.o
 .debug_ranges  0x00000718       0x10 build/obj/hal.o
 .debug_ranges  0x00000728       0xc8 build/obj/serial.o
 .debug_ranges  0x000007f0       0x18 build/obj/hal_lld.o
 .debug_ranges  0x00000808       0x18 build/obj/system_SAM3.o
 .debug_ranges  0x00000820       0x18 build/obj/pal_lld.o
 .debug_ranges  0x00000838       0x78 build/obj/serial_lld.o
 .debug_ranges  0x000008b0       0x90 build/obj/atmel_adc.o
 .debug_ranges  0x00000940       0xb0 build/obj/pio.o
 .debug_ranges  0x000009f0       0x50 build/obj/pmc.o
 .debug_ranges  0x00000a40       0x18 build/obj/board.o
 .debug_ranges  0x00000a58       0x58 build/obj/syscalls.o
 .debug_ranges  0x00000ab0       0x18 build/obj/chprintf.o
 .debug_ranges  0x00000ac8       0x38 build/obj/main.o

.debug_line     0x00000000     0x51bb
 .debug_line    0x00000000      0x18e build/obj/crt0.o
 .debug_line    0x0000018e       0xa2 build/obj/vectors.o
 .debug_line    0x00000230      0x2d3 build/obj/chcore_v7m.o
 .debug_line    0x00000503      0x16f build/obj/nvic.o
 .debug_line    0x00000672      0x2e1 build/obj/chsys.o
 .debug_line    0x00000953      0x249 build/obj/chvt.o
 .debug_line    0x00000b9c      0x3b3 build/obj/chschd.o
 .debug_line    0x00000f4f      0x480 build/obj/chthreads.o
 .debug_line    0x000013cf      0x417 build/obj/chmtx.o
 .debug_line    0x000017e6      0x3ba build/obj/chevents.o
 .debug_line    0x00001ba0      0x43c build/obj/chqueues.o
 .debug_line    0x00001fdc      0x1c9 build/obj/chmemcore.o
 .debug_line    0x000021a5      0x35b build/obj/chheap.o
 .debug_line    0x00002500      0x26e build/obj/hal.o
 .debug_line    0x0000276e      0x53c build/obj/serial.o
 .debug_line    0x00002caa      0x1cf build/obj/hal_lld.o
 .debug_line    0x00002e79      0x242 build/obj/system_SAM3.o
 .debug_line    0x000030bb      0x26f build/obj/pal_lld.o
 .debug_line    0x0000332a      0x57b build/obj/serial_lld.o
 .debug_line    0x000038a5      0x5ed build/obj/atmel_adc.o
 .debug_line    0x00003e92      0x29b build/obj/pio.o
 .debug_line    0x0000412d      0x353 build/obj/pmc.o
 .debug_line    0x00004480      0x280 build/obj/board.o
 .debug_line    0x00004700      0x25b build/obj/syscalls.o
 .debug_line    0x0000495b      0x35f build/obj/chprintf.o
 .debug_line    0x00004cba      0x501 build/obj/main.o

.debug_str      0x00000000     0x29d4
 .debug_str     0x00000000      0x2cf build/obj/crt0.o
                                0x31f (size before relaxing)
 .debug_str     0x000002cf       0x88 build/obj/vectors.o
                                0x1ff (size before relaxing)
 .debug_str     0x00000357      0x32b build/obj/chcore_v7m.o
                                0x4d0 (size before relaxing)
 .debug_str     0x00000682       0xda build/obj/nvic.o
                                0x2ea (size before relaxing)
 .debug_str     0x0000075c      0x14b build/obj/chsys.o
                                0x4bb (size before relaxing)
 .debug_str     0x000008a7       0x88 build/obj/chvt.o
                                0x299 (size before relaxing)
 .debug_str     0x0000092f       0xe2 build/obj/chschd.o
                                0x4a8 (size before relaxing)
 .debug_str     0x00000a11      0x10f build/obj/chthreads.o
                                0x542 (size before relaxing)
 .debug_str     0x00000b20       0xc6 build/obj/chmtx.o
                                0x462 (size before relaxing)
 .debug_str     0x00000be6      0x1b5 build/obj/chevents.o
                                0x540 (size before relaxing)
 .debug_str     0x00000d9b      0x15b build/obj/chqueues.o
                                0x4e1 (size before relaxing)
 .debug_str     0x00000ef6       0xac build/obj/chmemcore.o
                                0x260 (size before relaxing)
 .debug_str     0x00000fa2       0xe9 build/obj/chheap.o
                                0x441 (size before relaxing)
 .debug_str     0x0000108b       0xe5 build/obj/hal.o
                                0x270 (size before relaxing)
 .debug_str     0x00001170      0x2a9 build/obj/serial.o
                                0x72c (size before relaxing)
 .debug_str     0x00001419       0xc9 build/obj/hal_lld.o
                                0x28b (size before relaxing)
 .debug_str     0x000014e2      0x212 build/obj/system_SAM3.o
                                0x3f2 (size before relaxing)
 .debug_str     0x000016f4      0x328 build/obj/pal_lld.o
                                0x66c (size before relaxing)
 .debug_str     0x00001a1c      0x280 build/obj/serial_lld.o
                                0xc74 (size before relaxing)
 .debug_str     0x00001c9c      0x39e build/obj/atmel_adc.o
                                0xa22 (size before relaxing)
 .debug_str     0x0000203a      0x17e build/obj/pio.o
                                0x607 (size before relaxing)
 .debug_str     0x000021b8      0x14f build/obj/pmc.o
                                0x467 (size before relaxing)
 .debug_str     0x00002307       0x60 build/obj/board.o
                                0x5a1 (size before relaxing)
 .debug_str     0x00002367      0x512 build/obj/syscalls.o
                                0x6f6 (size before relaxing)
 .debug_str     0x00002879       0xf1 build/obj/chprintf.o
                                0x325 (size before relaxing)
 .debug_str     0x0000296a       0x6a build/obj/main.o
                                0xaec (size before relaxing)

.comment        0x00000000       0x70
 .comment       0x00000000       0x70 build/obj/crt0.o
                                 0x71 (size before relaxing)
 .comment       0x00000000       0x71 build/obj/vectors.o
 .comment       0x00000000       0x71 build/obj/chcore_v7m.o
 .comment       0x00000000       0x71 build/obj/nvic.o
 .comment       0x00000000       0x71 build/obj/chsys.o
 .comment       0x00000000       0x71 build/obj/chvt.o
 .comment       0x00000000       0x71 build/obj/chschd.o
 .comment       0x00000000       0x71 build/obj/chthreads.o
 .comment       0x00000000       0x71 build/obj/chmtx.o
 .comment       0x00000000       0x71 build/obj/chevents.o
 .comment       0x00000000       0x71 build/obj/chqueues.o
 .comment       0x00000000       0x71 build/obj/chmemcore.o
 .comment       0x00000000       0x71 build/obj/chheap.o
 .comment       0x00000000       0x71 build/obj/hal.o
 .comment       0x00000000       0x71 build/obj/serial.o
 .comment       0x00000000       0x71 build/obj/hal_lld.o
 .comment       0x00000000       0x71 build/obj/system_SAM3.o
 .comment       0x00000000       0x71 build/obj/pal_lld.o
 .comment       0x00000000       0x71 build/obj/serial_lld.o
 .comment       0x00000000       0x71 build/obj/atmel_adc.o
 .comment       0x00000000       0x71 build/obj/pio.o
 .comment       0x00000000       0x71 build/obj/pmc.o
 .comment       0x00000000       0x71 build/obj/board.o
 .comment       0x00000000       0x71 build/obj/syscalls.o
 .comment       0x00000000       0x71 build/obj/chprintf.o
 .comment       0x00000000       0x71 build/obj/main.o

.ARM.attributes
                0x00000000       0x31
 .ARM.attributes
                0x00000000       0x33 build/obj/crt0.o
 .ARM.attributes
                0x00000033       0x33 build/obj/vectors.o
 .ARM.attributes
                0x00000066       0x33 build/obj/chcore_v7m.o
 .ARM.attributes
                0x00000099       0x33 build/obj/nvic.o
 .ARM.attributes
                0x000000cc       0x33 build/obj/chsys.o
 .ARM.attributes
                0x000000ff       0x33 build/obj/chvt.o
 .ARM.attributes
                0x00000132       0x33 build/obj/chschd.o
 .ARM.attributes
                0x00000165       0x33 build/obj/chthreads.o
 .ARM.attributes
                0x00000198       0x33 build/obj/chmtx.o
 .ARM.attributes
                0x000001cb       0x33 build/obj/chevents.o
 .ARM.attributes
                0x000001fe       0x33 build/obj/chqueues.o
 .ARM.attributes
                0x00000231       0x33 build/obj/chmemcore.o
 .ARM.attributes
                0x00000264       0x33 build/obj/chheap.o
 .ARM.attributes
                0x00000297       0x33 build/obj/hal.o
 .ARM.attributes
                0x000002ca       0x33 build/obj/serial.o
 .ARM.attributes
                0x000002fd       0x33 build/obj/hal_lld.o
 .ARM.attributes
                0x00000330       0x33 build/obj/system_SAM3.o
 .ARM.attributes
                0x00000363       0x33 build/obj/pal_lld.o
 .ARM.attributes
                0x00000396       0x33 build/obj/serial_lld.o
 .ARM.attributes
                0x000003c9       0x33 build/obj/atmel_adc.o
 .ARM.attributes
                0x000003fc       0x33 build/obj/pio.o
 .ARM.attributes
                0x0000042f       0x33 build/obj/pmc.o
 .ARM.attributes
                0x00000462       0x33 build/obj/board.o
 .ARM.attributes
                0x00000495       0x33 build/obj/syscalls.o
 .ARM.attributes
                0x000004c8       0x33 build/obj/chprintf.o
 .ARM.attributes
                0x000004fb       0x33 build/obj/main.o
 .ARM.attributes
                0x0000052e       0x1d /opt/gcc-arm-none-eabi-4_9-2015q3/bin/../lib/gcc/arm-none-eabi/4.9.3/armv7-m/libgcc.a(_arm_addsubdf3.o)
 .ARM.attributes
                0x0000054b       0x1d /opt/gcc-arm-none-eabi-4_9-2015q3/bin/../lib/gcc/arm-none-eabi/4.9.3/armv7-m/libgcc.a(_arm_muldivdf3.o)
 .ARM.attributes
                0x00000568       0x2d /opt/gcc-arm-none-eabi-4_9-2015q3/bin/../lib/gcc/arm-none-eabi/4.9.3/../../../../arm-none-eabi/lib/armv7-m/libc.a(lib_a-assert.o)
 .ARM.attributes
                0x00000595       0x2d /opt/gcc-arm-none-eabi-4_9-2015q3/bin/../lib/gcc/arm-none-eabi/4.9.3/../../../../arm-none-eabi/lib/armv7-m/libc.a(lib_a-fiprintf.o)
 .ARM.attributes
                0x000005c2       0x2d /opt/gcc-arm-none-eabi-4_9-2015q3/bin/../lib/gcc/arm-none-eabi/4.9.3/../../../../arm-none-eabi/lib/armv7-m/libc.a(lib_a-impure.o)
 .ARM.attributes
                0x000005ef       0x2d /opt/gcc-arm-none-eabi-4_9-2015q3/bin/../lib/gcc/arm-none-eabi/4.9.3/../../../../arm-none-eabi/lib/armv7-m/libc.a(lib_a-memset.o)
 .ARM.attributes
                0x0000061c       0x2d /opt/gcc-arm-none-eabi-4_9-2015q3/bin/../lib/gcc/arm-none-eabi/4.9.3/../../../../arm-none-eabi/lib/armv7-m/libc.a(lib_a-vfiprintf.o)
 .ARM.attributes
                0x00000649       0x2d /opt/gcc-arm-none-eabi-4_9-2015q3/bin/../lib/gcc/arm-none-eabi/4.9.3/../../../../arm-none-eabi/lib/armv7-m/libc.a(lib_a-wsetup.o)
 .ARM.attributes
                0x00000676       0x2d /opt/gcc-arm-none-eabi-4_9-2015q3/bin/../lib/gcc/arm-none-eabi/4.9.3/../../../../arm-none-eabi/lib/armv7-m/libc.a(lib_a-abort.o)
 .ARM.attributes
                0x000006a3       0x2d /opt/gcc-arm-none-eabi-4_9-2015q3/bin/../lib/gcc/arm-none-eabi/4.9.3/../../../../arm-none-eabi/lib/armv7-m/libc.a(lib_a-fflush.o)
 .ARM.attributes
                0x000006d0       0x2d /opt/gcc-arm-none-eabi-4_9-2015q3/bin/../lib/gcc/arm-none-eabi/4.9.3/../../../../arm-none-eabi/lib/armv7-m/libc.a(lib_a-findfp.o)
 .ARM.attributes
                0x000006fd       0x2d /opt/gcc-arm-none-eabi-4_9-2015q3/bin/../lib/gcc/arm-none-eabi/4.9.3/../../../../arm-none-eabi/lib/armv7-m/libc.a(lib_a-fputwc.o)
 .ARM.attributes
                0x0000072a       0x2d /opt/gcc-arm-none-eabi-4_9-2015q3/bin/../lib/gcc/arm-none-eabi/4.9.3/../../../../arm-none-eabi/lib/armv7-m/libc.a(lib_a-freer.o)
 .ARM.attributes
                0x00000757       0x2d /opt/gcc-arm-none-eabi-4_9-2015q3/bin/../lib/gcc/arm-none-eabi/4.9.3/../../../../arm-none-eabi/lib/armv7-m/libc.a(lib_a-fvwrite.o)
 .ARM.attributes
                0x00000784       0x2d /opt/gcc-arm-none-eabi-4_9-2015q3/bin/../lib/gcc/arm-none-eabi/4.9.3/../../../../arm-none-eabi/lib/armv7-m/libc.a(lib_a-fwalk.o)
 .ARM.attributes
                0x000007b1       0x2d /opt/gcc-arm-none-eabi-4_9-2015q3/bin/../lib/gcc/arm-none-eabi/4.9.3/../../../../arm-none-eabi/lib/armv7-m/libc.a(lib_a-locale.o)
 .ARM.attributes
                0x000007de       0x2d /opt/gcc-arm-none-eabi-4_9-2015q3/bin/../lib/gcc/arm-none-eabi/4.9.3/../../../../arm-none-eabi/lib/armv7-m/libc.a(lib_a-makebuf.o)
 .ARM.attributes
                0x0000080b       0x2d /opt/gcc-arm-none-eabi-4_9-2015q3/bin/../lib/gcc/arm-none-eabi/4.9.3/../../../../arm-none-eabi/lib/armv7-m/libc.a(lib_a-mallocr.o)
 .ARM.attributes
                0x00000838       0x2d /opt/gcc-arm-none-eabi-4_9-2015q3/bin/../lib/gcc/arm-none-eabi/4.9.3/../../../../arm-none-eabi/lib/armv7-m/libc.a(lib_a-memchr.o)
 .ARM.attributes
                0x00000865       0x1b /opt/gcc-arm-none-eabi-4_9-2015q3/bin/../lib/gcc/arm-none-eabi/4.9.3/../../../../arm-none-eabi/lib/armv7-m/libc.a(lib_a-memcpy.o)
 .ARM.attributes
                0x00000880       0x2d /opt/gcc-arm-none-eabi-4_9-2015q3/bin/../lib/gcc/arm-none-eabi/4.9.3/../../../../arm-none-eabi/lib/armv7-m/libc.a(lib_a-memmove.o)
 .ARM.attributes
                0x000008ad       0x2d /opt/gcc-arm-none-eabi-4_9-2015q3/bin/../lib/gcc/arm-none-eabi/4.9.3/../../../../arm-none-eabi/lib/armv7-m/libc.a(lib_a-mlock.o)
 .ARM.attributes
                0x000008da       0x2d /opt/gcc-arm-none-eabi-4_9-2015q3/bin/../lib/gcc/arm-none-eabi/4.9.3/../../../../arm-none-eabi/lib/armv7-m/libc.a(lib_a-reallocr.o)
 .ARM.attributes
                0x00000907       0x2d /opt/gcc-arm-none-eabi-4_9-2015q3/bin/../lib/gcc/arm-none-eabi/4.9.3/../../../../arm-none-eabi/lib/armv7-m/libc.a(lib_a-signal.o)
 .ARM.attributes
                0x00000934       0x2d /opt/gcc-arm-none-eabi-4_9-2015q3/bin/../lib/gcc/arm-none-eabi/4.9.3/../../../../arm-none-eabi/lib/armv7-m/libc.a(lib_a-signalr.o)
 .ARM.attributes
                0x00000961       0x2d /opt/gcc-arm-none-eabi-4_9-2015q3/bin/../lib/gcc/arm-none-eabi/4.9.3/../../../../arm-none-eabi/lib/armv7-m/libc.a(lib_a-stdio.o)
 .ARM.attributes
                0x0000098e       0x2d /opt/gcc-arm-none-eabi-4_9-2015q3/bin/../lib/gcc/arm-none-eabi/4.9.3/../../../../arm-none-eabi/lib/armv7-m/libc.a(lib_a-strlen.o)
 .ARM.attributes
                0x000009bb       0x2d /opt/gcc-arm-none-eabi-4_9-2015q3/bin/../lib/gcc/arm-none-eabi/4.9.3/../../../../arm-none-eabi/lib/armv7-m/libc.a(lib_a-wbuf.o)
 .ARM.attributes
                0x000009e8       0x2d /opt/gcc-arm-none-eabi-4_9-2015q3/bin/../lib/gcc/arm-none-eabi/4.9.3/../../../../arm-none-eabi/lib/armv7-m/libc.a(lib_a-wcrtomb.o)
 .ARM.attributes
                0x00000a15       0x2d /opt/gcc-arm-none-eabi-4_9-2015q3/bin/../lib/gcc/arm-none-eabi/4.9.3/../../../../arm-none-eabi/lib/armv7-m/libc.a(lib_a-wctomb_r.o)
 .ARM.attributes
                0x00000a42       0x2d /opt/gcc-arm-none-eabi-4_9-2015q3/bin/../lib/gcc/arm-none-eabi/4.9.3/../../../../arm-none-eabi/lib/armv7-m/libc.a(lib_a-fclose.o)
 .ARM.attributes
                0x00000a6f       0x2d /opt/gcc-arm-none-eabi-4_9-2015q3/bin/../lib/gcc/arm-none-eabi/4.9.3/../../../../arm-none-eabi/lib/armv7-m/libc.a(lib_a-reent.o)
 .ARM.attributes
                0x00000a9c       0x1d /opt/gcc-arm-none-eabi-4_9-2015q3/bin/../lib/gcc/arm-none-eabi/4.9.3/armv7-m/libgcc.a(_aeabi_uldivmod.o)
 .ARM.attributes
                0x00000ab9       0x2d /opt/gcc-arm-none-eabi-4_9-2015q3/bin/../lib/gcc/arm-none-eabi/4.9.3/armv7-m/libgcc.a(bpabi.o)
 .ARM.attributes
                0x00000ae6       0x1d /opt/gcc-arm-none-eabi-4_9-2015q3/bin/../lib/gcc/arm-none-eabi/4.9.3/armv7-m/libgcc.a(_dvmd_tls.o)
 .ARM.attributes
                0x00000b03       0x2d /opt/gcc-arm-none-eabi-4_9-2015q3/bin/../lib/gcc/arm-none-eabi/4.9.3/armv7-m/libgcc.a(_divdi3.o)
 .ARM.attributes
                0x00000b30       0x2d /opt/gcc-arm-none-eabi-4_9-2015q3/bin/../lib/gcc/arm-none-eabi/4.9.3/armv7-m/libgcc.a(_udivdi3.o)

.debug_frame    0x00000000     0x1ec0
 .debug_frame   0x00000000       0x50 build/obj/crt0.o
 .debug_frame   0x00000050       0x20 build/obj/vectors.o
 .debug_frame   0x00000070       0xa0 build/obj/chcore_v7m.o
 .debug_frame   0x00000110       0x74 build/obj/nvic.o
 .debug_frame   0x00000184       0x5c build/obj/chsys.o
 .debug_frame   0x000001e0       0x5c build/obj/chvt.o
 .debug_frame   0x0000023c      0x128 build/obj/chschd.o
 .debug_frame   0x00000364      0x18c build/obj/chthreads.o
 .debug_frame   0x000004f0       0xf4 build/obj/chmtx.o
 .debug_frame   0x000005e4      0x1c4 build/obj/chevents.o
 .debug_frame   0x000007a8      0x188 build/obj/chqueues.o
 .debug_frame   0x00000930       0x68 build/obj/chmemcore.o
 .debug_frame   0x00000998       0xb4 build/obj/chheap.o
 .debug_frame   0x00000a4c       0x30 build/obj/hal.o
 .debug_frame   0x00000a7c      0x160 build/obj/serial.o
 .debug_frame   0x00000bdc       0x3c build/obj/hal_lld.o
 .debug_frame   0x00000c18       0x58 build/obj/system_SAM3.o
 .debug_frame   0x00000c70       0x48 build/obj/pal_lld.o
 .debug_frame   0x00000cb8      0x108 build/obj/serial_lld.o
 .debug_frame   0x00000dc0      0x18c build/obj/atmel_adc.o
 .debug_frame   0x00000f4c       0x80 build/obj/pio.o
 .debug_frame   0x00000fcc      0x108 build/obj/pmc.o
 .debug_frame   0x000010d4       0x40 build/obj/board.o
 .debug_frame   0x00001114       0xc8 build/obj/syscalls.o
 .debug_frame   0x000011dc       0x9c build/obj/chprintf.o
 .debug_frame   0x00001278       0x98 build/obj/main.o
 .debug_frame   0x00001310       0x40 /opt/gcc-arm-none-eabi-4_9-2015q3/bin/../lib/gcc/arm-none-eabi/4.9.3/../../../../arm-none-eabi/lib/armv7-m/libc.a(lib_a-assert.o)
 .debug_frame   0x00001350       0x74 /opt/gcc-arm-none-eabi-4_9-2015q3/bin/../lib/gcc/arm-none-eabi/4.9.3/../../../../arm-none-eabi/lib/armv7-m/libc.a(lib_a-fiprintf.o)
 .debug_frame   0x000013c4       0x34 /opt/gcc-arm-none-eabi-4_9-2015q3/bin/../lib/gcc/arm-none-eabi/4.9.3/../../../../arm-none-eabi/lib/armv7-m/libc.a(lib_a-memset.o)
 .debug_frame   0x000013f8       0xd8 /opt/gcc-arm-none-eabi-4_9-2015q3/bin/../lib/gcc/arm-none-eabi/4.9.3/../../../../arm-none-eabi/lib/armv7-m/libc.a(lib_a-vfiprintf.o)
 .debug_frame   0x000014d0       0x2c /opt/gcc-arm-none-eabi-4_9-2015q3/bin/../lib/gcc/arm-none-eabi/4.9.3/../../../../arm-none-eabi/lib/armv7-m/libc.a(lib_a-wsetup.o)
 .debug_frame   0x000014fc       0x28 /opt/gcc-arm-none-eabi-4_9-2015q3/bin/../lib/gcc/arm-none-eabi/4.9.3/../../../../arm-none-eabi/lib/armv7-m/libc.a(lib_a-abort.o)
 .debug_frame   0x00001524       0x6c /opt/gcc-arm-none-eabi-4_9-2015q3/bin/../lib/gcc/arm-none-eabi/4.9.3/../../../../arm-none-eabi/lib/armv7-m/libc.a(lib_a-fflush.o)
 .debug_frame   0x00001590      0x124 /opt/gcc-arm-none-eabi-4_9-2015q3/bin/../lib/gcc/arm-none-eabi/4.9.3/../../../../arm-none-eabi/lib/armv7-m/libc.a(lib_a-findfp.o)
 .debug_frame   0x000016b4       0x84 /opt/gcc-arm-none-eabi-4_9-2015q3/bin/../lib/gcc/arm-none-eabi/4.9.3/../../../../arm-none-eabi/lib/armv7-m/libc.a(lib_a-fputwc.o)
 .debug_frame   0x00001738       0x74 /opt/gcc-arm-none-eabi-4_9-2015q3/bin/../lib/gcc/arm-none-eabi/4.9.3/../../../../arm-none-eabi/lib/armv7-m/libc.a(lib_a-freer.o)
 .debug_frame   0x000017ac       0x68 /opt/gcc-arm-none-eabi-4_9-2015q3/bin/../lib/gcc/arm-none-eabi/4.9.3/../../../../arm-none-eabi/lib/armv7-m/libc.a(lib_a-fvwrite.o)
 .debug_frame   0x00001814       0x54 /opt/gcc-arm-none-eabi-4_9-2015q3/bin/../lib/gcc/arm-none-eabi/4.9.3/../../../../arm-none-eabi/lib/armv7-m/libc.a(lib_a-fwalk.o)
 .debug_frame   0x00001868       0x9c /opt/gcc-arm-none-eabi-4_9-2015q3/bin/../lib/gcc/arm-none-eabi/4.9.3/../../../../arm-none-eabi/lib/armv7-m/libc.a(lib_a-locale.o)
 .debug_frame   0x00001904       0x48 /opt/gcc-arm-none-eabi-4_9-2015q3/bin/../lib/gcc/arm-none-eabi/4.9.3/../../../../arm-none-eabi/lib/armv7-m/libc.a(lib_a-makebuf.o)
 .debug_frame   0x0000194c       0x54 /opt/gcc-arm-none-eabi-4_9-2015q3/bin/../lib/gcc/arm-none-eabi/4.9.3/../../../../arm-none-eabi/lib/armv7-m/libc.a(lib_a-mallocr.o)
 .debug_frame   0x000019a0       0x3c /opt/gcc-arm-none-eabi-4_9-2015q3/bin/../lib/gcc/arm-none-eabi/4.9.3/../../../../arm-none-eabi/lib/armv7-m/libc.a(lib_a-memchr.o)
 .debug_frame   0x000019dc       0x30 /opt/gcc-arm-none-eabi-4_9-2015q3/bin/../lib/gcc/arm-none-eabi/4.9.3/../../../../arm-none-eabi/lib/armv7-m/libc.a(lib_a-memmove.o)
 .debug_frame   0x00001a0c       0x30 /opt/gcc-arm-none-eabi-4_9-2015q3/bin/../lib/gcc/arm-none-eabi/4.9.3/../../../../arm-none-eabi/lib/armv7-m/libc.a(lib_a-mlock.o)
 .debug_frame   0x00001a3c       0x58 /opt/gcc-arm-none-eabi-4_9-2015q3/bin/../lib/gcc/arm-none-eabi/4.9.3/../../../../arm-none-eabi/lib/armv7-m/libc.a(lib_a-reallocr.o)
 .debug_frame   0x00001a94       0xe4 /opt/gcc-arm-none-eabi-4_9-2015q3/bin/../lib/gcc/arm-none-eabi/4.9.3/../../../../arm-none-eabi/lib/armv7-m/libc.a(lib_a-signal.o)
 .debug_frame   0x00001b78       0x3c /opt/gcc-arm-none-eabi-4_9-2015q3/bin/../lib/gcc/arm-none-eabi/4.9.3/../../../../arm-none-eabi/lib/armv7-m/libc.a(lib_a-signalr.o)
 .debug_frame   0x00001bb4       0x88 /opt/gcc-arm-none-eabi-4_9-2015q3/bin/../lib/gcc/arm-none-eabi/4.9.3/../../../../arm-none-eabi/lib/armv7-m/libc.a(lib_a-stdio.o)
 .debug_frame   0x00001c3c       0x20 /opt/gcc-arm-none-eabi-4_9-2015q3/bin/../lib/gcc/arm-none-eabi/4.9.3/../../../../arm-none-eabi/lib/armv7-m/libc.a(lib_a-strlen.o)
 .debug_frame   0x00001c5c       0x3c /opt/gcc-arm-none-eabi-4_9-2015q3/bin/../lib/gcc/arm-none-eabi/4.9.3/../../../../arm-none-eabi/lib/armv7-m/libc.a(lib_a-wbuf.o)
 .debug_frame   0x00001c98       0x60 /opt/gcc-arm-none-eabi-4_9-2015q3/bin/../lib/gcc/arm-none-eabi/4.9.3/../../../../arm-none-eabi/lib/armv7-m/libc.a(lib_a-wcrtomb.o)
 .debug_frame   0x00001cf8       0x48 /opt/gcc-arm-none-eabi-4_9-2015q3/bin/../lib/gcc/arm-none-eabi/4.9.3/../../../../arm-none-eabi/lib/armv7-m/libc.a(lib_a-wctomb_r.o)
 .debug_frame   0x00001d40       0x44 /opt/gcc-arm-none-eabi-4_9-2015q3/bin/../lib/gcc/arm-none-eabi/4.9.3/../../../../arm-none-eabi/lib/armv7-m/libc.a(lib_a-fclose.o)
 .debug_frame   0x00001d84       0x58 /opt/gcc-arm-none-eabi-4_9-2015q3/bin/../lib/gcc/arm-none-eabi/4.9.3/../../../../arm-none-eabi/lib/armv7-m/libc.a(lib_a-reent.o)
 .debug_frame   0x00001ddc       0x28 /opt/gcc-arm-none-eabi-4_9-2015q3/bin/../lib/gcc/arm-none-eabi/4.9.3/armv7-m/libgcc.a(_aeabi_uldivmod.o)
 .debug_frame   0x00001e04       0x54 /opt/gcc-arm-none-eabi-4_9-2015q3/bin/../lib/gcc/arm-none-eabi/4.9.3/armv7-m/libgcc.a(bpabi.o)
 .debug_frame   0x00001e58       0x34 /opt/gcc-arm-none-eabi-4_9-2015q3/bin/../lib/gcc/arm-none-eabi/4.9.3/armv7-m/libgcc.a(_divdi3.o)
 .debug_frame   0x00001e8c       0x34 /opt/gcc-arm-none-eabi-4_9-2015q3/bin/../lib/gcc/arm-none-eabi/4.9.3/armv7-m/libgcc.a(_udivdi3.o)

Cross Reference Table

Symbol                                            File
ADC_CfgChannelMode                                build/obj/atmel_adc.o
ADC_CfgLowRes                                     build/obj/atmel_adc.o
ADC_CfgPowerSave                                  build/obj/atmel_adc.o
ADC_CfgTiming                                     build/obj/atmel_adc.o
ADC_CfgTrigering                                  build/obj/atmel_adc.o
ADC_GetConvertedData                              build/obj/atmel_adc.o
ADC_Initialize                                    build/obj/atmel_adc.o
                                                  build/obj/main.o
ADC_IsChannelInterruptStatusSet                   build/obj/atmel_adc.o
ADC_IsInterruptMasked                             build/obj/atmel_adc.o
ADC_IsStatusSet                                   build/obj/atmel_adc.o
ADC_ReadBuffer                                    build/obj/atmel_adc.o
ADC_SetCompareChannel                             build/obj/atmel_adc.o
ADC_SetCompareMode                                build/obj/atmel_adc.o
ADC_SetComparisonWindow                           build/obj/atmel_adc.o
ADC_cfgFrequency                                  build/obj/atmel_adc.o
                                                  build/obj/main.o
ADC_check                                         build/obj/atmel_adc.o
                                                  build/obj/main.o
BusFaultVector                                    build/obj/vectors.o
ConfigurePck                                      build/obj/pmc.o
                                                  build/obj/main.o
DebugMonitorVector                                build/obj/vectors.o
HardFaultVector                                   build/obj/vectors.o
MemManageVector                                   build/obj/vectors.o
NMIVector                                         build/obj/vectors.o
PIO_Clear                                         build/obj/pio.o
PIO_Configure                                     build/obj/pio.o
                                                  build/obj/main.o
PIO_Get                                           build/obj/pio.o
PIO_GetOutputDataStatus                           build/obj/pio.o
PIO_Set                                           build/obj/pio.o
PIO_SetDebounceFilter                             build/obj/pio.o
PMC_DisableAllPeripherals                         build/obj/pmc.o
PMC_DisablePeripheral                             build/obj/pmc.o
PMC_EnableAllPeripherals                          build/obj/pmc.o
PMC_EnablePeripheral                              build/obj/pmc.o
                                                  build/obj/pio.o
PMC_IsPeriphEnabled                               build/obj/pmc.o
PendSVVector                                      build/obj/vectors.o
PmcConfigurePllClock                              build/obj/pmc.o
                                                  build/obj/main.o
PmcMainClockSwitchMainOsc                         build/obj/pmc.o
PmcMasterClockSelection                           build/obj/pmc.o
                                                  build/obj/main.o
ResetHandler                                      build/obj/crt0.o
                                                  build/obj/vectors.o
SD1                                               build/obj/serial_lld.o
SD2                                               build/obj/serial_lld.o
                                                  build/obj/main.o
                                                  build/obj/atmel_adc.o
SVCallVector                                      build/obj/chcore_v7m.o
                                                  build/obj/vectors.o
SysTickVector                                     build/obj/chcore_v7m.o
                                                  build/obj/vectors.o
SystemCoreClock                                   build/obj/system_SAM3.o
                                                  build/obj/serial_lld.o
                                                  build/obj/hal_lld.o
SystemCoreClockUpdate                             build/obj/system_SAM3.o
                                                  build/obj/serial_lld.o
                                                  build/obj/hal_lld.o
SystemInit                                        build/obj/system_SAM3.o
                                                  build/obj/hal_lld.o
TestThread                                        build/obj/test.o
UsageFaultVector                                  build/obj/vectors.o
Vector1C                                          build/obj/vectors.o
Vector20                                          build/obj/vectors.o
Vector24                                          build/obj/vectors.o
Vector28                                          build/obj/vectors.o
Vector34                                          build/obj/vectors.o
Vector40                                          build/obj/vectors.o
Vector44                                          build/obj/vectors.o
Vector48                                          build/obj/vectors.o
Vector4C                                          build/obj/vectors.o
Vector50                                          build/obj/vectors.o
Vector54                                          build/obj/vectors.o
Vector58                                          build/obj/vectors.o
Vector5C                                          build/obj/vectors.o
Vector60                                          build/obj/serial_lld.o
                                                  build/obj/vectors.o
Vector64                                          build/obj/serial_lld.o
                                                  build/obj/vectors.o
Vector68                                          build/obj/vectors.o
Vector6C                                          build/obj/vectors.o
Vector70                                          build/obj/vectors.o
Vector74                                          build/obj/vectors.o
Vector78                                          build/obj/vectors.o
Vector7C                                          build/obj/vectors.o
Vector80                                          build/obj/vectors.o
Vector84                                          build/obj/vectors.o
Vector88                                          build/obj/vectors.o
Vector8C                                          build/obj/vectors.o
Vector90                                          build/obj/vectors.o
Vector94                                          build/obj/vectors.o
Vector98                                          build/obj/vectors.o
Vector9C                                          build/obj/vectors.o
VectorA0                                          build/obj/vectors.o
VectorA4                                          build/obj/vectors.o
VectorA8                                          build/obj/vectors.o
VectorAC                                          build/obj/vectors.o
VectorB0                                          build/obj/vectors.o
VectorB4                                          build/obj/vectors.o
VectorB8                                          build/obj/vectors.o
VectorBC                                          build/obj/vectors.o
VectorC0                                          build/obj/vectors.o
VectorC4                                          build/obj/vectors.o
VectorC8                                          build/obj/vectors.o
VectorCC                                          build/obj/vectors.o
_PathLocale                                       /opt/gcc-arm-none-eabi-4_9-2015q3/bin/../lib/gcc/arm-none-eabi/4.9.3/../../../../arm-none-eabi/lib/armv7-m/libc.a(lib_a-locale.o)
__adddf3                                          /opt/gcc-arm-none-eabi-4_9-2015q3/bin/../lib/gcc/arm-none-eabi/4.9.3/armv7-m/libgcc.a(_arm_addsubdf3.o)
__aeabi_dadd                                      /opt/gcc-arm-none-eabi-4_9-2015q3/bin/../lib/gcc/arm-none-eabi/4.9.3/armv7-m/libgcc.a(_arm_addsubdf3.o)
                                                  build/obj/main.o
__aeabi_ddiv                                      /opt/gcc-arm-none-eabi-4_9-2015q3/bin/../lib/gcc/arm-none-eabi/4.9.3/armv7-m/libgcc.a(_arm_muldivdf3.o)
__aeabi_dmul                                      /opt/gcc-arm-none-eabi-4_9-2015q3/bin/../lib/gcc/arm-none-eabi/4.9.3/armv7-m/libgcc.a(_arm_muldivdf3.o)
                                                  build/obj/main.o
__aeabi_drsub                                     /opt/gcc-arm-none-eabi-4_9-2015q3/bin/../lib/gcc/arm-none-eabi/4.9.3/armv7-m/libgcc.a(_arm_addsubdf3.o)
__aeabi_dsub                                      /opt/gcc-arm-none-eabi-4_9-2015q3/bin/../lib/gcc/arm-none-eabi/4.9.3/armv7-m/libgcc.a(_arm_addsubdf3.o)
__aeabi_f2d                                       /opt/gcc-arm-none-eabi-4_9-2015q3/bin/../lib/gcc/arm-none-eabi/4.9.3/armv7-m/libgcc.a(_arm_addsubdf3.o)
__aeabi_i2d                                       /opt/gcc-arm-none-eabi-4_9-2015q3/bin/../lib/gcc/arm-none-eabi/4.9.3/armv7-m/libgcc.a(_arm_addsubdf3.o)
__aeabi_idiv0                                     /opt/gcc-arm-none-eabi-4_9-2015q3/bin/../lib/gcc/arm-none-eabi/4.9.3/armv7-m/libgcc.a(_dvmd_tls.o)
__aeabi_l2d                                       /opt/gcc-arm-none-eabi-4_9-2015q3/bin/../lib/gcc/arm-none-eabi/4.9.3/armv7-m/libgcc.a(_arm_addsubdf3.o)
__aeabi_ldiv0                                     /opt/gcc-arm-none-eabi-4_9-2015q3/bin/../lib/gcc/arm-none-eabi/4.9.3/armv7-m/libgcc.a(_dvmd_tls.o)
                                                  /opt/gcc-arm-none-eabi-4_9-2015q3/bin/../lib/gcc/arm-none-eabi/4.9.3/armv7-m/libgcc.a(_aeabi_uldivmod.o)
__aeabi_ui2d                                      /opt/gcc-arm-none-eabi-4_9-2015q3/bin/../lib/gcc/arm-none-eabi/4.9.3/armv7-m/libgcc.a(_arm_addsubdf3.o)
                                                  build/obj/main.o
__aeabi_ul2d                                      /opt/gcc-arm-none-eabi-4_9-2015q3/bin/../lib/gcc/arm-none-eabi/4.9.3/armv7-m/libgcc.a(_arm_addsubdf3.o)
__aeabi_uldivmod                                  /opt/gcc-arm-none-eabi-4_9-2015q3/bin/../lib/gcc/arm-none-eabi/4.9.3/armv7-m/libgcc.a(_aeabi_uldivmod.o)
                                                  /opt/gcc-arm-none-eabi-4_9-2015q3/bin/../lib/gcc/arm-none-eabi/4.9.3/../../../../arm-none-eabi/lib/armv7-m/libc.a(lib_a-vfiprintf.o)
__ascii_wctomb                                    /opt/gcc-arm-none-eabi-4_9-2015q3/bin/../lib/gcc/arm-none-eabi/4.9.3/../../../../arm-none-eabi/lib/armv7-m/libc.a(lib_a-wctomb_r.o)
__assert                                          /opt/gcc-arm-none-eabi-4_9-2015q3/bin/../lib/gcc/arm-none-eabi/4.9.3/../../../../arm-none-eabi/lib/armv7-m/libc.a(lib_a-assert.o)
__assert_func                                     /opt/gcc-arm-none-eabi-4_9-2015q3/bin/../lib/gcc/arm-none-eabi/4.9.3/../../../../arm-none-eabi/lib/armv7-m/libc.a(lib_a-assert.o)
                                                  build/obj/pmc.o
                                                  build/obj/atmel_adc.o
__divdf3                                          /opt/gcc-arm-none-eabi-4_9-2015q3/bin/../lib/gcc/arm-none-eabi/4.9.3/armv7-m/libgcc.a(_arm_muldivdf3.o)
__divdi3                                          /opt/gcc-arm-none-eabi-4_9-2015q3/bin/../lib/gcc/arm-none-eabi/4.9.3/armv7-m/libgcc.a(_divdi3.o)
                                                  /opt/gcc-arm-none-eabi-4_9-2015q3/bin/../lib/gcc/arm-none-eabi/4.9.3/armv7-m/libgcc.a(bpabi.o)
__early_init                                      build/obj/board.o
                                                  build/obj/crt0.o
__extendsfdf2                                     /opt/gcc-arm-none-eabi-4_9-2015q3/bin/../lib/gcc/arm-none-eabi/4.9.3/armv7-m/libgcc.a(_arm_addsubdf3.o)
__fini_array_end                                  build/obj/crt0.o
__fini_array_start                                build/obj/crt0.o
__floatdidf                                       /opt/gcc-arm-none-eabi-4_9-2015q3/bin/../lib/gcc/arm-none-eabi/4.9.3/armv7-m/libgcc.a(_arm_addsubdf3.o)
__floatsidf                                       /opt/gcc-arm-none-eabi-4_9-2015q3/bin/../lib/gcc/arm-none-eabi/4.9.3/armv7-m/libgcc.a(_arm_addsubdf3.o)
__floatundidf                                     /opt/gcc-arm-none-eabi-4_9-2015q3/bin/../lib/gcc/arm-none-eabi/4.9.3/armv7-m/libgcc.a(_arm_addsubdf3.o)
__floatunsidf                                     /opt/gcc-arm-none-eabi-4_9-2015q3/bin/../lib/gcc/arm-none-eabi/4.9.3/armv7-m/libgcc.a(_arm_addsubdf3.o)
__fp_lock_all                                     /opt/gcc-arm-none-eabi-4_9-2015q3/bin/../lib/gcc/arm-none-eabi/4.9.3/../../../../arm-none-eabi/lib/armv7-m/libc.a(lib_a-findfp.o)
__fp_unlock_all                                   /opt/gcc-arm-none-eabi-4_9-2015q3/bin/../lib/gcc/arm-none-eabi/4.9.3/../../../../arm-none-eabi/lib/armv7-m/libc.a(lib_a-findfp.o)
__fputwc                                          /opt/gcc-arm-none-eabi-4_9-2015q3/bin/../lib/gcc/arm-none-eabi/4.9.3/../../../../arm-none-eabi/lib/armv7-m/libc.a(lib_a-fputwc.o)
__gnu_ldivmod_helper                              /opt/gcc-arm-none-eabi-4_9-2015q3/bin/../lib/gcc/arm-none-eabi/4.9.3/armv7-m/libgcc.a(bpabi.o)
__gnu_uldivmod_helper                             /opt/gcc-arm-none-eabi-4_9-2015q3/bin/../lib/gcc/arm-none-eabi/4.9.3/armv7-m/libgcc.a(bpabi.o)
                                                  /opt/gcc-arm-none-eabi-4_9-2015q3/bin/../lib/gcc/arm-none-eabi/4.9.3/armv7-m/libgcc.a(_aeabi_uldivmod.o)
__heap_base__                                     build/obj/chmemcore.o
__heap_end__                                      build/obj/chmemcore.o
__init_array_end                                  build/obj/crt0.o
__init_array_start                                build/obj/crt0.o
__late_init                                       build/obj/crt0.o
__locale_charset                                  /opt/gcc-arm-none-eabi-4_9-2015q3/bin/../lib/gcc/arm-none-eabi/4.9.3/../../../../arm-none-eabi/lib/armv7-m/libc.a(lib_a-locale.o)
                                                  /opt/gcc-arm-none-eabi-4_9-2015q3/bin/../lib/gcc/arm-none-eabi/4.9.3/../../../../arm-none-eabi/lib/armv7-m/libc.a(lib_a-wctomb_r.o)
                                                  /opt/gcc-arm-none-eabi-4_9-2015q3/bin/../lib/gcc/arm-none-eabi/4.9.3/../../../../arm-none-eabi/lib/armv7-m/libc.a(lib_a-wcrtomb.o)
__locale_cjk_lang                                 /opt/gcc-arm-none-eabi-4_9-2015q3/bin/../lib/gcc/arm-none-eabi/4.9.3/../../../../arm-none-eabi/lib/armv7-m/libc.a(lib_a-locale.o)
__locale_mb_cur_max                               /opt/gcc-arm-none-eabi-4_9-2015q3/bin/../lib/gcc/arm-none-eabi/4.9.3/../../../../arm-none-eabi/lib/armv7-m/libc.a(lib_a-locale.o)
                                                  /opt/gcc-arm-none-eabi-4_9-2015q3/bin/../lib/gcc/arm-none-eabi/4.9.3/../../../../arm-none-eabi/lib/armv7-m/libc.a(lib_a-fputwc.o)
__locale_msgcharset                               /opt/gcc-arm-none-eabi-4_9-2015q3/bin/../lib/gcc/arm-none-eabi/4.9.3/../../../../arm-none-eabi/lib/armv7-m/libc.a(lib_a-locale.o)
__main_stack_base__                               build/obj/crt0.o
__main_stack_end__                                build/obj/crt0.o
__malloc_av_                                      /opt/gcc-arm-none-eabi-4_9-2015q3/bin/../lib/gcc/arm-none-eabi/4.9.3/../../../../arm-none-eabi/lib/armv7-m/libc.a(lib_a-mallocr.o)
                                                  /opt/gcc-arm-none-eabi-4_9-2015q3/bin/../lib/gcc/arm-none-eabi/4.9.3/../../../../arm-none-eabi/lib/armv7-m/libc.a(lib_a-reallocr.o)
                                                  /opt/gcc-arm-none-eabi-4_9-2015q3/bin/../lib/gcc/arm-none-eabi/4.9.3/../../../../arm-none-eabi/lib/armv7-m/libc.a(lib_a-freer.o)
__malloc_current_mallinfo                         /opt/gcc-arm-none-eabi-4_9-2015q3/bin/../lib/gcc/arm-none-eabi/4.9.3/../../../../arm-none-eabi/lib/armv7-m/libc.a(lib_a-mallocr.o)
                                                  /opt/gcc-arm-none-eabi-4_9-2015q3/bin/../lib/gcc/arm-none-eabi/4.9.3/../../../../arm-none-eabi/lib/armv7-m/libc.a(lib_a-freer.o)
__malloc_lock                                     /opt/gcc-arm-none-eabi-4_9-2015q3/bin/../lib/gcc/arm-none-eabi/4.9.3/../../../../arm-none-eabi/lib/armv7-m/libc.a(lib_a-mlock.o)
                                                  /opt/gcc-arm-none-eabi-4_9-2015q3/bin/../lib/gcc/arm-none-eabi/4.9.3/../../../../arm-none-eabi/lib/armv7-m/libc.a(lib_a-reallocr.o)
                                                  /opt/gcc-arm-none-eabi-4_9-2015q3/bin/../lib/gcc/arm-none-eabi/4.9.3/../../../../arm-none-eabi/lib/armv7-m/libc.a(lib_a-mallocr.o)
                                                  /opt/gcc-arm-none-eabi-4_9-2015q3/bin/../lib/gcc/arm-none-eabi/4.9.3/../../../../arm-none-eabi/lib/armv7-m/libc.a(lib_a-freer.o)
__malloc_max_sbrked_mem                           /opt/gcc-arm-none-eabi-4_9-2015q3/bin/../lib/gcc/arm-none-eabi/4.9.3/../../../../arm-none-eabi/lib/armv7-m/libc.a(lib_a-mallocr.o)
__malloc_max_total_mem                            /opt/gcc-arm-none-eabi-4_9-2015q3/bin/../lib/gcc/arm-none-eabi/4.9.3/../../../../arm-none-eabi/lib/armv7-m/libc.a(lib_a-mallocr.o)
__malloc_sbrk_base                                /opt/gcc-arm-none-eabi-4_9-2015q3/bin/../lib/gcc/arm-none-eabi/4.9.3/../../../../arm-none-eabi/lib/armv7-m/libc.a(lib_a-mallocr.o)
                                                  /opt/gcc-arm-none-eabi-4_9-2015q3/bin/../lib/gcc/arm-none-eabi/4.9.3/../../../../arm-none-eabi/lib/armv7-m/libc.a(lib_a-freer.o)
__malloc_top_pad                                  /opt/gcc-arm-none-eabi-4_9-2015q3/bin/../lib/gcc/arm-none-eabi/4.9.3/../../../../arm-none-eabi/lib/armv7-m/libc.a(lib_a-mallocr.o)
                                                  /opt/gcc-arm-none-eabi-4_9-2015q3/bin/../lib/gcc/arm-none-eabi/4.9.3/../../../../arm-none-eabi/lib/armv7-m/libc.a(lib_a-freer.o)
__malloc_trim_threshold                           /opt/gcc-arm-none-eabi-4_9-2015q3/bin/../lib/gcc/arm-none-eabi/4.9.3/../../../../arm-none-eabi/lib/armv7-m/libc.a(lib_a-mallocr.o)
                                                  /opt/gcc-arm-none-eabi-4_9-2015q3/bin/../lib/gcc/arm-none-eabi/4.9.3/../../../../arm-none-eabi/lib/armv7-m/libc.a(lib_a-freer.o)
__malloc_unlock                                   /opt/gcc-arm-none-eabi-4_9-2015q3/bin/../lib/gcc/arm-none-eabi/4.9.3/../../../../arm-none-eabi/lib/armv7-m/libc.a(lib_a-mlock.o)
                                                  /opt/gcc-arm-none-eabi-4_9-2015q3/bin/../lib/gcc/arm-none-eabi/4.9.3/../../../../arm-none-eabi/lib/armv7-m/libc.a(lib_a-reallocr.o)
                                                  /opt/gcc-arm-none-eabi-4_9-2015q3/bin/../lib/gcc/arm-none-eabi/4.9.3/../../../../arm-none-eabi/lib/armv7-m/libc.a(lib_a-mallocr.o)
                                                  /opt/gcc-arm-none-eabi-4_9-2015q3/bin/../lib/gcc/arm-none-eabi/4.9.3/../../../../arm-none-eabi/lib/armv7-m/libc.a(lib_a-freer.o)
__mb_cur_max                                      /opt/gcc-arm-none-eabi-4_9-2015q3/bin/../lib/gcc/arm-none-eabi/4.9.3/../../../../arm-none-eabi/lib/armv7-m/libc.a(lib_a-locale.o)
__mlocale_changed                                 /opt/gcc-arm-none-eabi-4_9-2015q3/bin/../lib/gcc/arm-none-eabi/4.9.3/../../../../arm-none-eabi/lib/armv7-m/libc.a(lib_a-locale.o)
__muldf3                                          /opt/gcc-arm-none-eabi-4_9-2015q3/bin/../lib/gcc/arm-none-eabi/4.9.3/armv7-m/libgcc.a(_arm_muldivdf3.o)
__nlocale_changed                                 /opt/gcc-arm-none-eabi-4_9-2015q3/bin/../lib/gcc/arm-none-eabi/4.9.3/../../../../arm-none-eabi/lib/armv7-m/libc.a(lib_a-locale.o)
__process_stack_base__                            build/obj/crt0.o
__process_stack_end__                             build/obj/crt0.o
__ram_end__                                       build/obj/vectors.o
__sclose                                          /opt/gcc-arm-none-eabi-4_9-2015q3/bin/../lib/gcc/arm-none-eabi/4.9.3/../../../../arm-none-eabi/lib/armv7-m/libc.a(lib_a-stdio.o)
                                                  /opt/gcc-arm-none-eabi-4_9-2015q3/bin/../lib/gcc/arm-none-eabi/4.9.3/../../../../arm-none-eabi/lib/armv7-m/libc.a(lib_a-findfp.o)
__seofread                                        /opt/gcc-arm-none-eabi-4_9-2015q3/bin/../lib/gcc/arm-none-eabi/4.9.3/../../../../arm-none-eabi/lib/armv7-m/libc.a(lib_a-stdio.o)
__sflush_r                                        /opt/gcc-arm-none-eabi-4_9-2015q3/bin/../lib/gcc/arm-none-eabi/4.9.3/../../../../arm-none-eabi/lib/armv7-m/libc.a(lib_a-fflush.o)