Archive member included because of file (symbol)

/opt/gcc-arm-none-eabi-4_9-2015q3/bin/../lib/gcc/arm-none-eabi/4.9.3/../../../../arm-none-eabi/lib/armv7-m/libc.a(lib_a-assert.o)
                              build/obj/atmel_adc.o (__assert_func)
/opt/gcc-arm-none-eabi-4_9-2015q3/bin/../lib/gcc/arm-none-eabi/4.9.3/../../../../arm-none-eabi/lib/armv7-m/libc.a(lib_a-fiprintf.o)
                              /opt/gcc-arm-none-eabi-4_9-2015q3/bin/../lib/gcc/arm-none-eabi/4.9.3/../../../../arm-none-eabi/lib/armv7-m/libc.a(lib_a-assert.o) (fiprintf)
/opt/gcc-arm-none-eabi-4_9-2015q3/bin/../lib/gcc/arm-none-eabi/4.9.3/../../../../arm-none-eabi/lib/armv7-m/libc.a(lib_a-impure.o)
                              /opt/gcc-arm-none-eabi-4_9-2015q3/bin/../lib/gcc/arm-none-eabi/4.9.3/../../../../arm-none-eabi/lib/armv7-m/libc.a(lib_a-assert.o) (_impure_ptr)
/opt/gcc-arm-none-eabi-4_9-2015q3/bin/../lib/gcc/arm-none-eabi/4.9.3/../../../../arm-none-eabi/lib/armv7-m/libc.a(lib_a-memset.o)
                              build/obj/syscalls.o (memset)
/opt/gcc-arm-none-eabi-4_9-2015q3/bin/../lib/gcc/arm-none-eabi/4.9.3/../../../../arm-none-eabi/lib/armv7-m/libc.a(lib_a-vfiprintf.o)
                              /opt/gcc-arm-none-eabi-4_9-2015q3/bin/../lib/gcc/arm-none-eabi/4.9.3/../../../../arm-none-eabi/lib/armv7-m/libc.a(lib_a-fiprintf.o) (_vfiprintf_r)
/opt/gcc-arm-none-eabi-4_9-2015q3/bin/../lib/gcc/arm-none-eabi/4.9.3/../../../../arm-none-eabi/lib/armv7-m/libc.a(lib_a-wsetup.o)
                              /opt/gcc-arm-none-eabi-4_9-2015q3/bin/../lib/gcc/arm-none-eabi/4.9.3/../../../../arm-none-eabi/lib/armv7-m/libc.a(lib_a-vfiprintf.o) (__swsetup_r)
/opt/gcc-arm-none-eabi-4_9-2015q3/bin/../lib/gcc/arm-none-eabi/4.9.3/../../../../arm-none-eabi/lib/armv7-m/libc.a(lib_a-abort.o)
                              /opt/gcc-arm-none-eabi-4_9-2015q3/bin/../lib/gcc/arm-none-eabi/4.9.3/../../../../arm-none-eabi/lib/armv7-m/libc.a(lib_a-assert.o) (abort)
/opt/gcc-arm-none-eabi-4_9-2015q3/bin/../lib/gcc/arm-none-eabi/4.9.3/../../../../arm-none-eabi/lib/armv7-m/libc.a(lib_a-fflush.o)
                              /opt/gcc-arm-none-eabi-4_9-2015q3/bin/../lib/gcc/arm-none-eabi/4.9.3/../../../../arm-none-eabi/lib/armv7-m/libc.a(lib_a-vfiprintf.o) (_fflush_r)
/opt/gcc-arm-none-eabi-4_9-2015q3/bin/../lib/gcc/arm-none-eabi/4.9.3/../../../../arm-none-eabi/lib/armv7-m/libc.a(lib_a-findfp.o)
                              /opt/gcc-arm-none-eabi-4_9-2015q3/bin/../lib/gcc/arm-none-eabi/4.9.3/../../../../arm-none-eabi/lib/armv7-m/libc.a(lib_a-vfiprintf.o) (__sinit)
/opt/gcc-arm-none-eabi-4_9-2015q3/bin/../lib/gcc/arm-none-eabi/4.9.3/../../../../arm-none-eabi/lib/armv7-m/libc.a(lib_a-fputwc.o)
                              /opt/gcc-arm-none-eabi-4_9-2015q3/bin/../lib/gcc/arm-none-eabi/4.9.3/../../../../arm-none-eabi/lib/armv7-m/libc.a(lib_a-vfiprintf.o) (_fputwc_r)
/opt/gcc-arm-none-eabi-4_9-2015q3/bin/../lib/gcc/arm-none-eabi/4.9.3/../../../../arm-none-eabi/lib/armv7-m/libc.a(lib_a-freer.o)
                              /opt/gcc-arm-none-eabi-4_9-2015q3/bin/../lib/gcc/arm-none-eabi/4.9.3/../../../../arm-none-eabi/lib/armv7-m/libc.a(lib_a-wsetup.o) (_free_r)
/opt/gcc-arm-none-eabi-4_9-2015q3/bin/../lib/gcc/arm-none-eabi/4.9.3/../../../../arm-none-eabi/lib/armv7-m/libc.a(lib_a-fvwrite.o)
                              /opt/gcc-arm-none-eabi-4_9-2015q3/bin/../lib/gcc/arm-none-eabi/4.9.3/../../../../arm-none-eabi/lib/armv7-m/libc.a(lib_a-vfiprintf.o) (__sfvwrite_r)
/opt/gcc-arm-none-eabi-4_9-2015q3/bin/../lib/gcc/arm-none-eabi/4.9.3/../../../../arm-none-eabi/lib/armv7-m/libc.a(lib_a-fwalk.o)
                              /opt/gcc-arm-none-eabi-4_9-2015q3/bin/../lib/gcc/arm-none-eabi/4.9.3/../../../../arm-none-eabi/lib/armv7-m/libc.a(lib_a-findfp.o) (_fwalk)
/opt/gcc-arm-none-eabi-4_9-2015q3/bin/../lib/gcc/arm-none-eabi/4.9.3/../../../../arm-none-eabi/lib/armv7-m/libc.a(lib_a-locale.o)
                              /opt/gcc-arm-none-eabi-4_9-2015q3/bin/../lib/gcc/arm-none-eabi/4.9.3/../../../../arm-none-eabi/lib/armv7-m/libc.a(lib_a-fputwc.o) (__locale_mb_cur_max)
/opt/gcc-arm-none-eabi-4_9-2015q3/bin/../lib/gcc/arm-none-eabi/4.9.3/../../../../arm-none-eabi/lib/armv7-m/libc.a(lib_a-makebuf.o)
                              /opt/gcc-arm-none-eabi-4_9-2015q3/bin/../lib/gcc/arm-none-eabi/4.9.3/../../../../arm-none-eabi/lib/armv7-m/libc.a(lib_a-wsetup.o) (__smakebuf_r)
/opt/gcc-arm-none-eabi-4_9-2015q3/bin/../lib/gcc/arm-none-eabi/4.9.3/../../../../arm-none-eabi/lib/armv7-m/libc.a(lib_a-mallocr.o)
                              /opt/gcc-arm-none-eabi-4_9-2015q3/bin/../lib/gcc/arm-none-eabi/4.9.3/../../../../arm-none-eabi/lib/armv7-m/libc.a(lib_a-findfp.o) (_malloc_r)
/opt/gcc-arm-none-eabi-4_9-2015q3/bin/../lib/gcc/arm-none-eabi/4.9.3/../../../../arm-none-eabi/lib/armv7-m/libc.a(lib_a-memchr.o)
[...]
Memory Configuration

Name             Origin             Length             Attributes
flash            0x00400000         0x00020000
ram              0x20000000         0x00008000
*default*        0x00000000         0xffffffff

Linker script and memory map

LOAD build/obj/crt0.o
LOAD build/obj/vectors.o
LOAD build/obj/chcore.o
LOAD build/obj/chcore_v7m.o
LOAD build/obj/nvic.o
LOAD build/obj/chsys.o
LOAD build/obj/chlists.o
LOAD build/obj/chvt.o
LOAD build/obj/chschd.o
LOAD build/obj/chthreads.o
LOAD build/obj/chdynamic.o
LOAD build/obj/chregistry.o
LOAD build/obj/chsem.o
LOAD build/obj/chmtx.o
LOAD build/obj/chcond.o
LOAD build/obj/chevents.o
LOAD build/obj/chmsg.o
LOAD build/obj/chmboxes.o
LOAD build/obj/chqueues.o
LOAD build/obj/chmemcore.o
LOAD build/obj/chheap.o
LOAD build/obj/chmempools.o
LOAD build/obj/test.o
LOAD build/obj/testthd.o
LOAD build/obj/testsem.o
LOAD build/obj/testmtx.o
LOAD build/obj/testmsg.o
LOAD build/obj/testmbox.o
LOAD build/obj/testevt.o
LOAD build/obj/testheap.o
LOAD build/obj/testpools.o
LOAD build/obj/testdyn.o
LOAD build/obj/testqueues.o
LOAD build/obj/testbmk.o
LOAD build/obj/hal.o
LOAD build/obj/pal.o
LOAD build/obj/serial.o
LOAD build/obj/hal_lld.o
LOAD build/obj/system_SAM3.o
LOAD build/obj/pal_lld.o
LOAD build/obj/serial_lld.o
LOAD build/obj/atmel_adc.o
LOAD build/obj/pio.o
LOAD build/obj/pmc.o
LOAD build/obj/board.o
LOAD build/obj/evtimer.o
LOAD build/obj/syscalls.o
LOAD build/obj/chprintf.o
LOAD build/obj/main.o
START GROUP
LOAD /opt/gcc-arm-none-eabi-4_9-2015q3/bin/../lib/gcc/arm-none-eabi/4.9.3/armv7-m/libgcc.a
LOAD /opt/gcc-arm-none-eabi-4_9-2015q3/bin/../lib/gcc/arm-none-eabi/4.9.3/../../../../arm-none-eabi/lib/armv7-m/libc.a
END GROUP
                0x00000400                __main_stack_size__ = 0x400
                0x00000400                __process_stack_size__ = 0x400
                0x00000800                __stacks_total_size__ = (__main_stack_size__ + __process_stack_size__)
                0x20000000                __ram_start__ = ORIGIN (ram)
                0x00008000                __ram_size__ = 0x8000
                0x20008000                __ram_end__ = (__ram_start__ + __ram_size__)
                0x00000000                . = 0x0
                0x00000000                _text = .

startup         0x00400000       0xd0
 *(vectors)
 vectors        0x00400000       0xd0 build/obj/vectors.o
                0x00400000                _vectors

constructors    0x004000d0        0x0
                0x004000d0                PROVIDE (__init_array_start, .)
 *(SORT(.init_array.*))
 *(.init_array)
                0x004000d0                PROVIDE (__init_array_end, .)

destructors     0x004000d0        0x0
                0x004000d0                PROVIDE (__fini_array_start, .)
 *(.fini_array)
 *(SORT(.fini_array.*))
                0x004000d0                PROVIDE (__fini_array_end, .)

.text           0x004000d0     0x4d80
 *(.text.startup.*)
 .text.startup.main
                0x004000d0       0xcc build/obj/main.o
                0x004000d0                main
 *(.text)
 *fill*         0x0040019c        0x4 
 .text          0x004001a0       0xec /opt/gcc-arm-none-eabi-4_9-2015q3/bin/../lib/gcc/arm-none-eabi/4.9.3/../../../../arm-none-eabi/lib/armv7-m/libc.a(lib_a-memcpy.o)
                0x004001a0                memcpy
 *fill*         0x0040028c        0x4 
 .text          0x00400290       0x30 /opt/gcc-arm-none-eabi-4_9-2015q3/bin/../lib/gcc/arm-none-eabi/4.9.3/armv7-m/libgcc.a(_aeabi_uldivmod.o)
                0x00400290                __aeabi_uldivmod
 .text          0x004002c0       0x60 /opt/gcc-arm-none-eabi-4_9-2015q3/bin/../lib/gcc/arm-none-eabi/4.9.3/armv7-m/libgcc.a(bpabi.o)
                0x004002c0                __gnu_ldivmod_helper
                0x004002f0                __gnu_uldivmod_helper
 .text          0x00400320        0x4 /opt/gcc-arm-none-eabi-4_9-2015q3/bin/../lib/gcc/arm-none-eabi/4.9.3/armv7-m/libgcc.a(_dvmd_tls.o)
                0x00400320                __aeabi_ldiv0
                0x00400320                __aeabi_idiv0
 *fill*         0x00400324        0xc 
 .text          0x00400330      0x2ac /opt/gcc-arm-none-eabi-4_9-2015q3/bin/../lib/gcc/arm-none-eabi/4.9.3/armv7-m/libgcc.a(_divdi3.o)
                0x00400330                __divdi3
 *fill*         0x004005dc        0x4 
 .text          0x004005e0      0x270 /opt/gcc-arm-none-eabi-4_9-2015q3/bin/../lib/gcc/arm-none-eabi/4.9.3/armv7-m/libgcc.a(_udivdi3.o)
                0x004005e0                __udivdi3
 *(.text.*)
 .text.__late_init
                0x00400850        0x4 build/obj/crt0.o
                0x00400850                __late_init
 *fill*         0x00400854        0xc 
 .text._default_exit
                0x00400860        0x4 build/obj/crt0.o
                0x00400860                _default_exit
 *fill*         0x00400864        0xc 
 .text.ResetHandler
                0x00400870      0x108 build/obj/crt0.o
                0x00400870                ResetHandler
 *fill*         0x00400978        0x8 
 .text._unhandled_exception
                0x00400980        0x4 build/obj/vectors.o
                0x00400980                Vector58
                0x00400980                Vector9C
                0x00400980                VectorAC
                0x00400980                Vector5C
                0x00400980                NMIVector
                0x00400980                Vector8C
                0x00400980                VectorC8
                0x00400980                Vector94
                0x00400980                VectorA8
                0x00400980                VectorB4
                0x00400980                Vector74
                0x00400980                UsageFaultVector
                0x00400980                DebugMonitorVector
                0x00400980                Vector40
                0x00400980                VectorBC
                0x00400980                PendSVVector
                0x00400980                VectorCC
                0x00400980                Vector54
                0x00400980                Vector98
                0x00400980                Vector24
                0x00400980                Vector84
                0x00400980                BusFaultVector
                0x00400980                VectorC0
                0x00400980                HardFaultVector
                0x00400980                MemManageVector
                0x00400980                Vector6C
                0x00400980                VectorA0
                0x00400980                VectorC4
                0x00400980                Vector7C
                0x00400980                VectorB0
                0x00400980                Vector90
                0x00400980                Vector1C
                0x00400980                Vector48
                0x00400980                Vector70
                0x00400980                Vector4C
                0x00400980                Vector80
                0x00400980                Vector68
                0x00400980                Vector78
                0x00400980                _unhandled_exception
                0x00400980                Vector88
                0x00400980                Vector50
                0x00400980                Vector44
                0x00400980                Vector28
                0x00400980                VectorB8
                0x00400980                Vector34
                0x00400980                VectorA4
                0x00400980                Vector20
 *fill*         0x00400984        0xc 
 .text._port_switch_from_isr
                0x00400990        0x8 build/obj/chcore_v7m.o
                0x00400990                _port_switch_from_isr
 *fill*         0x00400998        0x8 
 .text.SVCallVector
                0x004009a0       0x14 build/obj/chcore_v7m.o
                0x004009a0                SVCallVector
 *fill*         0x004009b4        0xc 
 .text._port_init
                0x004009c0       0x34 build/obj/chcore_v7m.o
                0x004009c0                _port_init
 *fill*         0x004009f4        0xc 
 .text._port_irq_epilogue
                0x00400a00       0x74 build/obj/chcore_v7m.o
                0x00400a00                _port_irq_epilogue
 *fill*         0x00400a74        0xc 
 .text.SysTickVector
                0x00400a80       0x1c build/obj/chcore_v7m.o
                0x00400a80                SysTickVector
 *fill*         0x00400a9c        0x4 
 .text._port_switch
                0x00400aa0       0x10 build/obj/chcore_v7m.o
                0x00400aa0                _port_switch
 .text._port_thread_start
                0x00400ab0       0x10 build/obj/chcore_v7m.o
                0x00400ab0                _port_thread_start
 .text.nvicEnableVector
                0x00400ac0       0x48 build/obj/nvic.o
                0x00400ac0                nvicEnableVector
 *fill*         0x00400b08        0x8 
 .text.nvicSetSystemHandlerPriority
                0x00400b10       0x2c build/obj/nvic.o
                0x00400b10                nvicSetSystemHandlerPriority
 *fill*         0x00400b3c        0x4 
 .text._idle_thread
                0x00400b40       0x14 build/obj/chsys.o
                0x00400b40                _idle_thread
 *fill*         0x00400b54        0xc 
 .text.chSysInit
                0x00400b60       0x5c build/obj/chsys.o
                0x00400b60                chSysInit
 *fill*         0x00400bbc        0x4 
 .text.chSysTimerHandlerI
                0x00400bc0       0x50 build/obj/chsys.o
                0x00400bc0                chSysTimerHandlerI
 .text._vt_init
                0x00400c10       0x18 build/obj/chvt.o
                0x00400c10                _vt_init
 *fill*         0x00400c28        0x8 
 .text.chVTSetI
                0x00400c30       0x3c build/obj/chvt.o
                0x00400c30                chVTSetI
 *fill*         0x00400c6c        0x4 
 .text.chVTResetI
                0x00400c70       0x24 build/obj/chvt.o
                0x00400c70                chVTResetI
 *fill*         0x00400c94        0xc 
 .text.wakeup   0x00400ca0       0x58 build/obj/chschd.o
 *fill*         0x00400cf8        0x8 
 .text._scheduler_init
                0x00400d00       0x18 build/obj/chschd.o
                0x00400d00                _scheduler_init
 *fill*         0x00400d18        0x8 
 .text.chSchReadyI
                0x00400d20       0x2c build/obj/chschd.o
                0x00400d20                chSchReadyI
 *fill*         0x00400d4c        0x4 
 .text.chSchGoSleepS
                0x00400d50       0x28 build/obj/chschd.o
                0x00400d50                chSchGoSleepS
 *fill*         0x00400d78        0x8 
 .text.chSchGoSleepTimeoutS
                0x00400d80       0x44 build/obj/chschd.o
                0x00400d80                chSchGoSleepTimeoutS
 *fill*         0x00400dc4        0xc 
 .text.chSchWakeupS
                0x00400dd0       0x5c build/obj/chschd.o
                0x00400dd0                chSchWakeupS
 *fill*         0x00400e2c        0x4 
 .text.chSchDoReschedule
                0x00400e30       0x48 build/obj/chschd.o
                0x00400e30                chSchDoReschedule
 *fill*         0x00400e78        0x8 
 .text._thread_init
                0x00400e80       0x44 build/obj/chthreads.o
                0x00400e80                _thread_init
 *fill*         0x00400ec4        0xc 
 .text.chThdCreateStatic
                0x00400ed0       0x80 build/obj/chthreads.o
                0x00400ed0                chThdCreateStatic
 .text.chThdSleep
                0x00400f50       0x18 build/obj/chthreads.o
                0x00400f50                chThdSleep
 *fill*         0x00400f68        0x8 
 .text.chThdExitS
                0x00400f70       0x40 build/obj/chthreads.o
                0x00400f70                chThdExitS
 .text.chThdExit
                0x00400fb0        0xc build/obj/chthreads.o
                0x00400fb0                chThdExit
 *fill*         0x00400fbc        0x4 
 .text.chMtxInit
                0x00400fc0        0xc build/obj/chmtx.o
                0x00400fc0                chMtxInit
 *fill*         0x00400fcc        0x4 
 .text.chEvtSignalFlagsI
                0x00400fd0       0x30 build/obj/chevents.o
                0x00400fd0                chEvtSignalFlagsI
 .text.chEvtBroadcastFlagsI
                0x00401000       0x20 build/obj/chevents.o
                0x00401000                chEvtBroadcastFlagsI
 .text.qwait    0x00401020       0x2c build/obj/chqueues.o
 *fill*         0x0040104c        0x4 
 .text.chIQInit
                0x00401050       0x1c build/obj/chqueues.o
                0x00401050                chIQInit
 *fill*         0x0040106c        0x4 
 .text.chIQPutI
                0x00401070       0x4c build/obj/chqueues.o
                0x00401070                chIQPutI
 *fill*         0x004010bc        0x4 
 .text.chIQGetTimeout
                0x004010c0       0x50 build/obj/chqueues.o
                0x004010c0                chIQGetTimeout
 .text.chIQReadTimeout
                0x00401110       0x70 build/obj/chqueues.o
                0x00401110                chIQReadTimeout
 .text.chOQInit
                0x00401180       0x1c build/obj/chqueues.o
                0x00401180                chOQInit
 *fill*         0x0040119c        0x4 
 .text.chOQPutTimeout
                0x004011a0       0x54 build/obj/chqueues.o
                0x004011a0                chOQPutTimeout
 *fill*         0x004011f4        0xc 
 .text.chOQGetI
                0x00401200       0x48 build/obj/chqueues.o
                0x00401200                chOQGetI
 *fill*         0x00401248        0x8 
 .text.chOQWriteTimeout
                0x00401250       0x80 build/obj/chqueues.o
                0x00401250                chOQWriteTimeout
 .text._core_init
                0x004012d0       0x28 build/obj/chmemcore.o
                0x004012d0                _core_init
 *fill*         0x004012f8        0x8 
 .text.chCoreAlloc
                0x00401300       0x38 build/obj/chmemcore.o
                0x00401300                chCoreAlloc
 *fill*         0x00401338        0x8 
 .text._heap_init
                0x00401340       0x1c build/obj/chheap.o
                0x00401340                _heap_init
 *fill*         0x0040135c        0x4 
 .text.halInit  0x00401360       0x1c build/obj/hal.o
                0x00401360                halInit
 *fill*         0x0040137c        0x4 
 .text.putwouldblock
                0x00401380        0xc build/obj/serial.o
 *fill*         0x0040138c        0x4 
 .text.getwouldblock
                0x00401390        0xc build/obj/serial.o
 *fill*         0x0040139c        0x4 
 .text.getflags
                0x004013a0       0x18 build/obj/serial.o
 *fill*         0x004013b8        0x8 
 .text.readt    0x004013c0        0x8 build/obj/serial.o
 *fill*         0x004013c8        0x8 
 .text.reads    0x004013d0        0xc build/obj/serial.o
 *fill*         0x004013dc        0x4 
 .text.writet   0x004013e0        0x8 build/obj/serial.o
 *fill*         0x004013e8        0x8 
 .text.writes   0x004013f0        0xc build/obj/serial.o
 *fill*         0x004013fc        0x4 
 .text.gett     0x00401400        0x8 build/obj/serial.o
 *fill*         0x00401408        0x8 
 .text.putt     0x00401410        0x8 build/obj/serial.o
 *fill*         0x00401418        0x8 
 .text.sdInit   0x00401420        0x4 build/obj/serial.o
                0x00401420                sdInit
 *fill*         0x00401424        0xc 
 .text.sdObjectInit
                0x00401430       0x40 build/obj/serial.o
                0x00401430                sdObjectInit
 .text.sdStart  0x00401470       0x1c build/obj/serial.o
                0x00401470                sdStart
 *fill*         0x0040148c        0x4 
 .text.sdIncomingDataI
                0x00401490       0x4c build/obj/serial.o
                0x00401490                sdIncomingDataI
 *fill*         0x004014dc        0x4 
 .text.hal_lld_init
                0x004014e0       0x38 build/obj/hal_lld.o
                0x004014e0                hal_lld_init
 *fill*         0x00401518        0x8 
 .text.at91sam3_clock_init
                0x00401520        0x4 build/obj/hal_lld.o
                0x00401520                at91sam3_clock_init
 *fill*         0x00401524        0xc 
 .text.SystemCoreClockUpdate
                0x00401530       0xf4 build/obj/system_SAM3.o
                0x00401530                SystemCoreClockUpdate
 *fill*         0x00401624        0xc 
 .text.SystemInit
                0x00401630       0x94 build/obj/system_SAM3.o
                0x00401630                SystemInit
 *fill*         0x004016c4        0xc 
 .text._pal_lld_init
                0x004016d0       0xb8 build/obj/pal_lld.o
                0x004016d0                _pal_lld_init
 *fill*         0x00401788        0x8 
 .text._pal_lld_setgroupmode
                0x00401790       0x34 build/obj/pal_lld.o
                0x00401790                _pal_lld_setgroupmode
 *fill*         0x004017c4        0xc 
 .text.notify1  0x004017d0        0xc build/obj/serial_lld.o
 *fill*         0x004017dc        0x4 
 .text.notify2  0x004017e0        0xc build/obj/serial_lld.o
 *fill*         0x004017ec        0x4 
 .text.serve_interrupt
                0x004017f0       0xa4 build/obj/serial_lld.o
 *fill*         0x00401894        0xc 
 .text.Vector60
                0x004018a0       0x14 build/obj/serial_lld.o
                0x004018a0                Vector60
 *fill*         0x004018b4        0xc 
 .text.Vector64
                0x004018c0       0x14 build/obj/serial_lld.o
                0x004018c0                Vector64
 *fill*         0x004018d4        0xc 
 .text.sd_lld_init
                0x004018e0       0x58 build/obj/serial_lld.o
                0x004018e0                sd_lld_init
 *fill*         0x00401938        0x8 
 .text.sd_lld_start
                0x00401940       0xa4 build/obj/serial_lld.o
                0x00401940                sd_lld_start
 *fill*         0x004019e4        0xc 
 .text.calcul_startup
                0x004019f0       0x8c build/obj/atmel_adc.o
 *fill*         0x00401a7c        0x4 
 .text.ADC_Initialize
                0x00401a80       0x30 build/obj/atmel_adc.o
                0x00401a80                ADC_Initialize
 .text.ADC_cfgFrequency
                0x00401ab0       0x14 build/obj/atmel_adc.o
                0x00401ab0                ADC_cfgFrequency
 *fill*         0x00401ac4        0xc 
 .text.ADC_check
                0x00401ad0       0xf8 build/obj/atmel_adc.o
                0x00401ad0                ADC_check
 *fill*         0x00401bc8        0x8 
 .text.PIO_Configure
                0x00401bd0      0x154 build/obj/pio.o
                0x00401bd0                PIO_Configure
 *fill*         0x00401d24        0xc 
 .text.PMC_EnablePeripheral
                0x00401d30       0x50 build/obj/pmc.o
                0x00401d30                PMC_EnablePeripheral
 .text.PmcMasterClockSelection
                0x00401d80       0x90 build/obj/pmc.o
                0x00401d80                PmcMasterClockSelection
 .text.ConfigurePck
                0x00401e10       0x2c build/obj/pmc.o
                0x00401e10                ConfigurePck
 *fill*         0x00401e3c        0x4 
 .text.PmcConfigurePllClock
                0x00401e40       0x60 build/obj/pmc.o
                0x00401e40                PmcConfigurePllClock
 .text.__early_init
                0x00401ea0       0x10 build/obj/board.o
                0x00401ea0                __early_init
 .text.boardInit
                0x00401eb0       0x5c build/obj/board.o
                0x00401eb0                boardInit
 *fill*         0x00401f0c        0x4 
 .text._read_r  0x00401f10        0xc build/obj/syscalls.o
                0x00401f10                _read_r
 *fill*         0x00401f1c        0x4 
 .text._lseek_r
                0x00401f20        0x4 build/obj/syscalls.o
                0x00401f20                _lseek_r
 *fill*         0x00401f24        0xc 
 .text._write_r
                0x00401f30        0x4 build/obj/syscalls.o
                0x00401f30                _write_r
 *fill*         0x00401f34        0xc 
 .text._close_r
                0x00401f40        0x4 build/obj/syscalls.o
                0x00401f40                _close_r
 *fill*         0x00401f44        0xc 
 .text._sbrk_r  0x00401f50       0x18 build/obj/syscalls.o
                0x00401f50                _sbrk_r
 *fill*         0x00401f68        0x8 
 .text._fstat_r
                0x00401f70       0x18 build/obj/syscalls.o
                0x00401f70                _fstat_r
 *fill*         0x00401f88        0x8 
 .text._isatty_r
                0x00401f90        0x4 build/obj/syscalls.o
                0x00401f90                _isatty_r
 *fill*         0x00401f94        0xc 
 .text._getpid  0x00401fa0        0x4 build/obj/syscalls.o
                0x00401fa0                _getpid
 *fill*         0x00401fa4        0xc 
 .text._exit    0x00401fb0        0x4 build/obj/syscalls.o
                0x00401fb0                _exit
 *fill*         0x00401fb4        0xc 
 .text._kill    0x00401fc0        0x8 build/obj/syscalls.o
                0x00401fc0                _kill
 *fill*         0x00401fc8        0x8 
 .text.ltoa     0x00401fd0       0x40 build/obj/chprintf.o
 .text.chprintf
                0x00402010      0x378 build/obj/chprintf.o
                0x00402010                chprintf
 *fill*         0x00402388        0x8 
 .text.Thread1  0x00402390       0x20 build/obj/main.o
 .text.__assert_func
                0x004023b0       0x3c /opt/gcc-arm-none-eabi-4_9-2015q3/bin/../lib/gcc/arm-none-eabi/4.9.3/../../../../arm-none-eabi/lib/armv7-m/libc.a(lib_a-assert.o)
                0x004023b0                __assert_func
 *fill*         0x004023ec        0x4 
 .text.fiprintf
                0x004023f0       0x28 /opt/gcc-arm-none-eabi-4_9-2015q3/bin/../lib/gcc/arm-none-eabi/4.9.3/../../../../arm-none-eabi/lib/armv7-m/libc.a(lib_a-fiprintf.o)
                0x004023f0                fiprintf
 *fill*         0x00402418        0x8 
 .text.memset   0x00402420       0x9c /opt/gcc-arm-none-eabi-4_9-2015q3/bin/../lib/gcc/arm-none-eabi/4.9.3/../../../../arm-none-eabi/lib/armv7-m/libc.a(lib_a-memset.o)
                0x00402420                memset
 *fill*         0x004024bc        0x4 
 .text.__sprint_r.part.0
                0x004024c0       0x78 /opt/gcc-arm-none-eabi-4_9-2015q3/bin/../lib/gcc/arm-none-eabi/4.9.3/../../../../arm-none-eabi/lib/armv7-m/libc.a(lib_a-vfiprintf.o)
 *fill*         0x00402538        0x8 
 .text._vfiprintf_r
                0x00402540      0xc10 /opt/gcc-arm-none-eabi-4_9-2015q3/bin/../lib/gcc/arm-none-eabi/4.9.3/../../../../arm-none-eabi/lib/armv7-m/libc.a(lib_a-vfiprintf.o)
                0x00402540                _vfiprintf_r
 .text.__sbprintf
                0x00403150       0x7c /opt/gcc-arm-none-eabi-4_9-2015q3/bin/../lib/gcc/arm-none-eabi/4.9.3/../../../../arm-none-eabi/lib/armv7-m/libc.a(lib_a-vfiprintf.o)
 *fill*         0x004031cc        0x4 
 .text.__swsetup_r
                0x004031d0       0xc4 /opt/gcc-arm-none-eabi-4_9-2015q3/bin/../lib/gcc/arm-none-eabi/4.9.3/../../../../arm-none-eabi/lib/armv7-m/libc.a(lib_a-wsetup.o)
                0x004031d0                __swsetup_r
 *fill*         0x00403294        0xc 
 .text.abort    0x004032a0       0x10 /opt/gcc-arm-none-eabi-4_9-2015q3/bin/../lib/gcc/arm-none-eabi/4.9.3/../../../../arm-none-eabi/lib/armv7-m/libc.a(lib_a-abort.o)
                0x004032a0                abort
 .text.__sflush_r
                0x004032b0      0x148 /opt/gcc-arm-none-eabi-4_9-2015q3/bin/../lib/gcc/arm-none-eabi/4.9.3/../../../../arm-none-eabi/lib/armv7-m/libc.a(lib_a-fflush.o)
                0x004032b0                __sflush_r
 *fill*         0x004033f8        0x8 
 .text._fflush_r
                0x00403400       0x2c /opt/gcc-arm-none-eabi-4_9-2015q3/bin/../lib/gcc/arm-none-eabi/4.9.3/../../../../arm-none-eabi/lib/armv7-m/libc.a(lib_a-fflush.o)
                0x00403400                _fflush_r
 *fill*         0x0040342c        0x4 
 .text._cleanup_r
                0x00403430        0xc /opt/gcc-arm-none-eabi-4_9-2015q3/bin/../lib/gcc/arm-none-eabi/4.9.3/../../../../arm-none-eabi/lib/armv7-m/libc.a(lib_a-findfp.o)
                0x00403430                _cleanup_r
 *fill*         0x0040343c        0x4 
 .text.__sinit.part.1
                0x00403440       0xf0 /opt/gcc-arm-none-eabi-4_9-2015q3/bin/../lib/gcc/arm-none-eabi/4.9.3/../../../../arm-none-eabi/lib/armv7-m/libc.a(lib_a-findfp.o)
 .text.__sinit  0x00403530        0xc /opt/gcc-arm-none-eabi-4_9-2015q3/bin/../lib/gcc/arm-none-eabi/4.9.3/../../../../arm-none-eabi/lib/armv7-m/libc.a(lib_a-findfp.o)
                0x00403530                __sinit
 *fill*         0x0040353c        0x4 
 .text.__sfp_lock_acquire
                0x00403540        0x4 /opt/gcc-arm-none-eabi-4_9-2015q3/bin/../lib/gcc/arm-none-eabi/4.9.3/../../../../arm-none-eabi/lib/armv7-m/libc.a(lib_a-findfp.o)
                0x00403540                __sfp_lock_acquire
 *fill*         0x00403544        0xc 
 .text.__sfp_lock_release
                0x00403550        0x4 /opt/gcc-arm-none-eabi-4_9-2015q3/bin/../lib/gcc/arm-none-eabi/4.9.3/../../../../arm-none-eabi/lib/armv7-m/libc.a(lib_a-findfp.o)
                0x00403550                __sfp_lock_release
 *fill*         0x00403554        0xc 
 .text.__fputwc
                0x00403560       0xb0 /opt/gcc-arm-none-eabi-4_9-2015q3/bin/../lib/gcc/arm-none-eabi/4.9.3/../../../../arm-none-eabi/lib/armv7-m/libc.a(lib_a-fputwc.o)
                0x00403560                __fputwc
 .text._fputwc_r
                0x00403610       0x24 /opt/gcc-arm-none-eabi-4_9-2015q3/bin/../lib/gcc/arm-none-eabi/4.9.3/../../../../arm-none-eabi/lib/armv7-m/libc.a(lib_a-fputwc.o)
                0x00403610                _fputwc_r
 *fill*         0x00403634        0xc 
 .text._malloc_trim_r
                0x00403640       0x9c /opt/gcc-arm-none-eabi-4_9-2015q3/bin/../lib/gcc/arm-none-eabi/4.9.3/../../../../arm-none-eabi/lib/armv7-m/libc.a(lib_a-freer.o)
                0x00403640                _malloc_trim_r
 *fill*         0x004036dc        0x4 
 .text._free_r  0x004036e0      0x1b0 /opt/gcc-arm-none-eabi-4_9-2015q3/bin/../lib/gcc/arm-none-eabi/4.9.3/../../../../arm-none-eabi/lib/armv7-m/libc.a(lib_a-freer.o)
                0x004036e0                _free_r
 .text.__sfvwrite_r
                0x00403890      0x320 /opt/gcc-arm-none-eabi-4_9-2015q3/bin/../lib/gcc/arm-none-eabi/4.9.3/../../../../arm-none-eabi/lib/armv7-m/libc.a(lib_a-fvwrite.o)
                0x00403890                __sfvwrite_r
 .text._fwalk_reent
                0x00403bb0       0x50 /opt/gcc-arm-none-eabi-4_9-2015q3/bin/../lib/gcc/arm-none-eabi/4.9.3/../../../../arm-none-eabi/lib/armv7-m/libc.a(lib_a-fwalk.o)
                0x00403bb0                _fwalk_reent
 .text.__locale_charset
                0x00403c00        0x8 /opt/gcc-arm-none-eabi-4_9-2015q3/bin/../lib/gcc/arm-none-eabi/4.9.3/../../../../arm-none-eabi/lib/armv7-m/libc.a(lib_a-locale.o)
                0x00403c00                __locale_charset
 *fill*         0x00403c08        0x8 
 .text.__locale_mb_cur_max
                0x00403c10        0xc /opt/gcc-arm-none-eabi-4_9-2015q3/bin/../lib/gcc/arm-none-eabi/4.9.3/../../../../arm-none-eabi/lib/armv7-m/libc.a(lib_a-locale.o)
                0x00403c10                __locale_mb_cur_max
 *fill*         0x00403c1c        0x4 
 .text.__smakebuf_r
                0x00403c20       0xe0 /opt/gcc-arm-none-eabi-4_9-2015q3/bin/../lib/gcc/arm-none-eabi/4.9.3/../../../../arm-none-eabi/lib/armv7-m/libc.a(lib_a-makebuf.o)
                0x00403c20                __smakebuf_r
 .text._malloc_r
                0x00403d00      0x50c /opt/gcc-arm-none-eabi-4_9-2015q3/bin/../lib/gcc/arm-none-eabi/4.9.3/../../../../arm-none-eabi/lib/armv7-m/libc.a(lib_a-mallocr.o)
                0x00403d00                _malloc_r
 *fill*         0x0040420c        0x4 
 .text.memchr   0x00404210       0x94 /opt/gcc-arm-none-eabi-4_9-2015q3/bin/../lib/gcc/arm-none-eabi/4.9.3/../../../../arm-none-eabi/lib/armv7-m/libc.a(lib_a-memchr.o)
                0x00404210                memchr
 *fill*         0x004042a4        0xc 
 .text.memmove  0x004042b0       0xc8 /opt/gcc-arm-none-eabi-4_9-2015q3/bin/../lib/gcc/arm-none-eabi/4.9.3/../../../../arm-none-eabi/lib/armv7-m/libc.a(lib_a-memmove.o)
                0x004042b0                memmove
 *fill*         0x00404378        0x8 
 .text.__malloc_lock
                0x00404380        0x4 /opt/gcc-arm-none-eabi-4_9-2015q3/bin/../lib/gcc/arm-none-eabi/4.9.3/../../../../arm-none-eabi/lib/armv7-m/libc.a(lib_a-mlock.o)
                0x00404380                __malloc_lock
 *fill*         0x00404384        0xc 
 .text.__malloc_unlock
                0x00404390        0x4 /opt/gcc-arm-none-eabi-4_9-2015q3/bin/../lib/gcc/arm-none-eabi/4.9.3/../../../../arm-none-eabi/lib/armv7-m/libc.a(lib_a-mlock.o)
                0x00404390                __malloc_unlock
 *fill*         0x00404394        0xc 
 .text._realloc_r
                0x004043a0      0x3e0 /opt/gcc-arm-none-eabi-4_9-2015q3/bin/../lib/gcc/arm-none-eabi/4.9.3/../../../../arm-none-eabi/lib/armv7-m/libc.a(lib_a-reallocr.o)
                0x004043a0                _realloc_r
 .text._raise_r
                0x00404780       0x58 /opt/gcc-arm-none-eabi-4_9-2015q3/bin/../lib/gcc/arm-none-eabi/4.9.3/../../../../arm-none-eabi/lib/armv7-m/libc.a(lib_a-signal.o)
                0x00404780                _raise_r
 *fill*         0x004047d8        0x8 
 .text.raise    0x004047e0       0x10 /opt/gcc-arm-none-eabi-4_9-2015q3/bin/../lib/gcc/arm-none-eabi/4.9.3/../../../../arm-none-eabi/lib/armv7-m/libc.a(lib_a-signal.o)
                0x004047e0                raise
 .text._kill_r  0x004047f0       0x28 /opt/gcc-arm-none-eabi-4_9-2015q3/bin/../lib/gcc/arm-none-eabi/4.9.3/../../../../arm-none-eabi/lib/armv7-m/libc.a(lib_a-signalr.o)
                0x004047f0                _kill_r
 *fill*         0x00404818        0x8 
 .text._getpid_r
                0x00404820        0x4 /opt/gcc-arm-none-eabi-4_9-2015q3/bin/../lib/gcc/arm-none-eabi/4.9.3/../../../../arm-none-eabi/lib/armv7-m/libc.a(lib_a-signalr.o)
                0x00404820                _getpid_r
 *fill*         0x00404824        0xc 
 .text.__sread  0x00404830       0x24 /opt/gcc-arm-none-eabi-4_9-2015q3/bin/../lib/gcc/arm-none-eabi/4.9.3/../../../../arm-none-eabi/lib/armv7-m/libc.a(lib_a-stdio.o)
                0x00404830                __sread
 *fill*         0x00404854        0xc 
 .text.__swrite
                0x00404860       0x38 /opt/gcc-arm-none-eabi-4_9-2015q3/bin/../lib/gcc/arm-none-eabi/4.9.3/../../../../arm-none-eabi/lib/armv7-m/libc.a(lib_a-stdio.o)
                0x00404860                __swrite
 *fill*         0x00404898        0x8 
 .text.__sseek  0x004048a0       0x20 /opt/gcc-arm-none-eabi-4_9-2015q3/bin/../lib/gcc/arm-none-eabi/4.9.3/../../../../arm-none-eabi/lib/armv7-m/libc.a(lib_a-stdio.o)
                0x004048a0                __sseek
 .text.__sclose
                0x004048c0        0x8 /opt/gcc-arm-none-eabi-4_9-2015q3/bin/../lib/gcc/arm-none-eabi/4.9.3/../../../../arm-none-eabi/lib/armv7-m/libc.a(lib_a-stdio.o)
                0x004048c0                __sclose
 *fill*         0x004048c8        0x8 
 .text.strlen   0x004048d0       0x5c /opt/gcc-arm-none-eabi-4_9-2015q3/bin/../lib/gcc/arm-none-eabi/4.9.3/../../../../arm-none-eabi/lib/armv7-m/libc.a(lib_a-strlen.o)
                0x004048d0                strlen
 *fill*         0x0040492c        0x4 
 .text.__swbuf_r
                0x00404930       0xa8 /opt/gcc-arm-none-eabi-4_9-2015q3/bin/../lib/gcc/arm-none-eabi/4.9.3/../../../../arm-none-eabi/lib/armv7-m/libc.a(lib_a-wbuf.o)
                0x00404930                __swbuf_r
 *fill*         0x004049d8        0x8 
 .text._wcrtomb_r
                0x004049e0       0x54 /opt/gcc-arm-none-eabi-4_9-2015q3/bin/../lib/gcc/arm-none-eabi/4.9.3/../../../../arm-none-eabi/lib/armv7-m/libc.a(lib_a-wcrtomb.o)
                0x004049e0                _wcrtomb_r
 *fill*         0x00404a34        0xc 
 .text.__ascii_wctomb
                0x00404a40       0x1c /opt/gcc-arm-none-eabi-4_9-2015q3/bin/../lib/gcc/arm-none-eabi/4.9.3/../../../../arm-none-eabi/lib/armv7-m/libc.a(lib_a-wctomb_r.o)
                0x00404a40                __ascii_wctomb
 *fill*         0x00404a5c        0x4 
 .text._fclose_r
                0x00404a60       0x84 /opt/gcc-arm-none-eabi-4_9-2015q3/bin/../lib/gcc/arm-none-eabi/4.9.3/../../../../arm-none-eabi/lib/armv7-m/libc.a(lib_a-fclose.o)
                0x00404a60                _fclose_r
 *(.rodata)
 *(.rodata.*)
 *fill*         0x00404ae4        0xc 
 .rodata.str1.4
                0x00404af0        0xd build/obj/chsys.o
 *fill*         0x00404afd        0x3 
 .rodata.vmt    0x00404b00       0x24 build/obj/serial.o
 *fill*         0x00404b24        0xc 
 .rodata.default_config
                0x00404b30        0x8 build/obj/serial_lld.o
 *fill*         0x00404b38        0x8 
 .rodata.str1.4
                0x00404b40      0x160 build/obj/atmel_adc.o
 .rodata.__func__.4792
                0x00404ca0       0x15 build/obj/pmc.o
 *fill*         0x00404cb5        0xb 
 .rodata.str1.4
                0x00404cc0       0x72 build/obj/pmc.o
 *fill*         0x00404d32        0xe 
 .rodata.pal_default_config
                0x00404d40       0x24 build/obj/board.o
                0x00404d40                pal_default_config
 *fill*         0x00404d64        0xc 
 .rodata.str1.4
                0x00404d70        0x7 build/obj/chprintf.o
 *fill*         0x00404d77        0x9 
 .rodata.pinPCK
                0x00404d80        0xc build/obj/main.o
                0x00404d80                pinPCK
 *fill*         0x00404d8c        0x4 
 .rodata.str1.4
                0x00404d90       0x12 build/obj/main.o
 *fill*         0x00404da2        0xe 
 .rodata.str1.4
                0x00404db0       0x3f /opt/gcc-arm-none-eabi-4_9-2015q3/bin/../lib/gcc/arm-none-eabi/4.9.3/../../../../arm-none-eabi/lib/armv7-m/libc.a(lib_a-assert.o)
                                 0x43 (size before relaxing)
 *fill*         0x00404def        0x1 
 .rodata.str1.4
                0x00404df0        0x2 /opt/gcc-arm-none-eabi-4_9-2015q3/bin/../lib/gcc/arm-none-eabi/4.9.3/../../../../arm-none-eabi/lib/armv7-m/libc.a(lib_a-impure.o)
 *fill*         0x00404df2        0xe 
 .rodata.zeroes.6869
                0x00404e00       0x10 /opt/gcc-arm-none-eabi-4_9-2015q3/bin/../lib/gcc/arm-none-eabi/4.9.3/../../../../arm-none-eabi/lib/armv7-m/libc.a(lib_a-vfiprintf.o)
 .rodata.str1.4
                0x00404e10       0x28 /opt/gcc-arm-none-eabi-4_9-2015q3/bin/../lib/gcc/arm-none-eabi/4.9.3/../../../../arm-none-eabi/lib/armv7-m/libc.a(lib_a-vfiprintf.o)
                                 0x2f (size before relaxing)
 *fill*         0x00404e38        0x8 
 .rodata.blanks.6868
                0x00404e40       0x10 /opt/gcc-arm-none-eabi-4_9-2015q3/bin/../lib/gcc/arm-none-eabi/4.9.3/../../../../arm-none-eabi/lib/armv7-m/libc.a(lib_a-vfiprintf.o)
 *(.glue_7t)
 .glue_7t       0x00000000        0x0 linker stubs
 *(.glue_7)
 .glue_7        0x00000000        0x0 linker stubs
 *(.gcc*)

.vfp11_veneer   0x00404e50        0x0
 .vfp11_veneer  0x00000000        0x0 linker stubs

.v4_bx          0x00404e50        0x0
 .v4_bx         0x00000000        0x0 linker stubs

.iplt           0x00404e50        0x0
 .iplt          0x00000000        0x0 build/obj/crt0.o

.ARM.extab
 *(.ARM.extab* .gnu.linkonce.armextab.*)

.ARM.exidx      0x00404e50        0x8
                0x00404e50                PROVIDE (__exidx_start, .)
 *(.ARM.exidx* .gnu.linkonce.armexidx.*)
 .ARM.exidx     0x00404e50        0x8 /opt/gcc-arm-none-eabi-4_9-2015q3/bin/../lib/gcc/arm-none-eabi/4.9.3/armv7-m/libgcc.a(_divdi3.o)
 .ARM.exidx     0x00404e58        0x0 /opt/gcc-arm-none-eabi-4_9-2015q3/bin/../lib/gcc/arm-none-eabi/4.9.3/armv7-m/libgcc.a(_udivdi3.o)
                                  0x8 (size before relaxing)
                0x00404e58                PROVIDE (__exidx_end, .)

.rel.dyn        0x00404e58        0x0
 .rel.iplt      0x00000000        0x0 build/obj/crt0.o

.eh_frame_hdr
 *(.eh_frame_hdr)

.eh_frame
 *(.eh_frame)

.textalign      0x00404e58        0x0
                0x00404e58                . = ALIGN (0x8)
                0x00404e58                _etext = .
                0x00404e58                _textdata = _etext

.stacks         0x20000000      0x800
                0x20000000                . = ALIGN (0x8)
                0x20000000                __main_stack_base__ = .
                0x20000400                . = (. + __main_stack_size__)
 *fill*         0x20000000      0x400 
                0x20000400                . = ALIGN (0x8)
                0x20000400                __main_stack_end__ = .
                0x20000400                __process_stack_base__ = .
                0x20000400                __main_thread_stack_base__ = .
                0x20000800                . = (. + __process_stack_size__)
 *fill*         0x20000400      0x400 
                0x20000800                . = ALIGN (0x8)
                0x20000800                __process_stack_end__ = .
                0x20000800                __main_thread_stack_end__ = .

.data           0x20000800      0x86c load address 0x00404e58
                0x20000800                . = ALIGN (0x4)
                0x20000800                PROVIDE (_data, .)
 *(.data)
                0x20000800                . = ALIGN (0x4)
 *(.data.*)
 .data.SystemCoreClock
                0x20000800        0x4 build/obj/system_SAM3.o
                0x20000800                SystemCoreClock
 *fill*         0x20000804        0x4 
 .data.impure_data
                0x20000808      0x428 /opt/gcc-arm-none-eabi-4_9-2015q3/bin/../lib/gcc/arm-none-eabi/4.9.3/../../../../arm-none-eabi/lib/armv7-m/libc.a(lib_a-impure.o)
 .data._impure_ptr
                0x20000c30        0x4 /opt/gcc-arm-none-eabi-4_9-2015q3/bin/../lib/gcc/arm-none-eabi/4.9.3/../../../../arm-none-eabi/lib/armv7-m/libc.a(lib_a-impure.o)
                0x20000c30                _impure_ptr
 .data.lc_ctype_charset
                0x20000c34       0x20 /opt/gcc-arm-none-eabi-4_9-2015q3/bin/../lib/gcc/arm-none-eabi/4.9.3/../../../../arm-none-eabi/lib/armv7-m/libc.a(lib_a-locale.o)
 .data.__mb_cur_max
                0x20000c54        0x4 /opt/gcc-arm-none-eabi-4_9-2015q3/bin/../lib/gcc/arm-none-eabi/4.9.3/../../../../arm-none-eabi/lib/armv7-m/libc.a(lib_a-locale.o)
                0x20000c54                __mb_cur_max
 .data.__malloc_av_
                0x20000c58      0x408 /opt/gcc-arm-none-eabi-4_9-2015q3/bin/../lib/gcc/arm-none-eabi/4.9.3/../../../../arm-none-eabi/lib/armv7-m/libc.a(lib_a-mallocr.o)
                0x20000c58                __malloc_av_
 .data.__malloc_trim_threshold
                0x20001060        0x4 /opt/gcc-arm-none-eabi-4_9-2015q3/bin/../lib/gcc/arm-none-eabi/4.9.3/../../../../arm-none-eabi/lib/armv7-m/libc.a(lib_a-mallocr.o)
                0x20001060                __malloc_trim_threshold
 .data.__malloc_sbrk_base
                0x20001064        0x4 /opt/gcc-arm-none-eabi-4_9-2015q3/bin/../lib/gcc/arm-none-eabi/4.9.3/../../../../arm-none-eabi/lib/armv7-m/libc.a(lib_a-mallocr.o)
                0x20001064                __malloc_sbrk_base
 .data.__wctomb
                0x20001068        0x4 /opt/gcc-arm-none-eabi-4_9-2015q3/bin/../lib/gcc/arm-none-eabi/4.9.3/../../../../arm-none-eabi/lib/armv7-m/libc.a(lib_a-wctomb_r.o)
                0x20001068                __wctomb
                0x2000106c                . = ALIGN (0x4)
 *(.ramtext)
                0x2000106c                . = ALIGN (0x4)
                0x2000106c                PROVIDE (_edata, .)

.igot.plt       0x2000106c        0x0 load address 0x004056c4
 .igot.plt      0x00000000        0x0 build/obj/crt0.o

.bss            0x20001070      0x3b0 load address 0x004056c4
                0x20001070                . = ALIGN (0x4)
                0x20001070                PROVIDE (_bss_start, .)
 *(.bss)
                0x20001070                . = ALIGN (0x4)
 *(.bss.*)
 .bss.mainthread.4837
                0x20001070       0x48 build/obj/chsys.o
 .bss._idle_thread_wa
                0x200010b8       0xc0 build/obj/chsys.o
                0x200010b8                _idle_thread_wa
 .bss.vtlist    0x20001178       0x10 build/obj/chvt.o
                0x20001178                vtlist
 .bss.rlist     0x20001188       0x20 build/obj/chschd.o
                0x20001188                rlist
 .bss.endmem    0x200011a8        0x4 build/obj/chmemcore.o
 .bss.nextmem   0x200011ac        0x4 build/obj/chmemcore.o
 .bss.default_heap
                0x200011b0       0x20 build/obj/chheap.o
 .bss.SD1       0x200011d0       0x74 build/obj/serial_lld.o
                0x200011d0                SD1
 .bss.SD2       0x20001244       0x74 build/obj/serial_lld.o
                0x20001244                SD2
 .bss.waThread1
                0x200012b8      0x130 build/obj/main.o
 .bss.__malloc_max_total_mem
                0x200013e8        0x4 /opt/gcc-arm-none-eabi-4_9-2015q3/bin/../lib/gcc/arm-none-eabi/4.9.3/../../../../arm-none-eabi/lib/armv7-m/libc.a(lib_a-mallocr.o)
                0x200013e8                __malloc_max_total_mem
 .bss.__malloc_max_sbrked_mem
                0x200013ec        0x4 /opt/gcc-arm-none-eabi-4_9-2015q3/bin/../lib/gcc/arm-none-eabi/4.9.3/../../../../arm-none-eabi/lib/armv7-m/libc.a(lib_a-mallocr.o)
                0x200013ec                __malloc_max_sbrked_mem
 .bss.__malloc_top_pad
                0x200013f0        0x4 /opt/gcc-arm-none-eabi-4_9-2015q3/bin/../lib/gcc/arm-none-eabi/4.9.3/../../../../arm-none-eabi/lib/armv7-m/libc.a(lib_a-mallocr.o)
                0x200013f0                __malloc_top_pad
 .bss.__malloc_current_mallinfo
                0x200013f4       0x28 /opt/gcc-arm-none-eabi-4_9-2015q3/bin/../lib/gcc/arm-none-eabi/4.9.3/../../../../arm-none-eabi/lib/armv7-m/libc.a(lib_a-mallocr.o)
                0x200013f4                __malloc_current_mallinfo
                0x2000141c                . = ALIGN (0x4)
 *(COMMON)
 COMMON         0x2000141c        0x4 /opt/gcc-arm-none-eabi-4_9-2015q3/bin/../lib/gcc/arm-none-eabi/4.9.3/../../../../arm-none-eabi/lib/armv7-m/libc.a(lib_a-reent.o)
                0x2000141c                errno
                0x20001420                . = ALIGN (0x4)
                0x20001420                PROVIDE (_bss_end, .)
                0x20001420                PROVIDE (end, .)
                0x20001420                _end = .
                0x20001420                __heap_base__ = _end
                0x20008000                __heap_end__ = __ram_end__
OUTPUT(build/ch.elf elf32-littlearm)

.debug_info     0x00000000     0xddd8
 .debug_info    0x00000000      0x2ee build/obj/crt0.o
 .debug_info    0x000002ee       0xaf build/obj/vectors.o
 .debug_info    0x0000039d      0x811 build/obj/chcore_v7m.o
 .debug_info    0x00000bae      0x3fb build/obj/nvic.o
 .debug_info    0x00000fa9      0x6bb build/obj/chsys.o
 .debug_info    0x00001664      0x25e build/obj/chvt.o
 .debug_info    0x000018c2      0x8cf build/obj/chschd.o
 .debug_info    0x00002191      0xbdd build/obj/chthreads.o
 .debug_info    0x00002d6e      0x9e8 build/obj/chmtx.o
 .debug_info    0x00003756      0xcc4 build/obj/chevents.o
 .debug_info    0x0000441a      0xbaf build/obj/chqueues.o
 .debug_info    0x00004fc9      0x214 build/obj/chmemcore.o
 .debug_info    0x000051dd      0x6d7 build/obj/chheap.o
 .debug_info    0x000058b4      0x184 build/obj/hal.o
 .debug_info    0x00005a38     0x10e5 build/obj/serial.o
 .debug_info    0x00006b1d      0x173 build/obj/hal_lld.o
 .debug_info    0x00006c90      0x42a build/obj/system_SAM3.o
 .debug_info    0x000070ba      0x888 build/obj/pal_lld.o
 .debug_info    0x00007942     0x1590 build/obj/serial_lld.o
 .debug_info    0x00008ed2     0x1330 build/obj/atmel_adc.o
 .debug_info    0x0000a202      0x9e5 build/obj/pio.o
 .debug_info    0x0000abe7      0x5a4 build/obj/pmc.o
 .debug_info    0x0000b18b      0x731 build/obj/board.o
 .debug_info    0x0000b8bc      0xc89 build/obj/syscalls.o
 .debug_info    0x0000c545      0x49d build/obj/chprintf.o
 .debug_info    0x0000c9e2     0x13f6 build/obj/main.o

.debug_abbrev   0x00000000     0x337a
 .debug_abbrev  0x00000000      0x138 build/obj/crt0.o
 .debug_abbrev  0x00000138       0x73 build/obj/vectors.o
 .debug_abbrev  0x000001ab      0x23d build/obj/chcore_v7m.o
 .debug_abbrev  0x000003e8      0x10c build/obj/nvic.o
 .debug_abbrev  0x000004f4      0x20f build/obj/chsys.o
 .debug_abbrev  0x00000703      0x131 build/obj/chvt.o
 .debug_abbrev  0x00000834      0x30f build/obj/chschd.o
 .debug_abbrev  0x00000b43      0x333 build/obj/chthreads.o
 .debug_abbrev  0x00000e76      0x301 build/obj/chmtx.o
 .debug_abbrev  0x00001177      0x2c0 build/obj/chevents.o
 .debug_abbrev  0x00001437      0x333 build/obj/chqueues.o
 .debug_abbrev  0x0000176a      0x159 build/obj/chmemcore.o
 .debug_abbrev  0x000018c3      0x1e5 build/obj/chheap.o
 .debug_abbrev  0x00001aa8      0x108 build/obj/hal.o
 .debug_abbrev  0x00001bb0      0x2be build/obj/serial.o
 .debug_abbrev  0x00001e6e      0x112 build/obj/hal_lld.o
 .debug_abbrev  0x00001f80       0xe1 build/obj/system_SAM3.o
 .debug_abbrev  0x00002061      0x119 build/obj/pal_lld.o
 .debug_abbrev  0x0000217a      0x3c0 build/obj/serial_lld.o
 .debug_abbrev  0x0000253a      0x30d build/obj/atmel_adc.o
 .debug_abbrev  0x00002847      0x1f2 build/obj/pio.o
 .debug_abbrev  0x00002a39      0x15c build/obj/pmc.o
 .debug_abbrev  0x00002b95      0x168 build/obj/board.o
 .debug_abbrev  0x00002cfd      0x238 build/obj/syscalls.o
 .debug_abbrev  0x00002f35      0x192 build/obj/chprintf.o
 .debug_abbrev  0x000030c7      0x2b3 build/obj/main.o

.debug_loc      0x00000000     0x398f
 .debug_loc     0x00000000       0xba build/obj/crt0.o
 .debug_loc     0x000000ba       0x5a build/obj/chcore_v7m.o
 .debug_loc     0x00000114      0x158 build/obj/nvic.o
 .debug_loc     0x0000026c       0x31 build/obj/chsys.o
 .debug_loc     0x0000029d       0xd9 build/obj/chvt.o
 .debug_loc     0x00000376      0x2a4 build/obj/chschd.o
 .debug_loc     0x0000061a      0x423 build/obj/chthreads.o
 .debug_loc     0x00000a3d      0x41a build/obj/chmtx.o
 .debug_loc     0x00000e57      0x591 build/obj/chevents.o
 .debug_loc     0x000013e8      0x4f5 build/obj/chqueues.o
 .debug_loc     0x000018dd       0xb0 build/obj/chmemcore.o
 .debug_loc     0x0000198d      0x3a1 build/obj/chheap.o
 .debug_loc     0x00001d2e      0x4e0 build/obj/serial.o
 .debug_loc     0x0000220e       0x42 build/obj/pal_lld.o
 .debug_loc     0x00002250      0x299 build/obj/serial_lld.o
 .debug_loc     0x000024e9      0x5ac build/obj/atmel_adc.o
 .debug_loc     0x00002a95      0x39a build/obj/pio.o
 .debug_loc     0x00002e2f      0x269 build/obj/pmc.o
 .debug_loc     0x00003098      0x1a4 build/obj/syscalls.o
 .debug_loc     0x0000323c      0x6f7 build/obj/chprintf.o
 .debug_loc     0x00003933       0x5c build/obj/main.o

.debug_aranges  0x00000000      0x788
 .debug_aranges
                0x00000000       0x38 build/obj/crt0.o
 .debug_aranges
                0x00000038       0x20 build/obj/vectors.o
 .debug_aranges
                0x00000058       0x50 build/obj/chcore_v7m.o
 .debug_aranges
                0x000000a8       0x30 build/obj/nvic.o
 .debug_aranges
                0x000000d8       0x30 build/obj/chsys.o
 .debug_aranges
                0x00000108       0x38 build/obj/chvt.o
 .debug_aranges
                0x00000140       0x58 build/obj/chschd.o
 .debug_aranges
                0x00000198       0x78 build/obj/chthreads.o
 .debug_aranges
                0x00000210       0x58 build/obj/chmtx.o
 .debug_aranges
                0x00000268       0x90 build/obj/chevents.o
 .debug_aranges
                0x000002f8       0x70 build/obj/chqueues.o
 .debug_aranges
                0x00000368       0x38 build/obj/chmemcore.o
 .debug_aranges
                0x000003a0       0x40 build/obj/chheap.o
 .debug_aranges
                0x000003e0       0x20 build/obj/hal.o
 .debug_aranges
                0x00000400       0x90 build/obj/serial.o
 .debug_aranges
                0x00000490       0x28 build/obj/hal_lld.o
 .debug_aranges
                0x000004b8       0x28 build/obj/system_SAM3.o
 .debug_aranges
                0x000004e0       0x28 build/obj/pal_lld.o
 .debug_aranges
                0x00000508       0x58 build/obj/serial_lld.o
 .debug_aranges
                0x00000560       0xa0 build/obj/atmel_adc.o
 .debug_aranges
                0x00000600       0x48 build/obj/pio.o
 .debug_aranges
                0x00000648       0x60 build/obj/pmc.o
 .debug_aranges
                0x000006a8       0x28 build/obj/board.o
 .debug_aranges
                0x000006d0       0x68 build/obj/syscalls.o
 .debug_aranges
                0x00000738       0x28 build/obj/chprintf.o
 .debug_aranges
                0x00000760       0x28 build/obj/main.o

.debug_ranges   0x00000000      0xae0
 .debug_ranges  0x00000000       0x58 build/obj/crt0.o
 .debug_ranges  0x00000058       0x10 build/obj/vectors.o
 .debug_ranges  0x00000068       0x58 build/obj/chcore_v7m.o
 .debug_ranges  0x000000c0       0x20 build/obj/nvic.o
 .debug_ranges  0x000000e0       0x38 build/obj/chsys.o
 .debug_ranges  0x00000118       0x28 build/obj/chvt.o
 .debug_ranges  0x00000140      0x110 build/obj/chschd.o
 .debug_ranges  0x00000250      0x130 build/obj/chthreads.o
 .debug_ranges  0x00000380      0x1a0 build/obj/chmtx.o
 .debug_ranges  0x00000520       0xe0 build/obj/chevents.o
 .debug_ranges  0x00000600       0xc0 build/obj/chqueues.o
 .debug_ranges  0x000006c0       0x28 build/obj/chmemcore.o
 .debug_ranges  0x000006e8       0x30 build/obj/chheap.o
 .debug_ranges  0x00000718       0x10 build/obj/hal.o
 .debug_ranges  0x00000728       0xc8 build/obj/serial.o
 .debug_ranges  0x000007f0       0x18 build/obj/hal_lld.o
 .debug_ranges  0x00000808       0x18 build/obj/system_SAM3.o
 .debug_ranges  0x00000820       0x18 build/obj/pal_lld.o
 .debug_ranges  0x00000838       0x78 build/obj/serial_lld.o
 .debug_ranges  0x000008b0       0x90 build/obj/atmel_adc.o
 .debug_ranges  0x00000940       0xb0 build/obj/pio.o
 .debug_ranges  0x000009f0       0x50 build/obj/pmc.o
 .debug_ranges  0x00000a40       0x18 build/obj/board.o
 .debug_ranges  0x00000a58       0x58 build/obj/syscalls.o
 .debug_ranges  0x00000ab0       0x18 build/obj/chprintf.o
 .debug_ranges  0x00000ac8       0x18 build/obj/main.o

.debug_line     0x00000000     0x5268
 .debug_line    0x00000000      0x191 build/obj/crt0.o
 .debug_line    0x00000191       0xa5 build/obj/vectors.o
 .debug_line    0x00000236      0x2dc build/obj/chcore_v7m.o
 .debug_line    0x00000512      0x172 build/obj/nvic.o
 .debug_line    0x00000684      0x2ea build/obj/chsys.o
 .debug_line    0x0000096e      0x252 build/obj/chvt.o
 .debug_line    0x00000bc0      0x3bc build/obj/chschd.o
 .debug_line    0x00000f7c      0x489 build/obj/chthreads.o
 .debug_line    0x00001405      0x420 build/obj/chmtx.o
 .debug_line    0x00001825      0x3c3 build/obj/chevents.o
 .debug_line    0x00001be8      0x445 build/obj/chqueues.o
 .debug_line    0x0000202d      0x1cc build/obj/chmemcore.o
 .debug_line    0x000021f9      0x364 build/obj/chheap.o
 .debug_line    0x0000255d      0x27a build/obj/hal.o
 .debug_line    0x000027d7      0x54e build/obj/serial.o
 .debug_line    0x00002d25      0x1d5 build/obj/hal_lld.o
 .debug_line    0x00002efa      0x248 build/obj/system_SAM3.o
 .debug_line    0x00003142      0x275 build/obj/pal_lld.o
 .debug_line    0x000033b7      0x58d build/obj/serial_lld.o
 .debug_line    0x00003944      0x5ff build/obj/atmel_adc.o
 .debug_line    0x00003f43      0x2a1 build/obj/pio.o
 .debug_line    0x000041e4      0x359 build/obj/pmc.o
 .debug_line    0x0000453d      0x289 build/obj/board.o
 .debug_line    0x000047c6      0x261 build/obj/syscalls.o
 .debug_line    0x00004a27      0x368 build/obj/chprintf.o
 .debug_line    0x00004d8f      0x4d9 build/obj/main.o

.debug_str      0x00000000     0x29d8
 .debug_str     0x00000000      0x2d2 build/obj/crt0.o
                                0x322 (size before relaxing)
 .debug_str     0x000002d2       0x8b build/obj/vectors.o
                                0x202 (size before relaxing)
 .debug_str     0x0000035d      0x32e build/obj/chcore_v7m.o
                                0x4d3 (size before relaxing)
 .debug_str     0x0000068b       0xdd build/obj/nvic.o
                                0x2ed (size before relaxing)
 .debug_str     0x00000768      0x14e build/obj/chsys.o
                                0x4be (size before relaxing)
 .debug_str     0x000008b6       0x8b build/obj/chvt.o
                                0x29c (size before relaxing)
 .debug_str     0x00000941       0xe5 build/obj/chschd.o
                                0x4ab (size before relaxing)
 .debug_str     0x00000a26      0x112 build/obj/chthreads.o
                                0x545 (size before relaxing)
 .debug_str     0x00000b38       0xc9 build/obj/chmtx.o
                                0x465 (size before relaxing)
 .debug_str     0x00000c01      0x1b8 build/obj/chevents.o
                                0x543 (size before relaxing)
 .debug_str     0x00000db9      0x15e build/obj/chqueues.o
                                0x4e4 (size before relaxing)
 .debug_str     0x00000f17       0xaf build/obj/chmemcore.o
                                0x263 (size before relaxing)
 .debug_str     0x00000fc6       0xec build/obj/chheap.o
                                0x444 (size before relaxing)
 .debug_str     0x000010b2       0xe8 build/obj/hal.o
                                0x273 (size before relaxing)
 .debug_str     0x0000119a      0x2ac build/obj/serial.o
                                0x72f (size before relaxing)
 .debug_str     0x00001446       0xcc build/obj/hal_lld.o
                                0x28e (size before relaxing)
 .debug_str     0x00001512      0x215 build/obj/system_SAM3.o
                                0x3f5 (size before relaxing)
 .debug_str     0x00001727      0x32b build/obj/pal_lld.o
                                0x66f (size before relaxing)
 .debug_str     0x00001a52      0x283 build/obj/serial_lld.o
                                0xc77 (size before relaxing)
 .debug_str     0x00001cd5      0x3a1 build/obj/atmel_adc.o
                                0xa25 (size before relaxing)
 .debug_str     0x00002076      0x181 build/obj/pio.o
                                0x60a (size before relaxing)
 .debug_str     0x000021f7      0x152 build/obj/pmc.o
                                0x46a (size before relaxing)
 .debug_str     0x00002349       0x63 build/obj/board.o
                                0x5a4 (size before relaxing)
 .debug_str     0x000023ac      0x515 build/obj/syscalls.o
                                0x6f9 (size before relaxing)
 .debug_str     0x000028c1       0xf7 build/obj/chprintf.o
                                0x32b (size before relaxing)
 .debug_str     0x000029b8       0x20 build/obj/main.o
                                0xaa5 (size before relaxing)

.comment        0x00000000       0x70
 .comment       0x00000000       0x70 build/obj/crt0.o
                                 0x71 (size before relaxing)
 .comment       0x00000000       0x71 build/obj/vectors.o
 .comment       0x00000000       0x71 build/obj/chcore_v7m.o
 .comment       0x00000000       0x71 build/obj/nvic.o
 .comment       0x00000000       0x71 build/obj/chsys.o
 .comment       0x00000000       0x71 build/obj/chvt.o
 .comment       0x00000000       0x71 build/obj/chschd.o
 .comment       0x00000000       0x71 build/obj/chthreads.o
 .comment       0x00000000       0x71 build/obj/chmtx.o
 .comment       0x00000000       0x71 build/obj/chevents.o
 .comment       0x00000000       0x71 build/obj/chqueues.o
 .comment       0x00000000       0x71 build/obj/chmemcore.o
 .comment       0x00000000       0x71 build/obj/chheap.o
 .comment       0x00000000       0x71 build/obj/hal.o
 .comment       0x00000000       0x71 build/obj/serial.o
 .comment       0x00000000       0x71 build/obj/hal_lld.o
 .comment       0x00000000       0x71 build/obj/system_SAM3.o
 .comment       0x00000000       0x71 build/obj/pal_lld.o
 .comment       0x00000000       0x71 build/obj/serial_lld.o
 .comment       0x00000000       0x71 build/obj/atmel_adc.o
 .comment       0x00000000       0x71 build/obj/pio.o
 .comment       0x00000000       0x71 build/obj/pmc.o
 .comment       0x00000000       0x71 build/obj/board.o
 .comment       0x00000000       0x71 build/obj/syscalls.o
 .comment       0x00000000       0x71 build/obj/chprintf.o
 .comment       0x00000000       0x71 build/obj/main.o

.ARM.attributes
                0x00000000       0x31
 .ARM.attributes
                0x00000000       0x33 build/obj/crt0.o
 .ARM.attributes
                0x00000033       0x33 build/obj/vectors.o
 .ARM.attributes
                0x00000066       0x33 build/obj/chcore_v7m.o
 .ARM.attributes
                0x00000099       0x33 build/obj/nvic.o
 .ARM.attributes
                0x000000cc       0x33 build/obj/chsys.o
 .ARM.attributes
                0x000000ff       0x33 build/obj/chvt.o
 .ARM.attributes
                0x00000132       0x33 build/obj/chschd.o
 .ARM.attributes
                0x00000165       0x33 build/obj/chthreads.o
 .ARM.attributes
                0x00000198       0x33 build/obj/chmtx.o
 .ARM.attributes
                0x000001cb       0x33 build/obj/chevents.o
 .ARM.attributes
                0x000001fe       0x33 build/obj/chqueues.o
 .ARM.attributes
                0x00000231       0x33 build/obj/chmemcore.o
 .ARM.attributes
                0x00000264       0x33 build/obj/chheap.o
 .ARM.attributes
                0x00000297       0x33 build/obj/hal.o
 .ARM.attributes
                0x000002ca       0x33 build/obj/serial.o
 .ARM.attributes
                0x000002fd       0x33 build/obj/hal_lld.o
 .ARM.attributes
                0x00000330       0x33 build/obj/system_SAM3.o
 .ARM.attributes
                0x00000363       0x33 build/obj/pal_lld.o
 .ARM.attributes
                0x00000396       0x33 build/obj/serial_lld.o
 .ARM.attributes
                0x000003c9       0x33 build/obj/atmel_adc.o
 .ARM.attributes
                0x000003fc       0x33 build/obj/pio.o
 .ARM.attributes
                0x0000042f       0x33 build/obj/pmc.o
 .ARM.attributes
                0x00000462       0x33 build/obj/board.o
 .ARM.attributes
                0x00000495       0x33 build/obj/syscalls.o
 .ARM.attributes
                0x000004c8       0x33 build/obj/chprintf.o
 .ARM.attributes
                0x000004fb       0x33 build/obj/main.o
 .ARM.attributes
                0x0000052e       0x2d /opt/gcc-arm-none-eabi-4_9-2015q3/bin/../lib/gcc/arm-none-eabi/4.9.3/../../../../arm-none-eabi/lib/armv7-m/libc.a(lib_a-assert.o)
 .ARM.attributes
                0x0000055b       0x2d /opt/gcc-arm-none-eabi-4_9-2015q3/bin/../lib/gcc/arm-none-eabi/4.9.3/../../../../arm-none-eabi/lib/armv7-m/libc.a(lib_a-fiprintf.o)
 .ARM.attributes
                0x00000588       0x2d /opt/gcc-arm-none-eabi-4_9-2015q3/bin/../lib/gcc/arm-none-eabi/4.9.3/../../../../arm-none-eabi/lib/armv7-m/libc.a(lib_a-impure.o)
 .ARM.attributes
                0x000005b5       0x2d /opt/gcc-arm-none-eabi-4_9-2015q3/bin/../lib/gcc/arm-none-eabi/4.9.3/../../../../arm-none-eabi/lib/armv7-m/libc.a(lib_a-memset.o)
 .ARM.attributes
                0x000005e2       0x2d /opt/gcc-arm-none-eabi-4_9-2015q3/bin/../lib/gcc/arm-none-eabi/4.9.3/../../../../arm-none-eabi/lib/armv7-m/libc.a(lib_a-vfiprintf.o)
 .ARM.attributes
                0x0000060f       0x2d /opt/gcc-arm-none-eabi-4_9-2015q3/bin/../lib/gcc/arm-none-eabi/4.9.3/../../../../arm-none-eabi/lib/armv7-m/libc.a(lib_a-wsetup.o)
 .ARM.attributes
                0x0000063c       0x2d /opt/gcc-arm-none-eabi-4_9-2015q3/bin/../lib/gcc/arm-none-eabi/4.9.3/../../../../arm-none-eabi/lib/armv7-m/libc.a(lib_a-abort.o)
 .ARM.attributes
                0x00000669       0x2d /opt/gcc-arm-none-eabi-4_9-2015q3/bin/../lib/gcc/arm-none-eabi/4.9.3/../../../../arm-none-eabi/lib/armv7-m/libc.a(lib_a-fflush.o)
 .ARM.attributes
                0x00000696       0x2d /opt/gcc-arm-none-eabi-4_9-2015q3/bin/../lib/gcc/arm-none-eabi/4.9.3/../../../../arm-none-eabi/lib/armv7-m/libc.a(lib_a-findfp.o)
 .ARM.attributes
                0x000006c3       0x2d /opt/gcc-arm-none-eabi-4_9-2015q3/bin/../lib/gcc/arm-none-eabi/4.9.3/../../../../arm-none-eabi/lib/armv7-m/libc.a(lib_a-fputwc.o)
 .ARM.attributes
                0x000006f0       0x2d /opt/gcc-arm-none-eabi-4_9-2015q3/bin/../lib/gcc/arm-none-eabi/4.9.3/../../../../arm-none-eabi/lib/armv7-m/libc.a(lib_a-freer.o)
 .ARM.attributes
                0x0000071d       0x2d /opt/gcc-arm-none-eabi-4_9-2015q3/bin/../lib/gcc/arm-none-eabi/4.9.3/../../../../arm-none-eabi/lib/armv7-m/libc.a(lib_a-fvwrite.o)
 .ARM.attributes
                0x0000074a       0x2d /opt/gcc-arm-none-eabi-4_9-2015q3/bin/../lib/gcc/arm-none-eabi/4.9.3/../../../../arm-none-eabi/lib/armv7-m/libc.a(lib_a-fwalk.o)
 .ARM.attributes
                0x00000777       0x2d /opt/gcc-arm-none-eabi-4_9-2015q3/bin/../lib/gcc/arm-none-eabi/4.9.3/../../../../arm-none-eabi/lib/armv7-m/libc.a(lib_a-locale.o)
 .ARM.attributes
                0x000007a4       0x2d /opt/gcc-arm-none-eabi-4_9-2015q3/bin/../lib/gcc/arm-none-eabi/4.9.3/../../../../arm-none-eabi/lib/armv7-m/libc.a(lib_a-makebuf.o)
 .ARM.attributes
                0x000007d1       0x2d /opt/gcc-arm-none-eabi-4_9-2015q3/bin/../lib/gcc/arm-none-eabi/4.9.3/../../../../arm-none-eabi/lib/armv7-m/libc.a(lib_a-mallocr.o)
 .ARM.attributes
                0x000007fe       0x2d /opt/gcc-arm-none-eabi-4_9-2015q3/bin/../lib/gcc/arm-none-eabi/4.9.3/../../../../arm-none-eabi/lib/armv7-m/libc.a(lib_a-memchr.o)
 .ARM.attributes
                0x0000082b       0x1b /opt/gcc-arm-none-eabi-4_9-2015q3/bin/../lib/gcc/arm-none-eabi/4.9.3/../../../../arm-none-eabi/lib/armv7-m/libc.a(lib_a-memcpy.o)
 .ARM.attributes
                0x00000846       0x2d /opt/gcc-arm-none-eabi-4_9-2015q3/bin/../lib/gcc/arm-none-eabi/4.9.3/../../../../arm-none-eabi/lib/armv7-m/libc.a(lib_a-memmove.o)
 .ARM.attributes
                0x00000873       0x2d /opt/gcc-arm-none-eabi-4_9-2015q3/bin/../lib/gcc/arm-none-eabi/4.9.3/../../../../arm-none-eabi/lib/armv7-m/libc.a(lib_a-mlock.o)
 .ARM.attributes
                0x000008a0       0x2d /opt/gcc-arm-none-eabi-4_9-2015q3/bin/../lib/gcc/arm-none-eabi/4.9.3/../../../../arm-none-eabi/lib/armv7-m/libc.a(lib_a-reallocr.o)
 .ARM.attributes
                0x000008cd       0x2d /opt/gcc-arm-none-eabi-4_9-2015q3/bin/../lib/gcc/arm-none-eabi/4.9.3/../../../../arm-none-eabi/lib/armv7-m/libc.a(lib_a-signal.o)
 .ARM.attributes
                0x000008fa       0x2d /opt/gcc-arm-none-eabi-4_9-2015q3/bin/../lib/gcc/arm-none-eabi/4.9.3/../../../../arm-none-eabi/lib/armv7-m/libc.a(lib_a-signalr.o)
 .ARM.attributes
                0x00000927       0x2d /opt/gcc-arm-none-eabi-4_9-2015q3/bin/../lib/gcc/arm-none-eabi/4.9.3/../../../../arm-none-eabi/lib/armv7-m/libc.a(lib_a-stdio.o)
 .ARM.attributes
                0x00000954       0x2d /opt/gcc-arm-none-eabi-4_9-2015q3/bin/../lib/gcc/arm-none-eabi/4.9.3/../../../../arm-none-eabi/lib/armv7-m/libc.a(lib_a-strlen.o)
 .ARM.attributes
                0x00000981       0x2d /opt/gcc-arm-none-eabi-4_9-2015q3/bin/../lib/gcc/arm-none-eabi/4.9.3/../../../../arm-none-eabi/lib/armv7-m/libc.a(lib_a-wbuf.o)
 .ARM.attributes
                0x000009ae       0x2d /opt/gcc-arm-none-eabi-4_9-2015q3/bin/../lib/gcc/arm-none-eabi/4.9.3/../../../../arm-none-eabi/lib/armv7-m/libc.a(lib_a-wcrtomb.o)
 .ARM.attributes
                0x000009db       0x2d /opt/gcc-arm-none-eabi-4_9-2015q3/bin/../lib/gcc/arm-none-eabi/4.9.3/../../../../arm-none-eabi/lib/armv7-m/libc.a(lib_a-wctomb_r.o)
 .ARM.attributes
                0x00000a08       0x2d /opt/gcc-arm-none-eabi-4_9-2015q3/bin/../lib/gcc/arm-none-eabi/4.9.3/../../../../arm-none-eabi/lib/armv7-m/libc.a(lib_a-fclose.o)
 .ARM.attributes
                0x00000a35       0x2d /opt/gcc-arm-none-eabi-4_9-2015q3/bin/../lib/gcc/arm-none-eabi/4.9.3/../../../../arm-none-eabi/lib/armv7-m/libc.a(lib_a-reent.o)
 .ARM.attributes
                0x00000a62       0x1d /opt/gcc-arm-none-eabi-4_9-2015q3/bin/../lib/gcc/arm-none-eabi/4.9.3/armv7-m/libgcc.a(_aeabi_uldivmod.o)
 .ARM.attributes
                0x00000a7f       0x2d /opt/gcc-arm-none-eabi-4_9-2015q3/bin/../lib/gcc/arm-none-eabi/4.9.3/armv7-m/libgcc.a(bpabi.o)
 .ARM.attributes
                0x00000aac       0x1d /opt/gcc-arm-none-eabi-4_9-2015q3/bin/../lib/gcc/arm-none-eabi/4.9.3/armv7-m/libgcc.a(_dvmd_tls.o)
 .ARM.attributes
                0x00000ac9       0x2d /opt/gcc-arm-none-eabi-4_9-2015q3/bin/../lib/gcc/arm-none-eabi/4.9.3/armv7-m/libgcc.a(_divdi3.o)
 .ARM.attributes
                0x00000af6       0x2d /opt/gcc-arm-none-eabi-4_9-2015q3/bin/../lib/gcc/arm-none-eabi/4.9.3/armv7-m/libgcc.a(_udivdi3.o)

.debug_frame    0x00000000     0x1e74
 .debug_frame   0x00000000       0x50 build/obj/crt0.o
 .debug_frame   0x00000050       0x20 build/obj/vectors.o
 .debug_frame   0x00000070       0xa0 build/obj/chcore_v7m.o
 .debug_frame   0x00000110       0x74 build/obj/nvic.o
 .debug_frame   0x00000184       0x5c build/obj/chsys.o
 .debug_frame   0x000001e0       0x5c build/obj/chvt.o
 .debug_frame   0x0000023c      0x128 build/obj/chschd.o
 .debug_frame   0x00000364      0x18c build/obj/chthreads.o
 .debug_frame   0x000004f0       0xf4 build/obj/chmtx.o
 .debug_frame   0x000005e4      0x1c4 build/obj/chevents.o
 .debug_frame   0x000007a8      0x188 build/obj/chqueues.o
 .debug_frame   0x00000930       0x68 build/obj/chmemcore.o
 .debug_frame   0x00000998       0xb4 build/obj/chheap.o
 .debug_frame   0x00000a4c       0x30 build/obj/hal.o
 .debug_frame   0x00000a7c      0x160 build/obj/serial.o
 .debug_frame   0x00000bdc       0x3c build/obj/hal_lld.o
 .debug_frame   0x00000c18       0x58 build/obj/system_SAM3.o
 .debug_frame   0x00000c70       0x48 build/obj/pal_lld.o
 .debug_frame   0x00000cb8      0x108 build/obj/serial_lld.o
 .debug_frame   0x00000dc0      0x18c build/obj/atmel_adc.o
 .debug_frame   0x00000f4c       0x80 build/obj/pio.o
 .debug_frame   0x00000fcc      0x108 build/obj/pmc.o
 .debug_frame   0x000010d4       0x40 build/obj/board.o
 .debug_frame   0x00001114       0xc8 build/obj/syscalls.o
 .debug_frame   0x000011dc       0x9c build/obj/chprintf.o
 .debug_frame   0x00001278       0x4c build/obj/main.o
 .debug_frame   0x000012c4       0x40 /opt/gcc-arm-none-eabi-4_9-2015q3/bin/../lib/gcc/arm-none-eabi/4.9.3/../../../../arm-none-eabi/lib/armv7-m/libc.a(lib_a-assert.o)
 .debug_frame   0x00001304       0x74 /opt/gcc-arm-none-eabi-4_9-2015q3/bin/../lib/gcc/arm-none-eabi/4.9.3/../../../../arm-none-eabi/lib/armv7-m/libc.a(lib_a-fiprintf.o)
 .debug_frame   0x00001378       0x34 /opt/gcc-arm-none-eabi-4_9-2015q3/bin/../lib/gcc/arm-none-eabi/4.9.3/../../../../arm-none-eabi/lib/armv7-m/libc.a(lib_a-memset.o)
 .debug_frame   0x000013ac       0xd8 /opt/gcc-arm-none-eabi-4_9-2015q3/bin/../lib/gcc/arm-none-eabi/4.9.3/../../../../arm-none-eabi/lib/armv7-m/libc.a(lib_a-vfiprintf.o)
 .debug_frame   0x00001484       0x2c /opt/gcc-arm-none-eabi-4_9-2015q3/bin/../lib/gcc/arm-none-eabi/4.9.3/../../../../arm-none-eabi/lib/armv7-m/libc.a(lib_a-wsetup.o)
 .debug_frame   0x000014b0       0x28 /opt/gcc-arm-none-eabi-4_9-2015q3/bin/../lib/gcc/arm-none-eabi/4.9.3/../../../../arm-none-eabi/lib/armv7-m/libc.a(lib_a-abort.o)
 .debug_frame   0x000014d8       0x6c /opt/gcc-arm-none-eabi-4_9-2015q3/bin/../lib/gcc/arm-none-eabi/4.9.3/../../../../arm-none-eabi/lib/armv7-m/libc.a(lib_a-fflush.o)
 .debug_frame   0x00001544      0x124 /opt/gcc-arm-none-eabi-4_9-2015q3/bin/../lib/gcc/arm-none-eabi/4.9.3/../../../../arm-none-eabi/lib/armv7-m/libc.a(lib_a-findfp.o)
 .debug_frame   0x00001668       0x84 /opt/gcc-arm-none-eabi-4_9-2015q3/bin/../lib/gcc/arm-none-eabi/4.9.3/../../../../arm-none-eabi/lib/armv7-m/libc.a(lib_a-fputwc.o)
 .debug_frame   0x000016ec       0x74 /opt/gcc-arm-none-eabi-4_9-2015q3/bin/../lib/gcc/arm-none-eabi/4.9.3/../../../../arm-none-eabi/lib/armv7-m/libc.a(lib_a-freer.o)
 .debug_frame   0x00001760       0x68 /opt/gcc-arm-none-eabi-4_9-2015q3/bin/../lib/gcc/arm-none-eabi/4.9.3/../../../../arm-none-eabi/lib/armv7-m/libc.a(lib_a-fvwrite.o)
 .debug_frame   0x000017c8       0x54 /opt/gcc-arm-none-eabi-4_9-2015q3/bin/../lib/gcc/arm-none-eabi/4.9.3/../../../../arm-none-eabi/lib/armv7-m/libc.a(lib_a-fwalk.o)
 .debug_frame   0x0000181c       0x9c /opt/gcc-arm-none-eabi-4_9-2015q3/bin/../lib/gcc/arm-none-eabi/4.9.3/../../../../arm-none-eabi/lib/armv7-m/libc.a(lib_a-locale.o)
 .debug_frame   0x000018b8       0x48 /opt/gcc-arm-none-eabi-4_9-2015q3/bin/../lib/gcc/arm-none-eabi/4.9.3/../../../../arm-none-eabi/lib/armv7-m/libc.a(lib_a-makebuf.o)
 .debug_frame   0x00001900       0x54 /opt/gcc-arm-none-eabi-4_9-2015q3/bin/../lib/gcc/arm-none-eabi/4.9.3/../../../../arm-none-eabi/lib/armv7-m/libc.a(lib_a-mallocr.o)
 .debug_frame   0x00001954       0x3c /opt/gcc-arm-none-eabi-4_9-2015q3/bin/../lib/gcc/arm-none-eabi/4.9.3/../../../../arm-none-eabi/lib/armv7-m/libc.a(lib_a-memchr.o)
 .debug_frame   0x00001990       0x30 /opt/gcc-arm-none-eabi-4_9-2015q3/bin/../lib/gcc/arm-none-eabi/4.9.3/../../../../arm-none-eabi/lib/armv7-m/libc.a(lib_a-memmove.o)
 .debug_frame   0x000019c0       0x30 /opt/gcc-arm-none-eabi-4_9-2015q3/bin/../lib/gcc/arm-none-eabi/4.9.3/../../../../arm-none-eabi/lib/armv7-m/libc.a(lib_a-mlock.o)
 .debug_frame   0x000019f0       0x58 /opt/gcc-arm-none-eabi-4_9-2015q3/bin/../lib/gcc/arm-none-eabi/4.9.3/../../../../arm-none-eabi/lib/armv7-m/libc.a(lib_a-reallocr.o)
 .debug_frame   0x00001a48       0xe4 /opt/gcc-arm-none-eabi-4_9-2015q3/bin/../lib/gcc/arm-none-eabi/4.9.3/../../../../arm-none-eabi/lib/armv7-m/libc.a(lib_a-signal.o)
 .debug_frame   0x00001b2c       0x3c /opt/gcc-arm-none-eabi-4_9-2015q3/bin/../lib/gcc/arm-none-eabi/4.9.3/../../../../arm-none-eabi/lib/armv7-m/libc.a(lib_a-signalr.o)
 .debug_frame   0x00001b68       0x88 /opt/gcc-arm-none-eabi-4_9-2015q3/bin/../lib/gcc/arm-none-eabi/4.9.3/../../../../arm-none-eabi/lib/armv7-m/libc.a(lib_a-stdio.o)
 .debug_frame   0x00001bf0       0x20 /opt/gcc-arm-none-eabi-4_9-2015q3/bin/../lib/gcc/arm-none-eabi/4.9.3/../../../../arm-none-eabi/lib/armv7-m/libc.a(lib_a-strlen.o)
 .debug_frame   0x00001c10       0x3c /opt/gcc-arm-none-eabi-4_9-2015q3/bin/../lib/gcc/arm-none-eabi/4.9.3/../../../../arm-none-eabi/lib/armv7-m/libc.a(lib_a-wbuf.o)
 .debug_frame   0x00001c4c       0x60 /opt/gcc-arm-none-eabi-4_9-2015q3/bin/../lib/gcc/arm-none-eabi/4.9.3/../../../../arm-none-eabi/lib/armv7-m/libc.a(lib_a-wcrtomb.o)
 .debug_frame   0x00001cac       0x48 /opt/gcc-arm-none-eabi-4_9-2015q3/bin/../lib/gcc/arm-none-eabi/4.9.3/../../../../arm-none-eabi/lib/armv7-m/libc.a(lib_a-wctomb_r.o)
 .debug_frame   0x00001cf4       0x44 /opt/gcc-arm-none-eabi-4_9-2015q3/bin/../lib/gcc/arm-none-eabi/4.9.3/../../../../arm-none-eabi/lib/armv7-m/libc.a(lib_a-fclose.o)
 .debug_frame   0x00001d38       0x58 /opt/gcc-arm-none-eabi-4_9-2015q3/bin/../lib/gcc/arm-none-eabi/4.9.3/../../../../arm-none-eabi/lib/armv7-m/libc.a(lib_a-reent.o)
 .debug_frame   0x00001d90       0x28 /opt/gcc-arm-none-eabi-4_9-2015q3/bin/../lib/gcc/arm-none-eabi/4.9.3/armv7-m/libgcc.a(_aeabi_uldivmod.o)
 .debug_frame   0x00001db8       0x54 /opt/gcc-arm-none-eabi-4_9-2015q3/bin/../lib/gcc/arm-none-eabi/4.9.3/armv7-m/libgcc.a(bpabi.o)
 .debug_frame   0x00001e0c       0x34 /opt/gcc-arm-none-eabi-4_9-2015q3/bin/../lib/gcc/arm-none-eabi/4.9.3/armv7-m/libgcc.a(_divdi3.o)
 .debug_frame   0x00001e40       0x34 /opt/gcc-arm-none-eabi-4_9-2015q3/bin/../lib/gcc/arm-none-eabi/4.9.3/armv7-m/libgcc.a(_udivdi3.o)

Cross Reference Table

Symbol                                            File
ADC_CfgChannelMode                                build/obj/atmel_adc.o
ADC_CfgLowRes                                     build/obj/atmel_adc.o
ADC_CfgPowerSave                                  build/obj/atmel_adc.o
ADC_CfgTiming                                     build/obj/atmel_adc.o
ADC_CfgTrigering                                  build/obj/atmel_adc.o
ADC_GetConvertedData                              build/obj/atmel_adc.o
ADC_Initialize                                    build/obj/atmel_adc.o
                                                  build/obj/main.o
ADC_IsChannelInterruptStatusSet                   build/obj/atmel_adc.o
ADC_IsInterruptMasked                             build/obj/atmel_adc.o
ADC_IsStatusSet                                   build/obj/atmel_adc.o
ADC_ReadBuffer                                    build/obj/atmel_adc.o
ADC_SetCompareChannel                             build/obj/atmel_adc.o
ADC_SetCompareMode                                build/obj/atmel_adc.o
ADC_SetComparisonWindow                           build/obj/atmel_adc.o
ADC_cfgFrequency                                  build/obj/atmel_adc.o
                                                  build/obj/main.o
ADC_check                                         build/obj/atmel_adc.o
                                                  build/obj/main.o
BusFaultVector                                    build/obj/vectors.o
ConfigurePck                                      build/obj/pmc.o
                                                  build/obj/main.o
DebugMonitorVector                                build/obj/vectors.o
HardFaultVector                                   build/obj/vectors.o
MemManageVector                                   build/obj/vectors.o
NMIVector                                         build/obj/vectors.o
PIO_Clear                                         build/obj/pio.o
PIO_Configure                                     build/obj/pio.o
                                                  build/obj/main.o
PIO_Get                                           build/obj/pio.o
PIO_GetOutputDataStatus                           build/obj/pio.o
PIO_Set                                           build/obj/pio.o
PIO_SetDebounceFilter                             build/obj/pio.o
PMC_DisableAllPeripherals                         build/obj/pmc.o
PMC_DisablePeripheral                             build/obj/pmc.o
PMC_EnableAllPeripherals                          build/obj/pmc.o
PMC_EnablePeripheral                              build/obj/pmc.o
                                                  build/obj/pio.o
PMC_IsPeriphEnabled                               build/obj/pmc.o
PendSVVector                                      build/obj/vectors.o
PmcConfigurePllClock                              build/obj/pmc.o
                                                  build/obj/main.o
PmcMainClockSwitchMainOsc                         build/obj/pmc.o
PmcMasterClockSelection                           build/obj/pmc.o
                                                  build/obj/main.o
ResetHandler                                      build/obj/crt0.o
                                                  build/obj/vectors.o
SD1                                               build/obj/serial_lld.o
SD2                                               build/obj/serial_lld.o
                                                  build/obj/main.o
                                                  build/obj/atmel_adc.o
SVCallVector                                      build/obj/chcore_v7m.o
                                                  build/obj/vectors.o
SysTickVector                                     build/obj/chcore_v7m.o
                                                  build/obj/vectors.o
SystemCoreClock                                   build/obj/system_SAM3.o
                                                  build/obj/serial_lld.o
                                                  build/obj/hal_lld.o
SystemCoreClockUpdate                             build/obj/system_SAM3.o
                                                  build/obj/serial_lld.o
                                                  build/obj/hal_lld.o
SystemInit                                        build/obj/system_SAM3.o
                                                  build/obj/hal_lld.o
TestThread                                        build/obj/test.o
UsageFaultVector                                  build/obj/vectors.o
Vector1C                                          build/obj/vectors.o
Vector20                                          build/obj/vectors.o
Vector24                                          build/obj/vectors.o
Vector28                                          build/obj/vectors.o
Vector34                                          build/obj/vectors.o
Vector40                                          build/obj/vectors.o
Vector44                                          build/obj/vectors.o
Vector48                                          build/obj/vectors.o
Vector4C                                          build/obj/vectors.o
Vector50                                          build/obj/vectors.o
Vector54                                          build/obj/vectors.o
Vector58                                          build/obj/vectors.o
Vector5C                                          build/obj/vectors.o
Vector60                                          build/obj/serial_lld.o
                                                  build/obj/vectors.o
Vector64                                          build/obj/serial_lld.o
                                                  build/obj/vectors.o
Vector68                                          build/obj/vectors.o
Vector6C                                          build/obj/vectors.o
Vector70                                          build/obj/vectors.o
Vector74                                          build/obj/vectors.o
Vector78                                          build/obj/vectors.o
Vector7C                                          build/obj/vectors.o
Vector80                                          build/obj/vectors.o
Vector84                                          build/obj/vectors.o
Vector88                                          build/obj/vectors.o
Vector8C                                          build/obj/vectors.o
Vector90                                          build/obj/vectors.o
Vector94                                          build/obj/vectors.o
Vector98                                          build/obj/vectors.o
Vector9C                                          build/obj/vectors.o
VectorA0                                          build/obj/vectors.o
VectorA4                                          build/obj/vectors.o
VectorA8                                          build/obj/vectors.o
VectorAC                                          build/obj/vectors.o
VectorB0                                          build/obj/vectors.o
VectorB4                                          build/obj/vectors.o
VectorB8                                          build/obj/vectors.o
VectorBC                                          build/obj/vectors.o
VectorC0                                          build/obj/vectors.o
VectorC4                                          build/obj/vectors.o
VectorC8                                          build/obj/vectors.o
VectorCC                                          build/obj/vectors.o
_PathLocale                                       /opt/gcc-arm-none-eabi-4_9-2015q3/bin/../lib/gcc/arm-none-eabi/4.9.3/../../../../arm-none-eabi/lib/armv7-m/libc.a(lib_a-locale.o)
__aeabi_idiv0                                     /opt/gcc-arm-none-eabi-4_9-2015q3/bin/../lib/gcc/arm-none-eabi/4.9.3/armv7-m/libgcc.a(_dvmd_tls.o)
__aeabi_ldiv0                                     /opt/gcc-arm-none-eabi-4_9-2015q3/bin/../lib/gcc/arm-none-eabi/4.9.3/armv7-m/libgcc.a(_dvmd_tls.o)
                                                  /opt/gcc-arm-none-eabi-4_9-2015q3/bin/../lib/gcc/arm-none-eabi/4.9.3/armv7-m/libgcc.a(_aeabi_uldivmod.o)
__aeabi_uldivmod                                  /opt/gcc-arm-none-eabi-4_9-2015q3/bin/../lib/gcc/arm-none-eabi/4.9.3/armv7-m/libgcc.a(_aeabi_uldivmod.o)
                                                  /opt/gcc-arm-none-eabi-4_9-2015q3/bin/../lib/gcc/arm-none-eabi/4.9.3/../../../../arm-none-eabi/lib/armv7-m/libc.a(lib_a-vfiprintf.o)
__ascii_wctomb                                    /opt/gcc-arm-none-eabi-4_9-2015q3/bin/../lib/gcc/arm-none-eabi/4.9.3/../../../../arm-none-eabi/lib/armv7-m/libc.a(lib_a-wctomb_r.o)
__assert                                          /opt/gcc-arm-none-eabi-4_9-2015q3/bin/../lib/gcc/arm-none-eabi/4.9.3/../../../../arm-none-eabi/lib/armv7-m/libc.a(lib_a-assert.o)
__assert_func                                     /opt/gcc-arm-none-eabi-4_9-2015q3/bin/../lib/gcc/arm-none-eabi/4.9.3/../../../../arm-none-eabi/lib/armv7-m/libc.a(lib_a-assert.o)
                                                  build/obj/pmc.o
                                                  build/obj/atmel_adc.o
__divdi3                                          /opt/gcc-arm-none-eabi-4_9-2015q3/bin/../lib/gcc/arm-none-eabi/4.9.3/armv7-m/libgcc.a(_divdi3.o)
                                                  /opt/gcc-arm-none-eabi-4_9-2015q3/bin/../lib/gcc/arm-none-eabi/4.9.3/armv7-m/libgcc.a(bpabi.o)
__early_init                                      build/obj/board.o
                                                  build/obj/crt0.o
__fini_array_end                                  build/obj/crt0.o
__fini_array_start                                build/obj/crt0.o
__fp_lock_all                                     /opt/gcc-arm-none-eabi-4_9-2015q3/bin/../lib/gcc/arm-none-eabi/4.9.3/../../../../arm-none-eabi/lib/armv7-m/libc.a(lib_a-findfp.o)
__fp_unlock_all                                   /opt/gcc-arm-none-eabi-4_9-2015q3/bin/../lib/gcc/arm-none-eabi/4.9.3/../../../../arm-none-eabi/lib/armv7-m/libc.a(lib_a-findfp.o)
__fputwc                                          /opt/gcc-arm-none-eabi-4_9-2015q3/bin/../lib/gcc/arm-none-eabi/4.9.3/../../../../arm-none-eabi/lib/armv7-m/libc.a(lib_a-fputwc.o)
__gnu_ldivmod_helper                              /opt/gcc-arm-none-eabi-4_9-2015q3/bin/../lib/gcc/arm-none-eabi/4.9.3/armv7-m/libgcc.a(bpabi.o)
__gnu_uldivmod_helper                             /opt/gcc-arm-none-eabi-4_9-2015q3/bin/../lib/gcc/arm-none-eabi/4.9.3/armv7-m/libgcc.a(bpabi.o)
                                                  /opt/gcc-arm-none-eabi-4_9-2015q3/bin/../lib/gcc/arm-none-eabi/4.9.3/armv7-m/libgcc.a(_aeabi_uldivmod.o)
__heap_base__                                     build/obj/chmemcore.o
__heap_end__                                      build/obj/chmemcore.o
__init_array_end                                  build/obj/crt0.o
__init_array_start                                build/obj/crt0.o
__late_init                                       build/obj/crt0.o
__locale_charset                                  /opt/gcc-arm-none-eabi-4_9-2015q3/bin/../lib/gcc/arm-none-eabi/4.9.3/../../../../arm-none-eabi/lib/armv7-m/libc.a(lib_a-locale.o)
                                                  /opt/gcc-arm-none-eabi-4_9-2015q3/bin/../lib/gcc/arm-none-eabi/4.9.3/../../../../arm-none-eabi/lib/armv7-m/libc.a(lib_a-wctomb_r.o)
                                                  /opt/gcc-arm-none-eabi-4_9-2015q3/bin/../lib/gcc/arm-none-eabi/4.9.3/../../../../arm-none-eabi/lib/armv7-m/libc.a(lib_a-wcrtomb.o)
__locale_cjk_lang                                 /opt/gcc-arm-none-eabi-4_9-2015q3/bin/../lib/gcc/arm-none-eabi/4.9.3/../../../../arm-none-eabi/lib/armv7-m/libc.a(lib_a-locale.o)
__locale_mb_cur_max                               /opt/gcc-arm-none-eabi-4_9-2015q3/bin/../lib/gcc/arm-none-eabi/4.9.3/../../../../arm-none-eabi/lib/armv7-m/libc.a(lib_a-locale.o)
                                                  /opt/gcc-arm-none-eabi-4_9-2015q3/bin/../lib/gcc/arm-none-eabi/4.9.3/../../../../arm-none-eabi/lib/armv7-m/libc.a(lib_a-fputwc.o)
__locale_msgcharset                               /opt/gcc-arm-none-eabi-4_9-2015q3/bin/../lib/gcc/arm-none-eabi/4.9.3/../../../../arm-none-eabi/lib/armv7-m/libc.a(lib_a-locale.o)
__main_stack_base__                               build/obj/crt0.o
__main_stack_end__                                build/obj/crt0.o
__malloc_av_                                      /opt/gcc-arm-none-eabi-4_9-2015q3/bin/../lib/gcc/arm-none-eabi/4.9.3/../../../../arm-none-eabi/lib/armv7-m/libc.a(lib_a-mallocr.o)
                                                  /opt/gcc-arm-none-eabi-4_9-2015q3/bin/../lib/gcc/arm-none-eabi/4.9.3/../../../../arm-none-eabi/lib/armv7-m/libc.a(lib_a-reallocr.o)
                                                  /opt/gcc-arm-none-eabi-4_9-2015q3/bin/../lib/gcc/arm-none-eabi/4.9.3/../../../../arm-none-eabi/lib/armv7-m/libc.a(lib_a-freer.o)
__malloc_current_mallinfo                         /opt/gcc-arm-none-eabi-4_9-2015q3/bin/../lib/gcc/arm-none-eabi/4.9.3/../../../../arm-none-eabi/lib/armv7-m/libc.a(lib_a-mallocr.o)
                                                  /opt/gcc-arm-none-eabi-4_9-2015q3/bin/../lib/gcc/arm-none-eabi/4.9.3/../../../../arm-none-eabi/lib/armv7-m/libc.a(lib_a-freer.o)
__malloc_lock                                     /opt/gcc-arm-none-eabi-4_9-2015q3/bin/../lib/gcc/arm-none-eabi/4.9.3/../../../../arm-none-eabi/lib/armv7-m/libc.a(lib_a-mlock.o)
                                                  /opt/gcc-arm-none-eabi-4_9-2015q3/bin/../lib/gcc/arm-none-eabi/4.9.3/../../../../arm-none-eabi/lib/armv7-m/libc.a(lib_a-reallocr.o)
                                                  /opt/gcc-arm-none-eabi-4_9-2015q3/bin/../lib/gcc/arm-none-eabi/4.9.3/../../../../arm-none-eabi/lib/armv7-m/libc.a(lib_a-mallocr.o)
                                                  /opt/gcc-arm-none-eabi-4_9-2015q3/bin/../lib/gcc/arm-none-eabi/4.9.3/../../../../arm-none-eabi/lib/armv7-m/libc.a(lib_a-freer.o)
__malloc_max_sbrked_mem                           /opt/gcc-arm-none-eabi-4_9-2015q3/bin/../lib/gcc/arm-none-eabi/4.9.3/../../../../arm-none-eabi/lib/armv7-m/libc.a(lib_a-mallocr.o)
__malloc_max_total_mem                            /opt/gcc-arm-none-eabi-4_9-2015q3/bin/../lib/gcc/arm-none-eabi/4.9.3/../../../../arm-none-eabi/lib/armv7-m/libc.a(lib_a-mallocr.o)
__malloc_sbrk_base                                /opt/gcc-arm-none-eabi-4_9-2015q3/bin/../lib/gcc/arm-none-eabi/4.9.3/../../../../arm-none-eabi/lib/armv7-m/libc.a(lib_a-mallocr.o)
                                                  /opt/gcc-arm-none-eabi-4_9-2015q3/bin/../lib/gcc/arm-none-eabi/4.9.3/../../../../arm-none-eabi/lib/armv7-m/libc.a(lib_a-freer.o)
__malloc_top_pad                                  /opt/gcc-arm-none-eabi-4_9-2015q3/bin/../lib/gcc/arm-none-eabi/4.9.3/../../../../arm-none-eabi/lib/armv7-m/libc.a(lib_a-mallocr.o)
                                                  /opt/gcc-arm-none-eabi-4_9-2015q3/bin/../lib/gcc/arm-none-eabi/4.9.3/../../../../arm-none-eabi/lib/armv7-m/libc.a(lib_a-freer.o)
__malloc_trim_threshold                           /opt/gcc-arm-none-eabi-4_9-2015q3/bin/../lib/gcc/arm-none-eabi/4.9.3/../../../../arm-none-eabi/lib/armv7-m/libc.a(lib_a-mallocr.o)
                                                  /opt/gcc-arm-none-eabi-4_9-2015q3/bin/../lib/gcc/arm-none-eabi/4.9.3/../../../../arm-none-eabi/lib/armv7-m/libc.a(lib_a-freer.o)
__malloc_unlock                                   /opt/gcc-arm-none-eabi-4_9-2015q3/bin/../lib/gcc/arm-none-eabi/4.9.3/../../../../arm-none-eabi/lib/armv7-m/libc.a(lib_a-mlock.o)
                                                  /opt/gcc-arm-none-eabi-4_9-2015q3/bin/../lib/gcc/arm-none-eabi/4.9.3/../../../../arm-none-eabi/lib/armv7-m/libc.a(lib_a-reallocr.o)
                                                  /opt/gcc-arm-none-eabi-4_9-2015q3/bin/../lib/gcc/arm-none-eabi/4.9.3/../../../../arm-none-eabi/lib/armv7-m/libc.a(lib_a-mallocr.o)
                                                  /opt/gcc-arm-none-eabi-4_9-2015q3/bin/../lib/gcc/arm-none-eabi/4.9.3/../../../../arm-none-eabi/lib/armv7-m/libc.a(lib_a-freer.o)
__mb_cur_max                                      /opt/gcc-arm-none-eabi-4_9-2015q3/bin/../lib/gcc/arm-none-eabi/4.9.3/../../../../arm-none-eabi/lib/armv7-m/libc.a(lib_a-locale.o)
__mlocale_changed                                 /opt/gcc-arm-none-eabi-4_9-2015q3/bin/../lib/gcc/arm-none-eabi/4.9.3/../../../../arm-none-eabi/lib/armv7-m/libc.a(lib_a-locale.o)
__nlocale_changed                                 /opt/gcc-arm-none-eabi-4_9-2015q3/bin/../lib/gcc/arm-none-eabi/4.9.3/../../../../arm-none-eabi/lib/armv7-m/libc.a(lib_a-locale.o)
__process_stack_base__                            build/obj/crt0.o
__process_stack_end__                             build/obj/crt0.o
__ram_end__                                       build/obj/vectors.o
__sclose                                          /opt/gcc-arm-none-eabi-4_9-2015q3/bin/../lib/gcc/arm-none-eabi/4.9.3/../../../../arm-none-eabi/lib/armv7-m/libc.a(lib_a-stdio.o)
                                                  /opt/gcc-arm-none-eabi-4_9-2015q3/bin/../lib/gcc/arm-none-eabi/4.9.3/../../../../arm-none-eabi/lib/armv7-m/libc.a(lib_a-findfp.o)
__seofread                                        /opt/gcc-arm-none-eabi-4_9-2015q3/bin/../lib/gcc/arm-none-eabi/4.9.3/../../../../arm-none-eabi/lib/armv7-m/libc.a(lib_a-stdio.o)
__sflush_r                                        /opt/gcc-arm-none-eabi-4_9-2015q3/bin/../lib/gcc/arm-none-eabi/4.9.3/../../../../arm-none-eabi/lib/armv7-m/libc.a(lib_a-fflush.o)
                                                  /opt/gcc-arm-none-eabi-4_9-2015q3/bin/../lib/gcc/arm-none-eabi/4.9.3/../../../../arm-none-eabi/lib/armv7-m/libc.a(lib_a-fclose.o)
__sfmoreglue                                      /opt/gcc-arm-none-eabi-4_9-2015q3/bin/../lib/gcc/arm-none-eabi/4.9.3/../../../../arm-none-eabi/lib/armv7-m/libc.a(lib_a-findfp.o)
__sfp                                             /opt/gcc-arm-none-eabi-4_9-2015q3/bin/../lib/gcc/arm-none-eabi/4.9.3/../../../../arm-none-eabi/lib/armv7-m/libc.a(lib_a-findfp.o)
__sfp_lock_acquire                                /opt/gcc-arm-none-eabi-4_9-2015q3/bin/../lib/gcc/arm-none-eabi/4.9.3/../../../../arm-none-eabi/lib/armv7-m/libc.a(lib_a-findfp.o)
                                                  /opt/gcc-arm-none-eabi-4_9-2015q3/bin/../lib/gcc/arm-none-eabi/4.9.3/../../../../arm-none-eabi/lib/armv7-m/libc.a(lib_a-fclose.o)
__sfp_lock_release                                /opt/gcc-arm-none-eabi-4_9-2015q3/bin/../lib/gcc/arm-none-eabi/4.9.3/../../../../arm-none-eabi/lib/armv7-m/libc.a(lib_a-findfp.o)
                                                  /opt/gcc-arm-none-eabi-4_9-2015q3/bin/../lib/gcc/arm-none-eabi/4.9.3/../../../../arm-none-eabi/lib/armv7-m/libc.a(lib_a-fclose.o)
__sfvwrite_r                                      /opt/gcc-arm-none-eabi-4_9-2015q3/bin/../lib/gcc/arm-none-eabi/4.9.3/../../../../arm-none-eabi/lib/armv7-m/libc.a(lib_a-fvwrite.o)
                                                  /opt/gcc-arm-none-eabi-4_9-2015q3/bin/../lib/gcc/arm-none-eabi/4.9.3/../../../../arm-none-eabi/lib/armv7-m/libc.a(lib_a-vfiprintf.o)
__sigtramp                                        /opt/gcc-arm-none-eabi-4_9-2015q3/bin/../lib/gcc/arm-none-eabi/4.9.3/../../../../arm-none-eabi/lib/armv7-m/libc.a(lib_a-signal.o)
__sigtramp_r                                      /opt/gcc-arm-none-eabi-4_9-2015q3/bin/../lib/gcc/arm-none-eabi/4.9.3/../../../../arm-none-eabi/lib/armv7-m/libc.a(lib_a-signal.o)
__sinit                                           /opt/gcc-arm-none-eabi-4_9-2015q3/bin/../lib/gcc/arm-none-eabi/4.9.3/../../../../arm-none-eabi/lib/armv7-m/libc.a(lib_a-findfp.o)
                                                  /opt/gcc-arm-none-eabi-4_9-2015q3/bin/../lib/gcc/arm-none-eabi/4.9.3/../../../../arm-none-eabi/lib/armv7-m/libc.a(lib_a-fclose.o)
                                                  /opt/gcc-arm-none-eabi-4_9-2015q3/bin/../lib/gcc/arm-none-eabi/4.9.3/../../../../arm-none-eabi/lib/armv7-m/libc.a(lib_a-wbuf.o)
                                                  /opt/gcc-arm-none-eabi-4_9-2015q3/bin/../lib/gcc/arm-none-eabi/4.9.3/../../../../arm-none-eabi/lib/armv7-m/libc.a(lib_a-fputwc.o)
                                                  /opt/gcc-arm-none-eabi-4_9-2015q3/bin/../lib/gcc/arm-none-eabi/4.9.3/../../../../arm-none-eabi/lib/armv7-m/libc.a(lib_a-fflush.o)
                                                  /opt/gcc-arm-none-eabi-4_9-2015q3/bin/../lib/gcc/arm-none-eabi/4.9.3/../../../../arm-none-eabi/lib/armv7-m/libc.a(lib_a-wsetup.o)
                                                  /opt/gcc-arm-none-eabi-4_9-2015q3/bin/../lib/gcc/arm-none-eabi/4.9.3/../../../../arm-none-eabi/lib/armv7-m/libc.a(lib_a-vfiprintf.o)
__sinit_lock_acquire                              /opt/gcc-arm-none-eabi-4_9-2015q3/bin/../lib/gcc/arm-none-eabi/4.9.3/../../../../arm-none-eabi/lib/armv7-m/libc.a(lib_a-findfp.o)
__sinit_lock_release                              /opt/gcc-arm-none-eabi-4_9-2015q3/bin/../lib/gcc/arm-none-eabi/4.9.3/../../../../arm-none-eabi/lib/armv7-m/libc.a(lib_a-findfp.o)
__smakebuf_r                                      /opt/gcc-arm-none-eabi-4_9-2015q3/bin/../lib/gcc/arm-none-eabi/4.9.3/../../../../arm-none-eabi/lib/armv7-m/libc.a(lib_a-makebuf.o)
                                                  /opt/gcc-arm-none-eabi-4_9-2015q3/bin/../lib/gcc/arm-none-eabi/4.9.3/../../../../arm-none-eabi/lib/armv7-m/libc.a(lib_a-wsetup.o)
__sprint_r                                        /opt/gcc-arm-none-eabi-4_9-2015q3/bin/../lib/gcc/arm-none-eabi/4.9.3/../../../../arm-none-eabi/lib/armv7-m/libc.a(lib_a-vfiprintf.o)
__sread                                           /opt/gcc-arm-none-eabi-4_9-2015q3/bin/../lib/gcc/arm-none-eabi/4.9.3/../../../../arm-none-eabi/lib/armv7-m/libc.a(lib_a-stdio.o)
                                                  /opt/gcc-arm-none-eabi-4_9-2015q3/bin/../lib/gcc/arm-none-eabi/4.9.3/../../../../arm-none-eabi/lib/armv7-m/libc.a(lib_a-findfp.o)
__sseek                                           /opt/gcc-arm-none-eabi-4_9-2015q3/bin/../lib/gcc/arm-none-eabi/4.9.3/../../../../arm-none-eabi/lib/armv7-m/libc.a(lib_a-stdio.o)
                                                  /opt/gcc-arm-none-eabi-4_9-2015q3/bin/../lib/gcc/arm-none-eabi/4.9.3/../../../../arm-none-eabi/lib/armv7-m/libc.a(lib_a-makebuf.o)